 NetLib

 Timestamp is 680d8081 (Sun Apr 27 08:55:29 2025)

 Preferred load address is 10000000

 Start         Length     Name                   Class
 0001:00000000 00000133H .text$di                CODE
 0001:00000140 0000a042H .text$mn                CODE
 0001:0000a190 000009adH .text$x                 CODE
 0001:0000ab40 0000016cH .text$yd                CODE
 0002:00000000 00000244H .idata$5                DATA
 0002:00000244 00000004H .00cfg                  DATA
 0002:00000248 00000004H .CRT$XCA                DATA
 0002:0000024c 00000004H .CRT$XCL                DATA
 0002:00000250 0000002cH .CRT$XCU                DATA
 0002:0000027c 00000004H .CRT$XCZ                DATA
 0002:00000280 00000004H .CRT$XIA                DATA
 0002:00000284 00000004H .CRT$XIC                DATA
 0002:00000288 00000004H .CRT$XIZ                DATA
 0002:0000028c 00000004H .CRT$XLA                DATA
 0002:00000290 00000004H .CRT$XLZ                DATA
 0002:00000294 00000004H .CRT$XPA                DATA
 0002:00000298 00000004H .CRT$XPZ                DATA
 0002:0000029c 00000004H .CRT$XTA                DATA
 0002:000002a0 00000004H .CRT$XTZ                DATA
 0002:000002a4 00000000H .gfids$x                DATA
 0002:000002b0 000007c4H .rdata                  DATA
 0002:00000a74 00000018H .rdata$T                DATA
 0002:00000a8c 00000995H .rdata$r                DATA
 0002:00001430 000000b4H .rdata$sxdata           DATA
 0002:000014e4 000003a4H .rdata$zzzdbg           DATA
 0002:00001888 00000004H .rtc$IAA                DATA
 0002:0000188c 00000004H .rtc$IZZ                DATA
 0002:00001890 00000004H .rtc$TAA                DATA
 0002:00001894 00000004H .rtc$TZZ                DATA
 0002:00001898 00000b1cH .xdata$x                DATA
 0002:000023b4 00000000H ATL$__a                 DATA
 0002:000023b4 00000000H ATL$__z                 DATA
 0002:000023c0 0000004dH .edata                  DATA
 0002:00002410 000000f0H .idata$2                DATA
 0002:00002500 00000014H .idata$3                DATA
 0002:00002514 00000244H .idata$4                DATA
 0002:00002758 00000976H .idata$6                DATA
 0003:00000000 00000018H .data                   DATA
 0003:00000018 00000474H .data$r                 DATA
 0003:00000490 00000574H .bss                    DATA
 0004:00000000 00000001H .tls                    DATA
 0004:00000004 00000004H .tls$                   DATA
 0004:00000008 00000001H .tls$ZZZ                DATA
 0005:00000000 000000a0H .rsrc$01                DATA
 0005:000000a0 00000310H .rsrc$02                DATA

  Address         Publics by Value              Rva+Base       Lib:Object

 0000:00000000       ___guard_fids_count        00000000     <absolute>
 0000:00000000       ___guard_fids_table        00000000     <absolute>
 0000:0000002c       __tls_array                0000002c     <absolute>
 0000:0000002d       ___safe_se_handler_count   0000002d     <absolute>
 0000:00000100       ___guard_flags             00000100     <absolute>
 0000:00000000       ___ImageBase               10000000     <linker-defined>
 0001:00000140       @_guard_check_icall_nop@4  10001140 f i MSVCRT:guard_support.obj
 0001:00000140       ?OnTerminate@CThread@Skyray@@UAEXXZ 10001140 f i SkyrayLib:SkyrayThread.obj
 0001:00000140       ??3@YAXPAX0@Z              10001140 f i SkyrayLib:SkyrayUtil.obj
 0001:00000150       ?UTF8Encode@Skyray@@YAXPB_WAAV?$basic_string@DU?$char_traits@D@std@@V?$allocator@D@2@@std@@@Z 10001150 f   SkyrayLib:SkyrayUtil.obj
 0001:00000230       ?UTF8Decode@Skyray@@YAXPBDAAV?$basic_string@DU?$char_traits@D@std@@V?$allocator@D@2@@std@@@Z 10001230 f   SkyrayLib:SkyrayUtil.obj
 0001:00000350       ?UTF8Decode@Skyray@@YAXPBDAAV?$basic_string@_WU?$char_traits@_W@std@@V?$allocator@_W@2@@std@@@Z 10001350 f   SkyrayLib:SkyrayUtil.obj
 0001:00000440       ?Unicode2Ansi@Skyray@@YAXPB_WAAV?$basic_string@DU?$char_traits@D@std@@V?$allocator@D@2@@std@@@Z 10001440 f   SkyrayLib:SkyrayUtil.obj
 0001:00000530       ?Ansi2Unicode@Skyray@@YAXPBDAAV?$basic_string@_WU?$char_traits@_W@std@@V?$allocator@_W@2@@std@@@Z 10001530 f   SkyrayLib:SkyrayUtil.obj
 0001:00000620       ?GetHexValue@Skyray@@YAIPB_WH@Z 10001620 f   SkyrayLib:SkyrayUtil.obj
 0001:000009d0       ?PickupString@Skyray@@YAXABV?$basic_string@_WU?$char_traits@_W@std@@V?$allocator@_W@2@@std@@0AAV?$vector@V?$basic_string@_WU?$char_traits@_W@std@@V?$allocator@_W@2@@std@@V?$allocator@V?$basic_string@_WU?$char_traits@_W@std@@V?$allocator@_W@2@@std@@@2@@3@@Z 100019d0 f   SkyrayLib:SkyrayUtil.obj
 0001:00000cd0       ?push_back@?$vector@V?$basic_string@_WU?$char_traits@_W@std@@V?$allocator@_W@2@@std@@V?$allocator@V?$basic_string@_WU?$char_traits@_W@std@@V?$allocator@_W@2@@std@@@2@@std@@QAEXABV?$basic_string@_WU?$char_traits@_W@std@@V?$allocator@_W@2@@2@@Z 10001cd0 f i SkyrayLib:SkyrayUtil.obj
 0001:00000db0       ?substr@?$basic_string@_WU?$char_traits@_W@std@@V?$allocator@_W@2@@std@@QBE?AV12@II@Z 10001db0 f i SkyrayLib:SkyrayUtil.obj
 0001:00000df0       ??4?$basic_string@_WU?$char_traits@_W@std@@V?$allocator@_W@2@@std@@QAEAAV01@PB_W@Z 10001df0 f i SkyrayLib:SkyrayUtil.obj
 0001:00000e40       ??1?$basic_string@_WU?$char_traits@_W@std@@V?$allocator@_W@2@@std@@QAE@XZ 10001e40 f i SkyrayLib:SkyrayUtil.obj
 0001:00000e80       ??0?$basic_string@_WU?$char_traits@_W@std@@V?$allocator@_W@2@@std@@QAE@PB_W@Z 10001e80 f i SkyrayLib:SkyrayUtil.obj
 0001:00000ee0       ??1?$basic_string@DU?$char_traits@D@std@@V?$allocator@D@2@@std@@QAE@XZ 10001ee0 f i SkyrayLib:SkyrayUtil.obj
 0001:00000f20       ?_Reserve@?$vector@V?$basic_string@_WU?$char_traits@_W@std@@V?$allocator@_W@2@@std@@V?$allocator@V?$basic_string@_WU?$char_traits@_W@std@@V?$allocator@_W@2@@std@@@2@@std@@IAEXI@Z 10001f20 f i SkyrayLib:SkyrayUtil.obj
 0001:00000fb0       ?find_first_not_of@?$basic_string@_WU?$char_traits@_W@std@@V?$allocator@_W@2@@std@@QBEIPB_WII@Z 10001fb0 f i SkyrayLib:SkyrayUtil.obj
 0001:00001030       ?find_first_of@?$basic_string@_WU?$char_traits@_W@std@@V?$allocator@_W@2@@std@@QBEIPB_WII@Z 10002030 f i SkyrayLib:SkyrayUtil.obj
 0001:000010c0       ?erase@?$basic_string@_WU?$char_traits@_W@std@@V?$allocator@_W@2@@std@@QAEAAV12@II@Z 100020c0 f i SkyrayLib:SkyrayUtil.obj
 0001:00001170       ?assign@?$basic_string@_WU?$char_traits@_W@std@@V?$allocator@_W@2@@std@@QAEAAV12@PB_WI@Z 10002170 f i SkyrayLib:SkyrayUtil.obj
 0001:00001270       ?_Assign_rv@?$basic_string@_WU?$char_traits@_W@std@@V?$allocator@_W@2@@std@@QAEX$$QAV12@@Z 10002270 f i SkyrayLib:SkyrayUtil.obj
 0001:000012e0       ?erase@?$basic_string@DU?$char_traits@D@std@@V?$allocator@D@2@@std@@QAEAAV12@II@Z 100022e0 f i SkyrayLib:SkyrayUtil.obj
 0001:00001380       ?assign@?$basic_string@DU?$char_traits@D@std@@V?$allocator@D@2@@std@@QAEAAV12@PBDI@Z 10002380 f i SkyrayLib:SkyrayUtil.obj
 0001:00001480       ?assign@?$basic_string@DU?$char_traits@D@std@@V?$allocator@D@2@@std@@QAEAAV12@ABV12@II@Z 10002480 f i SkyrayLib:SkyrayUtil.obj
 0001:00001560       ?_Reallocate@?$vector@V?$basic_string@_WU?$char_traits@_W@std@@V?$allocator@_W@2@@std@@V?$allocator@V?$basic_string@_WU?$char_traits@_W@std@@V?$allocator@_W@2@@std@@@2@@std@@IAEXI@Z 10002560 f i SkyrayLib:SkyrayUtil.obj
 0001:00001600       ?deallocate@?$_Wrap_alloc@V?$allocator@_W@std@@@std@@QAEXPA_WI@Z 10002600 f i SkyrayLib:SkyrayUtil.obj
 0001:00001660       ?deallocate@?$_Wrap_alloc@V?$allocator@D@std@@@std@@QAEXPADI@Z 10002660 f i SkyrayLib:SkyrayUtil.obj
 0001:000016c0       ??0CTraceCategory@ATL@@QAE@PB_W@Z 100026c0 f i ConsoleDlg.obj
 0001:000016c0       ??0?$_Wrap_alloc@V?$allocator@D@std@@@std@@QAE@ABV?$allocator@D@1@@Z 100026c0 f i SkyrayLib:SkyrayUtil.obj
 0001:000016c0       ??0?$_Wrap_alloc@V?$allocator@_W@std@@@std@@QAE@ABV?$allocator@_W@1@@Z 100026c0 f i SkyrayLib:SkyrayUtil.obj
 0001:000016d0       ?_Grow@?$basic_string@_WU?$char_traits@_W@std@@V?$allocator@_W@2@@std@@QAE_NI_N@Z 100026d0 f i SkyrayLib:SkyrayUtil.obj
 0001:00001790       ?assign@?$basic_string@_WU?$char_traits@_W@std@@V?$allocator@_W@2@@std@@QAEAAV12@ABV12@II@Z 10002790 f i SkyrayLib:SkyrayUtil.obj
 0001:000018a0       ?_Grow@?$basic_string@DU?$char_traits@D@std@@V?$allocator@D@2@@std@@QAE_NI_N@Z 100028a0 f i SkyrayLib:SkyrayUtil.obj
 0001:00001900       ?deallocate@?$_Wrap_alloc@V?$allocator@V?$basic_string@_WU?$char_traits@_W@std@@V?$allocator@_W@2@@std@@@std@@@std@@QAEXPAV?$basic_string@_WU?$char_traits@_W@std@@V?$allocator@_W@2@@2@I@Z 10002900 f i SkyrayLib:SkyrayUtil.obj
 0001:00001970       ?_Copy@?$basic_string@_WU?$char_traits@_W@std@@V?$allocator@_W@2@@std@@QAEXII@Z 10002970 f i SkyrayLib:SkyrayUtil.obj
 0001:00001b30       ?_Copy@?$basic_string@DU?$char_traits@D@std@@V?$allocator@D@2@@std@@QAEXII@Z 10002b30 f i SkyrayLib:SkyrayUtil.obj
 0001:00001ce0       ?allocate@?$allocator@V?$basic_string@_WU?$char_traits@_W@std@@V?$allocator@_W@2@@std@@@std@@QAEPAV?$basic_string@_WU?$char_traits@_W@std@@V?$allocator@_W@2@@2@I@Z 10002ce0 f i SkyrayLib:SkyrayUtil.obj
 0001:00001d50       ?allocate@?$_Wrap_alloc@V?$allocator@_W@std@@@std@@QAEPA_WI@Z 10002d50 f i SkyrayLib:SkyrayUtil.obj
 0001:00001dc0       ?allocate@?$_Wrap_alloc@V?$allocator@D@std@@@std@@QAEPADI@Z 10002dc0 f i SkyrayLib:SkyrayUtil.obj
 0001:00001e30       ??$_Pow_int@H@@YAHHH@Z     10002e30 f i SkyrayLib:SkyrayUtil.obj
 0001:00001e80       ??$destroy@PAD@?$_Wrap_alloc@V?$allocator@D@std@@@std@@QAEXPAPAD@Z 10002e80 f i SkyrayLib:SkyrayUtil.obj
 0001:00001e80       ??$destroy@PA_W@?$_Wrap_alloc@V?$allocator@_W@std@@@std@@QAEXPAPA_W@Z 10002e80 f i SkyrayLib:SkyrayUtil.obj
 0001:00001e80       ?OnFinalMessage@?$CDialogImplBaseT@VCWindow@ATL@@@ATL@@UAEXPAUHWND__@@@Z 10002e80 f i ConsoleDlg.obj
 0001:00001e90       ??$_Deallocate@_W@std@@YAXPA_WI@Z 10002e90 f i SkyrayLib:SkyrayUtil.obj
 0001:00001ef0       ??$_Deallocate@V?$basic_string@_WU?$char_traits@_W@std@@V?$allocator@_W@2@@std@@@std@@YAXPAV?$basic_string@_WU?$char_traits@_W@std@@V?$allocator@_W@2@@0@I@Z 10002ef0 f i SkyrayLib:SkyrayUtil.obj
 0001:00001f50       ??$_Destroy_range@U?$_Wrap_alloc@V?$allocator@V?$basic_string@_WU?$char_traits@_W@std@@V?$allocator@_W@2@@std@@@std@@@std@@@std@@YAXPAV?$basic_string@_WU?$char_traits@_W@std@@V?$allocator@_W@2@@0@0AAU?$_Wrap_alloc@V?$allocator@V?$basic_string@_WU?$char_traits@_W@std@@V?$allocator@_W@2@@std@@@std@@@0@U_Nonscalar_ptr_iterator_tag@0@@Z 10002f50 f i SkyrayLib:SkyrayUtil.obj
 0001:00001fe0       ??$_Uninit_move@PAV?$basic_string@_WU?$char_traits@_W@std@@V?$allocator@_W@2@@std@@PAV12@V?$allocator@V?$basic_string@_WU?$char_traits@_W@std@@V?$allocator@_W@2@@std@@@2@V12@@std@@YAPAV?$basic_string@_WU?$char_traits@_W@std@@V?$allocator@_W@2@@0@PAV10@00AAU?$_Wrap_alloc@V?$allocator@V?$basic_string@_WU?$char_traits@_W@std@@V?$allocator@_W@2@@std@@@std@@@0@0U_Nonscalar_ptr_iterator_tag@0@@Z 10002fe0 f i SkyrayLib:SkyrayUtil.obj
 0001:00002080       ??0CThread@Skyray@@QAE@XZ  10003080 f   SkyrayLib:SkyrayThread.obj
 0001:000020a0       ??_ECThread@Skyray@@UAEPAXI@Z 100030a0 f i * CIL library *:* CIL module *
 0001:000020a0       ??_GCThread@Skyray@@UAEPAXI@Z 100030a0 f i SkyrayLib:SkyrayThread.obj
 0001:000020d0       ??1CThread@Skyray@@UAE@XZ  100030d0 f   SkyrayLib:SkyrayThread.obj
 0001:00002110       ?Start@CThread@Skyray@@QAEHXZ 10003110 f   SkyrayLib:SkyrayThread.obj
 0001:00002170       ?IsRuning@CThread@Skyray@@QAEHXZ 10003170 f   SkyrayLib:SkyrayThread.obj
 0001:00002170       ?IsRun@CTimer@Skyray@@QAEHXZ 10003170 f   SkyrayLib:SkyrayTimer.obj
 0001:00002180       ?Sleep@CThread@Skyray@@SAXH@Z 10003180 f   SkyrayLib:SkyrayThread.obj
 0001:00002190       ?Runner@Skyray@@YGKPAX@Z   10003190 f   SkyrayLib:SkyrayThread.obj
 0001:000021c0       ??0CSocket@Skyray@@QAE@XZ  100031c0 f   SkyrayLib:SkyraySocket.obj
 0001:00002210       ??_ECSocket@Skyray@@UAEPAXI@Z 10003210 f i * CIL library *:* CIL module *
 0001:00002210       ??_GCSocket@Skyray@@UAEPAXI@Z 10003210 f i SkyrayLib:SkyraySocket.obj
 0001:00002250       ??0CSocket@Skyray@@QAE@ABV01@@Z 10003250 f   SkyrayLib:SkyraySocket.obj
 0001:000022b0       ??1CSocket@Skyray@@UAE@XZ  100032b0 f   SkyrayLib:SkyraySocket.obj
 0001:000022e0       ?Domain2IP@CSocket@Skyray@@QAEHABV?$basic_string@_WU?$char_traits@_W@std@@V?$allocator@_W@2@@std@@AAV34@@Z 100032e0 f   SkyrayLib:SkyraySocket.obj
 0001:000023d0       ?Create@CSocket@Skyray@@QAEHHPB_WI@Z 100033d0 f   SkyrayLib:SkyraySocket.obj
 0001:00002440       ?Bind@CSocket@Skyray@@QAEHPB_WI@Z 10003440 f   SkyrayLib:SkyraySocket.obj
 0001:00002550       ?Close@CSocket@Skyray@@QAEXXZ 10003550 f   SkyrayLib:SkyraySocket.obj
 0001:00002570       ?Detach@CSocket@Skyray@@QAEIXZ 10003570 f   SkyrayLib:SkyraySocket.obj
 0001:00002580       ?Listen@CSocket@Skyray@@QAEHH@Z 10003580 f   SkyrayLib:SkyraySocket.obj
 0001:000025a0       ?Accept@CSocket@Skyray@@UAEHAAV12@PAUsockaddr@@PAH@Z 100035a0 f   SkyrayLib:SkyraySocket.obj
 0001:000025d0       ?Connect@CSocket@Skyray@@UAEHPB_WI@Z 100035d0 f   SkyrayLib:SkyraySocket.obj
 0001:00002770       ?Connect@CSocket@Skyray@@UAEHPBUsockaddr@@H@Z 10003770 f   SkyrayLib:SkyraySocket.obj
 0001:00002790       ?Receive@CSocket@Skyray@@UAEHPADHH@Z 10003790 f   SkyrayLib:SkyraySocket.obj
 0001:000027b0       ?Send@CSocket@Skyray@@UAEHPBDHH@Z 100037b0 f   SkyrayLib:SkyraySocket.obj
 0001:000027d0       ?ReceiveFrom@CSocket@Skyray@@UAEHPADHHPAUsockaddr@@PAH@Z 100037d0 f   SkyrayLib:SkyraySocket.obj
 0001:000027f0       ?SendTo@CSocket@Skyray@@UAEHPBDHHPAUsockaddr@@H@Z 100037f0 f   SkyrayLib:SkyraySocket.obj
 0001:00002810       ?CanRead@CSocket@Skyray@@UAEHK@Z 10003810 f   SkyrayLib:SkyraySocket.obj
 0001:000028f0       ?CanWrite@CSocket@Skyray@@UAEHK@Z 100038f0 f   SkyrayLib:SkyraySocket.obj
 0001:000029d0       ??0CTimer@Skyray@@QAE@XZ   100039d0 f   SkyrayLib:SkyrayTimer.obj
 0001:000029e0       ??1CTimer@Skyray@@QAE@XZ   100039e0 f   SkyrayLib:SkyrayTimer.obj
 0001:00002a00       ?StartTimer@CTimer@Skyray@@QAEHKH@Z 10003a00 f   SkyrayLib:SkyrayTimer.obj
 0001:00002a80       ?KillTimer@CTimer@Skyray@@QAEXXZ 10003a80 f   SkyrayLib:SkyrayTimer.obj
 0001:00002aa0       ?TimerProc@CTimer@Skyray@@CGXIIKKK@Z 10003aa0 f   SkyrayLib:SkyrayTimer.obj
 0001:00002ab0       ??$_Deallocate@UTypeItem@CConsoleDlg@@@std@@YAXPAUTypeItem@CConsoleDlg@@I@Z 10003ab0 f i ConsoleDlg.obj
 0001:00002b10       ??$_Destroy_range@U?$_Wrap_alloc@V?$allocator@UTypeItem@CConsoleDlg@@@std@@@std@@@std@@YAXPAUTypeItem@CConsoleDlg@@0AAU?$_Wrap_alloc@V?$allocator@UTypeItem@CConsoleDlg@@@std@@@0@U_Nonscalar_ptr_iterator_tag@0@@Z 10003b10 f i ConsoleDlg.obj
 0001:00002ba0       ??$_Move@PAUTypeItem@CConsoleDlg@@PAU12@@std@@YAPAUTypeItem@CConsoleDlg@@PAU12@00U_Nonscalar_ptr_iterator_tag@0@@Z 10003ba0 f i ConsoleDlg.obj
 0001:00002c10       ??$_Uninit_move@PAUTypeItem@CConsoleDlg@@PAU12@V?$allocator@UTypeItem@CConsoleDlg@@@std@@U12@@std@@YAPAUTypeItem@CConsoleDlg@@PAU12@00AAU?$_Wrap_alloc@V?$allocator@UTypeItem@CConsoleDlg@@@std@@@0@0U_Nonscalar_ptr_iterator_tag@0@@Z 10003c10 f i ConsoleDlg.obj
 0001:00002cf0       ??$construct@UTypeItem@CConsoleDlg@@AAU12@@?$allocator@UTypeItem@CConsoleDlg@@@std@@QAEXPAUTypeItem@CConsoleDlg@@AAU23@@Z 10003cf0 f i ConsoleDlg.obj
 0001:00002cf0       ??$construct@UTypeItem@CConsoleDlg@@ABU12@@?$allocator@UTypeItem@CConsoleDlg@@@std@@QAEXPAUTypeItem@CConsoleDlg@@ABU23@@Z 10003cf0 f i ConsoleDlg.obj
 0001:00002d90       ??$destroy@UTypeItem@CConsoleDlg@@@?$_Wrap_alloc@V?$allocator@UTypeItem@CConsoleDlg@@@std@@@std@@QAEXPAUTypeItem@CConsoleDlg@@@Z 10003d90 f i ConsoleDlg.obj
 0001:00002de0       ??0CAtlWinModule@ATL@@QAE@XZ 10003de0 f i ConsoleDlg.obj
 0001:00002e60       ??0CConsoleDlg@@QAE@XZ     10003e60 f   ConsoleDlg.obj
 0001:00002ec0       ??1?$CStringT@_WV?$StrTraitATL@_WV?$ChTraitsCRT@_W@ATL@@@ATL@@@ATL@@QAE@XZ 10003ec0 f i ConsoleDlg.obj
 0001:00002ee0       ??1?$vector@V?$basic_string@_WU?$char_traits@_W@std@@V?$allocator@_W@2@@std@@V?$allocator@V?$basic_string@_WU?$char_traits@_W@std@@V?$allocator@_W@2@@std@@@2@@std@@QAE@XZ 10003ee0 f i ConsoleDlg.obj
 0001:00002f40       ??1CConsoleDlg@@UAE@XZ     10003f40 f   ConsoleDlg.obj
 0001:00002fb0       ??_GCAtlStringMgr@ATL@@UAEPAXI@Z 10003fb0 f i ConsoleDlg.obj
 0001:00002fb0       ??_ECAtlStringMgr@ATL@@UAEPAXI@Z 10003fb0 f i ConsoleDlg.obj
 0001:00002fe0       ??_ECConsoleDlg@@UAEPAXI@Z 10003fe0 f i ConsoleDlg.obj
 0001:00002fe0       ??_GCConsoleDlg@@UAEPAXI@Z 10003fe0 f i ConsoleDlg.obj
 0001:00003010       ??_GCWin32Heap@ATL@@UAEPAXI@Z 10004010 f i ConsoleDlg.obj
 0001:00003010       ??_ECWin32Heap@ATL@@UAEPAXI@Z 10004010 f i ConsoleDlg.obj
 0001:00003050       ?AddData@CConsoleDlg@@AAEXPAUHWND__@@PBDI@Z 10004050 f   ConsoleDlg.obj
 0001:000032d0       ?AddText@CConsoleDlg@@AAEXPAUHWND__@@ABV?$basic_string@_WU?$char_traits@_W@std@@V?$allocator@_W@2@@std@@@Z 100042d0 f   ConsoleDlg.obj
 0001:00003340       ?AddType@CConsoleDlg@@QAEXW4TransportID@NetLib@@ABV?$basic_string@_WU?$char_traits@_W@std@@V?$allocator@_W@2@@std@@@Z 10004340 f   ConsoleDlg.obj
 0001:00003560       ?Allocate@CAtlStringMgr@ATL@@UAEPAUCStringData@2@HH@Z 10004560 f i ConsoleDlg.obj
 0001:000035e0       ?Allocate@CWin32Heap@ATL@@UAEPAXI@Z 100045e0 f i ConsoleDlg.obj
 0001:00003600       ?AtlThrowImpl@ATL@@YGXJ@Z  10004600 f i ConsoleDlg.obj
 0001:00003620       ?AtlWinModuleTerm@ATL@@YGJPAU_ATL_WIN_MODULE70@1@PAUHINSTANCE__@@@Z 10004620 f i ConsoleDlg.obj
 0001:000036c0       ?Clone@CAtlStringMgr@ATL@@UAEPAUIAtlStringMgr@2@XZ 100046c0 f i ConsoleDlg.obj
 0001:000036d0       ?DialogProc@?$CDialogImplBaseT@VCWindow@ATL@@@ATL@@SGHPAUHWND__@@IIJ@Z 100046d0 f i ConsoleDlg.obj
 0001:000037d0       ?Empty@?$CSimpleStringT@_W$0A@@ATL@@QAEXXZ 100047d0 f i ConsoleDlg.obj
 0001:00003830       ?FindList@CConsoleDlg@@AAEHABV?$basic_string@_WU?$char_traits@_W@std@@V?$allocator@_W@2@@std@@@Z 10004830 f   ConsoleDlg.obj
 0001:000038f0       ?Fork@?$CSimpleStringT@_W$0A@@ATL@@AAEXH@Z 100048f0 f i ConsoleDlg.obj
 0001:00003970       ?Free@CAtlStringMgr@ATL@@UAEXPAUCStringData@2@@Z 10004970 f i ConsoleDlg.obj
 0001:00003980       ?Free@CWin32Heap@ATL@@UAEXPAX@Z 10004980 f i ConsoleDlg.obj
 0001:000039a0       ?GetDialogProc@?$CDialogImplBaseT@VCWindow@ATL@@@ATL@@UAEP6GHPAUHWND__@@IIJ@ZXZ 100049a0 f i ConsoleDlg.obj
 0001:000039b0       ?GetDlgItemTextW@CWindow@ATL@@QBEIHAAV?$CSimpleStringT@_W$0A@@2@@Z 100049b0 f i ConsoleDlg.obj
 0001:00003a60       ?GetInstance@CAtlStringMgr@ATL@@SAPAUIAtlStringMgr@2@XZ 10004a60 f i ConsoleDlg.obj
 0001:00003b50       ?GetNilString@CAtlStringMgr@ATL@@UAEPAUCStringData@2@XZ 10004b50 f i ConsoleDlg.obj
 0001:00003b60       ?GetSize@CWin32Heap@ATL@@UAEIPAX@Z 10004b60 f i ConsoleDlg.obj
 0001:00003b80       ?OnBnClickedClear@CConsoleDlg@@AAEJGGPAUHWND__@@AAH@Z 10004b80 f   ConsoleDlg.obj
 0001:00003bf0       ?OnCancel@CConsoleDlg@@AAEJGGPAUHWND__@@AAH@Z 10004bf0 f   ConsoleDlg.obj
 0001:00003c90       ?OnCbnSelchangeType@CConsoleDlg@@AAEJGGPAUHWND__@@AAH@Z 10004c90 f   ConsoleDlg.obj
 0001:00003cf0       ?OnInitDialog@CConsoleDlg@@AAEHVCWindow@ATL@@J@Z 10004cf0 f   ConsoleDlg.obj
 0001:00003f10       ?OnInsertData@CConsoleDlg@@AAEJIIJAAH@Z 10004f10 f   ConsoleDlg.obj
 0001:000041d0       ?OnInsertText@CConsoleDlg@@AAEJIIJAAH@Z 100051d0 f   ConsoleDlg.obj
 0001:00004520       ?OnInsertType@CConsoleDlg@@AAEJIIJAAH@Z 10005520 f   ConsoleDlg.obj
 0001:00004580       ?OnRemoveType@CConsoleDlg@@AAEJIIJAAH@Z 10005580 f   ConsoleDlg.obj
 0001:00004630       ?OnSend@CConsoleDlg@@AAEJGGPAUHWND__@@AAH@Z 10005630 f   ConsoleDlg.obj
 0001:00004900       ?PrepareWrite2@?$CSimpleStringT@_W$0A@@ATL@@AAEXH@Z 10005900 f i ConsoleDlg.obj
 0001:00004970       ?ProcessWindowMessage@CConsoleDlg@@UAEHPAUHWND__@@IIJAAJK@Z 10005970 f i ConsoleDlg.obj
 0001:00004b90       ?Reallocate@?$CSimpleStringT@_W$0A@@ATL@@AAEXH@Z 10005b90 f i ConsoleDlg.obj
 0001:00004bd0       ?Reallocate@CAtlStringMgr@ATL@@UAEPAUCStringData@2@PAU32@HH@Z 10005bd0 f i ConsoleDlg.obj
 0001:00004c40       ?Reallocate@CWin32Heap@ATL@@UAEPAXPAXI@Z 10005c40 f i ConsoleDlg.obj
 0001:00004c80       ?SetTextColor@CConsoleDlg@@AAEXPAUHWND__@@K@Z 10005c80 f   ConsoleDlg.obj
 0001:00004cf0       ?SetTransponder@CConsoleDlg@@QAEXPAVITransponder@NetLib@@@Z 10005cf0 f   ConsoleDlg.obj
 0001:00004d00       ?ThrowMemoryException@?$CSimpleStringT@_W$0A@@ATL@@KAXXZ 10005d00 f i ConsoleDlg.obj
 0001:00004d10       ?_AtlInitializeCriticalSectionEx@ATL@@YAHPAU_RTL_CRITICAL_SECTION@@KK@Z 10005d10 f i ConsoleDlg.obj
 0001:00004d30       ?_Reallocate@?$vector@UTypeItem@CConsoleDlg@@V?$allocator@UTypeItem@CConsoleDlg@@@std@@@std@@IAEXI@Z 10005d30 f i ConsoleDlg.obj
 0001:00004e20       ?_Reserve@?$vector@UTypeItem@CConsoleDlg@@V?$allocator@UTypeItem@CConsoleDlg@@@std@@@std@@IAEXI@Z 10005e20 f i ConsoleDlg.obj
 0001:00004ec0       ?allocate@?$allocator@UTypeItem@CConsoleDlg@@@std@@QAEPAUTypeItem@CConsoleDlg@@I@Z 10005ec0 f i ConsoleDlg.obj
 0001:00004f30       ?append@?$basic_string@_WU?$char_traits@_W@std@@V?$allocator@_W@2@@std@@QAEAAV12@ABV12@II@Z 10005f30 f i ConsoleDlg.obj
 0001:00004ff0       ?append@?$basic_string@_WU?$char_traits@_W@std@@V?$allocator@_W@2@@std@@QAEAAV12@PB_WI@Z 10005ff0 f i ConsoleDlg.obj
 0001:000050d0       ?compare@?$basic_string@_WU?$char_traits@_W@std@@V?$allocator@_W@2@@std@@QBEHIIPB_WI@Z 100060d0 f i ConsoleDlg.obj
 0001:00005160       ?push_back@?$vector@UTypeItem@CConsoleDlg@@V?$allocator@UTypeItem@CConsoleDlg@@@std@@@std@@QAEXABUTypeItem@CConsoleDlg@@@Z 10006160 f i ConsoleDlg.obj
 0001:000051e0       ___local_stdio_printf_options 100061e0 f i ConsoleDlg.obj
 0001:00005290       _swprintf_s                10006290 f i ConsoleDlg.obj
 0001:000052c0       ??$_Deallocate@UTypeItem@CConsoleThread@@@std@@YAXPAUTypeItem@CConsoleThread@@I@Z 100062c0 f i ConsoleThread.obj
 0001:00005330       ??$_Destroy_range@U?$_Wrap_alloc@V?$allocator@UTypeItem@CConsoleThread@@@std@@@std@@@std@@YAXPAUTypeItem@CConsoleThread@@0AAU?$_Wrap_alloc@V?$allocator@UTypeItem@CConsoleThread@@@std@@@0@U_Nonscalar_ptr_iterator_tag@0@@Z 10006330 f i ConsoleThread.obj
 0001:000053c0       ??$_Move@PAUTypeItem@CConsoleThread@@PAU12@@std@@YAPAUTypeItem@CConsoleThread@@PAU12@00U_Nonscalar_ptr_iterator_tag@0@@Z 100063c0 f i ConsoleThread.obj
 0001:00005490       ??$_Uninit_move@PAUTypeItem@CConsoleThread@@PAU12@V?$allocator@UTypeItem@CConsoleThread@@@std@@U12@@std@@YAPAUTypeItem@CConsoleThread@@PAU12@00AAU?$_Wrap_alloc@V?$allocator@UTypeItem@CConsoleThread@@@std@@@0@0U_Nonscalar_ptr_iterator_tag@0@@Z 10006490 f i ConsoleThread.obj
 0001:00005550       ??0CConsoleThread@@QAE@XZ  10006550 f   ConsoleThread.obj
 0001:000055d0       ??0ConsoleData@@QAE@XZ     100065d0 f i ConsoleThread.obj
 0001:00005670       ??1CConsoleThread@@UAE@XZ  10006670 f   ConsoleThread.obj
 0001:00005760       ??1CLock@Skyray@@QAE@XZ    10006760 f i ConsoleThread.obj
 0001:00005770       ??1CMessageLoop@WTL@@UAE@XZ 10006770 f i ConsoleThread.obj
 0001:000057d0       ??1TypeItem@CConsoleThread@@QAE@XZ 100067d0 f i ConsoleThread.obj
 0001:000057d0       ??1TypeItem@CConsoleDlg@@QAE@XZ 100067d0 f i ConsoleDlg.obj
 0001:00005810       ??_ECConsoleThread@@UAEPAXI@Z 10006810 f i ConsoleThread.obj
 0001:00005810       ??_GCConsoleThread@@UAEPAXI@Z 10006810 f i ConsoleThread.obj
 0001:00005840       ??_ECMessageLoop@WTL@@UAEPAXI@Z 10006840 f i ConsoleThread.obj
 0001:00005840       ??_GCMessageLoop@WTL@@UAEPAXI@Z 10006840 f i ConsoleThread.obj
 0001:000058b0       ?AddData@CConsoleThread@@QAEXPB_WIPBDIH@Z 100068b0 f   ConsoleThread.obj
 0001:000059a0       ?AddText@CConsoleThread@@QAEXPB_W@Z 100069a0 f   ConsoleThread.obj
 0001:00005a30       ?AddType@CConsoleThread@@QAEXW4TransportID@NetLib@@PB_W@Z 10006a30 f   ConsoleThread.obj
 0001:00005bb0       ?AtlWinModuleExtractCreateWndData@ATL@@YGPAXPAU_ATL_WIN_MODULE70@1@@Z 10006bb0 f i ConsoleThread.obj
 0001:00005c40       ?Create@?$CDialogImpl@VCConsoleDlg@@VCWindow@ATL@@@ATL@@QAEPAUHWND__@@PAU3@J@Z 10006c40 f i ConsoleThread.obj
 0001:00005ce0       ?Destroy@CConsoleThread@@QAEXXZ 10006ce0 f   ConsoleThread.obj
 0001:00005d10       ?IsIdleMessage@CMessageLoop@WTL@@UBEHPAUtagMSG@@@Z 10006d10 f i ConsoleThread.obj
 0001:00005d50       ?IsOPenConsole@CConsoleThread@@QAEHXZ 10006d50 f   ConsoleThread.obj
 0001:00005d70       ?OnIdle@CMessageLoop@WTL@@UAEHH@Z 10006d70 f i ConsoleThread.obj
 0001:00005dc0       ?PreTranslateMessage@CMessageLoop@WTL@@UAEHPAUtagMSG@@@Z 10006dc0 f i ConsoleThread.obj
 0001:00005e20       ?RemoveType@CConsoleThread@@QAEXW4TransportID@NetLib@@@Z 10006e20 f   ConsoleThread.obj
 0001:00005ee0       ?Run@CConsoleThread@@EAEKXZ 10006ee0 f   ConsoleThread.obj
 0001:00006010       ?Run@CMessageLoop@WTL@@QAEHXZ 10007010 f i ConsoleThread.obj
 0001:000060b0       ?SetTransponder@CConsoleThread@@QAEXPAVITransponder@NetLib@@@Z 100070b0 f   ConsoleThread.obj
 0001:000060c0       ?ShowConsole@CConsoleThread@@QAEXH@Z 100070c0 f   ConsoleThread.obj
 0001:00006110       ?StartDialogProc@?$CDialogImplBaseT@VCWindow@ATL@@@ATL@@SGHPAUHWND__@@IIJ@Z 10007110 f i ConsoleThread.obj
 0001:00006180       ?_Reallocate@?$vector@UTypeItem@CConsoleThread@@V?$allocator@UTypeItem@CConsoleThread@@@std@@@std@@IAEXI@Z 10007180 f i ConsoleThread.obj
 0001:00006280       ?_Reserve@?$vector@UTypeItem@CConsoleThread@@V?$allocator@UTypeItem@CConsoleThread@@@std@@@std@@IAEXI@Z 10007280 f i ConsoleThread.obj
 0001:00006330       ?allocate@?$allocator@UTypeItem@CConsoleThread@@@std@@QAEPAUTypeItem@CConsoleThread@@I@Z 10007330 f i ConsoleThread.obj
 0001:000063b0       ?push_back@?$vector@UTypeItem@CConsoleThread@@V?$allocator@UTypeItem@CConsoleThread@@@std@@@std@@QAEXABUTypeItem@CConsoleThread@@@Z 100073b0 f i ConsoleThread.obj
 0001:000064a0       _DllMain@12                100074a0 f   dllmain.obj
 0001:000064b0       ??$_Deallocate@PAVIEndPoint@NetLib@@@std@@YAXPAPAVIEndPoint@NetLib@@I@Z 100074b0 f i EndPointMgr.obj
 0001:00006510       ??0CEndPointMgr@@QAE@XZ    10007510 f   EndPointMgr.obj
 0001:00006550       ??1CEndPointMgr@@QAE@XZ    10007550 f   EndPointMgr.obj
 0001:00006640       ?Add@CEndPointMgr@@UAEHPAVIEndPoint@NetLib@@@Z 10007640 f   EndPointMgr.obj
 0001:00006730       ?Clear@CEndPointMgr@@UAEXXZ 10007730 f   EndPointMgr.obj
 0001:00006770       ?Find@CEndPointMgr@@UAEPAVIEndPoint@NetLib@@I@Z 10007770 f   EndPointMgr.obj
 0001:000067d0       ?Remove@CEndPointMgr@@UAEXI@Z 100077d0 f   EndPointMgr.obj
 0001:00006850       ?_Reallocate@?$vector@PAVIEndPoint@NetLib@@V?$allocator@PAVIEndPoint@NetLib@@@std@@@std@@IAEXI@Z 10007850 f i EndPointMgr.obj
 0001:000068b0       ?_Reserve@?$vector@PAVIEndPoint@NetLib@@V?$allocator@PAVIEndPoint@NetLib@@@std@@@std@@IAEXI@Z 100078b0 f i EndPointMgr.obj
 0001:00006920       ?allocate@?$allocator@PAVIEndPoint@NetLib@@@std@@QAEPAPAVIEndPoint@NetLib@@I@Z 10007920 f i EndPointMgr.obj
 0001:00006990       ??0CNetKernel@@AAE@XZ      10007990 f   NetKernel.obj
 0001:00006a30       ?CloseConsole@CNetKernel@@UAEXXZ 10007a30 f   NetKernel.obj
 0001:00006a40       ?ConsolePrint@CNetKernel@@UAEXPB_W@Z 10007a40 f   NetKernel.obj
 0001:00006af0       ?CreatePacking@CNetKernel@@UAEPAVIPacking@NetLib@@XZ 10007af0 f i NetKernel.obj
 0001:00006b60       ?Destroy@CNetKernel@@UAEXXZ 10007b60 f   NetKernel.obj
 0001:00006b90       ?EndPointMgr@CNetKernel@@UAEPAVIEndPointMgr@NetLib@@XZ 10007b90 f i NetKernel.obj
 0001:00006ba0       ?Instance@CNetKernel@@SAPAVINetKernel@NetLib@@XZ 10007ba0 f   NetKernel.obj
 0001:00006c00       ?OpenConsole@CNetKernel@@UAEXXZ 10007c00 f   NetKernel.obj
 0001:00006c10       ?SetCallback@CNetKernel@@UAEXPAVINetKernelCallback@NetLib@@@Z 10007c10 f i NetKernel.obj
 0001:00006c20       ?Shutdown@CNetKernel@@UAEXXZ 10007c20 f   NetKernel.obj
 0001:00006c30       ?ShutdownRemote@CNetKernel@@UAEXXZ 10007c30 f   NetKernel.obj
 0001:00006c50       ?ShutdownRemoteServer@CNetKernel@@UAEXXZ 10007c50 f   NetKernel.obj
 0001:00006c70       ?Startup@CNetKernel@@UAEHPB_WI@Z 10007c70 f   NetKernel.obj
 0001:00006d20       ?StartupRemote@CNetKernel@@UAEHPB_WI@Z 10007d20 f   NetKernel.obj
 0001:00006dd0       ?StartupRemoteServer@CNetKernel@@UAEHPB_WI@Z 10007dd0 f   NetKernel.obj
 0001:00006de0       ?Transponder@CNetKernel@@UAEPAVITransponder@NetLib@@XZ 10007de0 f i NetKernel.obj
 0001:00006df0       _CreateNetKernel           10007df0 f   NetLib.obj
 0001:00006e00       ??0CPacking@@QAE@XZ        10007e00 f   Packing.obj
 0001:00006e30       ?AddData@CPacking@@AAEXPBDI@Z 10007e30 f   Packing.obj
 0001:00006ed0       ?Buffer@CPacking@@UAEPBDXZ 10007ed0 f i Packing.obj
 0001:00006ee0       ?BufferLen@CPacking@@UAEIXZ 10007ee0 f i Packing.obj
 0001:00006ef0       ?Destroy@CPacking@@UAEXXZ  10007ef0 f i Packing.obj
 0001:00006f30       ?Push@CPacking@@UAEXD@Z    10007f30 f   Packing.obj
 0001:00006f50       ?Push@CPacking@@UAEXF@Z    10007f50 f   Packing.obj
 0001:00006f80       ?Push@CPacking@@UAEXH@Z    10007f80 f   Packing.obj
 0001:00006fb0       ?Push@CPacking@@UAEXPBD@Z  10007fb0 f   Packing.obj
 0001:00007070       ?Push@CPacking@@UAEXPBDI@Z 10008070 f   Packing.obj
 0001:000070a0       ?Push@CPacking@@UAEXPB_W@Z 100080a0 f   Packing.obj
 0001:00007150       ??0CRecvThread@@QAE@PAVCSocket@Skyray@@PAVCTransport@@PAVCConsoleThread@@@Z 10008150 f   RecvThread.obj
 0001:000071c0       ??_ECRecvThread@@UAEPAXI@Z 100081c0 f i RecvThread.obj
 0001:000071c0       ??_GCRecvThread@@UAEPAXI@Z 100081c0 f i RecvThread.obj
 0001:00007210       ?AddData@CRecvThread@@AAEXPADI@Z 10008210 f   RecvThread.obj
 0001:000072b0       ?Parse@CRecvThread@@AAEXXZ 100082b0 f   RecvThread.obj
 0001:00007440       ?RemoveData@CRecvThread@@AAEXI@Z 10008440 f   RecvThread.obj
 0001:00007530       ?Run@CRecvThread@@EAEKXZ   10008530 f   RecvThread.obj
 0001:00007610       ??0CRemoteServer@@QAE@PAVCTransponder@@@Z 10008610 f   RemoteServer.obj
 0001:00007690       ??1CRemoteServer@@UAE@XZ   10008690 f   RemoteServer.obj
 0001:000076b0       ??_ECRemoteServer@@UAEPAXI@Z 100086b0 f i RemoteServer.obj
 0001:000076b0       ??_GCRemoteServer@@UAEPAXI@Z 100086b0 f i RemoteServer.obj
 0001:000076f0       ?Run@CRemoteServer@@EAEKXZ 100086f0 f   RemoteServer.obj
 0001:00007820       ?Shutdown@CRemoteServer@@QAEXXZ 10008820 f   RemoteServer.obj
 0001:00007830       ?Startup@CRemoteServer@@QAEHPB_WI@Z 10008830 f   RemoteServer.obj
 0001:00007870       ??$_Buynode@ABUTask@CSendThread@@@?$_List_buy@UTask@CSendThread@@V?$allocator@UTask@CSendThread@@@std@@@std@@QAEPAU?$_List_node@UTask@CSendThread@@PAX@1@PAU21@0ABUTask@CSendThread@@@Z 10008870 f i SendThread.obj
 0001:000078a0       ??0CSendThread@@QAE@PAVCSocket@Skyray@@PAVCTransport@@PAVCConsoleThread@@@Z 100088a0 f   SendThread.obj
 0001:00007950       ??1CSendThread@@UAE@XZ     10008950 f   SendThread.obj
 0001:000079b0       ??_ECSendThread@@UAEPAXI@Z 100089b0 f i SendThread.obj
 0001:000079b0       ??_GCSendThread@@UAEPAXI@Z 100089b0 f i SendThread.obj
 0001:000079e0       ?OnDisconnect@CSendThread@@AAEXXZ 100089e0 f   SendThread.obj
 0001:00007a60       ?Run@CSendThread@@EAEKXZ   10008a60 f   SendThread.obj
 0001:00007c20       ?Send@CSendThread@@QAEHDIPAVIPacking@NetLib@@@Z 10008c20 f   SendThread.obj
 0001:00007cb0       ?_Buynode0@?$_List_alloc@U?$_List_base_types@UTask@CSendThread@@V?$allocator@UTask@CSendThread@@@std@@@std@@@std@@QAEPAU?$_List_node@UTask@CSendThread@@PAX@2@PAU32@0@Z 10008cb0 f i SendThread.obj
 0001:00007cf0       ??$_Buynode@ABQAVITransport@NetLib@@@?$_List_buy@PAVITransport@NetLib@@V?$allocator@PAVITransport@NetLib@@@std@@@std@@QAEPAU?$_List_node@PAVITransport@NetLib@@PAX@1@PAU21@0ABQAVITransport@NetLib@@@Z 10008cf0 f i Transponder.obj
 0001:00007d10       ??0CTransponder@@QAE@PAVIEndPointMgr@NetLib@@PAVCConsoleThread@@@Z 10008d10 f   Transponder.obj
 0001:00007d60       ??1CTransponder@@QAE@XZ    10008d60 f   Transponder.obj
 0001:00007db0       ?Add@CTransponder@@UAEXPAVITransport@NetLib@@@Z 10008db0 f   Transponder.obj
 0001:00007e30       ?FindTransport@CTransponder@@QAEPAVITransport@NetLib@@W4TransportID@3@@Z 10008e30 f   Transponder.obj
 0001:00007e80       ?OnConnected@CTransponder@@QAEXW4TransportID@NetLib@@@Z 10008e80 f   Transponder.obj
 0001:00007eb0       ?OnDisconnect@CTransponder@@QAEXW4TransportID@NetLib@@@Z 10008eb0 f   Transponder.obj
 0001:00007f10       ?OnReceive@CTransponder@@QAEXW4TransportID@NetLib@@IPAVIUnpacking@3@@Z 10008f10 f   Transponder.obj
 0001:00007fc0       ?Remove@CTransponder@@UAEXW4TransportID@NetLib@@@Z 10008fc0 f   Transponder.obj
 0001:00008030       ?RemoveAll@CTransponder@@UAEXXZ 10009030 f   Transponder.obj
 0001:000080a0       ?Send@CTransponder@@UAEHW4TransportID@NetLib@@IPAVIPacking@3@@Z 100090a0 f   Transponder.obj
 0001:00008130       ?_Buynode0@?$_List_alloc@U?$_List_base_types@PAVITransport@NetLib@@V?$allocator@PAVITransport@NetLib@@@std@@@std@@@std@@QAEPAU?$_List_node@PAVITransport@NetLib@@PAX@2@PAU32@0@Z 10009130 f i Transponder.obj
 0001:00008170       ??0CTransport@@QAE@ABVCSocket@Skyray@@W4TransportID@NetLib@@PB_WPAVCTransponder@@@Z 10009170 f   Transport.obj
 0001:00008340       ??0CTransport@@QAE@W4TransportID@NetLib@@PB_WPAVCTransponder@@@Z 10009340 f   Transport.obj
 0001:00008460       ??1CTransport@@UAE@XZ      10009460 f   Transport.obj
 0001:000085b7       ??_ECTransport@@WM@AEPAXI@Z 100095b7 f i Transport.obj
 0001:000085c0       ??_GCTransport@@UAEPAXI@Z  100095c0 f i Transport.obj
 0001:000085c0       ??_ECTransport@@UAEPAXI@Z  100095c0 f i Transport.obj
 0001:000085f0       ?Connect@CTransport@@UAEHPB_WI@Z 100095f0 f   Transport.obj
 0001:00008680       ?Destroy@CTransport@@UAEXXZ 10009680 f i Transport.obj
 0001:00008690       ?ID@CTransport@@UAE?AW4TransportID@NetLib@@XZ 10009690 f i Transport.obj
 0001:000086a0       ?IsConnected@CTransport@@UAEHXZ 100096a0 f i Transport.obj
 0001:000086b0       ?Name@CTransport@@UAEPB_WXZ 100096b0 f i Transport.obj
 0001:000086c0       ?OnDisconnect@CTransport@@QAEXXZ 100096c0 f   Transport.obj
 0001:000086f0       ?OnReceive@CTransport@@QAEXIPAVIUnpacking@NetLib@@@Z 100096f0 f   Transport.obj
 0001:00008710       ?Run@CTransport@@EAEKXZ    10009710 f   Transport.obj
 0001:00008890       ?Send@CTransport@@UAEHDIPAVIPacking@NetLib@@@Z 10009890 f   Transport.obj
 0001:000088b0       ?TimerProc@CTransport@@UAEXXZ 100098b0 f   Transport.obj
 0001:000088d0       ??0CUnpacking@@QAE@PBDI@Z  100098d0 f   Unpacking.obj
 0001:00008910       ?CreatePacking@CUnpacking@@UAEPAVIPacking@NetLib@@XZ 10009910 f   Unpacking.obj
 0001:00008990       ?Destroy@CUnpacking@@UAEXXZ 10009990 f i Unpacking.obj
 0001:000089c0       ?Pop@CUnpacking@@UAEHAAD@Z 100099c0 f   Unpacking.obj
 0001:00008a00       ?Pop@CUnpacking@@UAEHAAF@Z 10009a00 f   Unpacking.obj
 0001:00008a50       ?Pop@CUnpacking@@UAEHAAH@Z 10009a50 f   Unpacking.obj
 0001:00008aa0       ?Pop@CUnpacking@@UAEHPADAAI@Z 10009aa0 f   Unpacking.obj
 0001:00008b80       ?Pop@CUnpacking@@UAEHPA_WAAI@Z 10009b80 f   Unpacking.obj
 0001:00008c60       ?PopBuffer@CUnpacking@@UAEHPADI@Z 10009c60 f   Unpacking.obj
 0001:00008cb0       ?Size@CUnpacking@@UAEIXZ   10009cb0 f i Unpacking.obj
 0001:00008d90       ?Init@_stdcallthunk@ATL@@QAEHKPAX@Z 10009d90 f i atls:atlthunk.obj
 0001:00008dc5       ?__AllocStdCallThunk_cmn@@YAPAXXZ 10009dc5 f   atls:atlthunk.obj
 0001:00008e72       ?__FreeStdCallThunk_cmn@@YAXPAX@Z 10009e72 f   atls:atlthunk.obj
 0001:00008f06       _AtlThunk_AllocateData@0   10009f06 f   atls:atlthunk.obj
 0001:00008f5f       _AtlThunk_DataToCode@4     10009f5f f   atls:atlthunk.obj
 0001:00008f9a       _AtlThunk_FreeData@4       10009f9a f   atls:atlthunk.obj
 0001:00008fe4       _AtlThunk_InitData@12      10009fe4 f   atls:atlthunk.obj
 0001:00009027       ??0CAtlBaseModule@ATL@@QAE@XZ 1000a027 f   atls:atlbase.obj
 0001:0000907a       ??0_ATL_BASE_MODULE70@ATL@@QAE@XZ 1000a07a f i atls:atlbase.obj
 0001:0000909d       ??1CAtlBaseModule@ATL@@QAE@XZ 1000a09d f   atls:atlbase.obj
 0001:000090b3       ?Init@CComCriticalSection@ATL@@QAEJXZ 1000a0b3 f i atls:atlbase.obj
 0001:000090de       ?RemoveAll@?$CSimpleArray@PAUHINSTANCE__@@V?$CSimpleArrayEqualHelper@PAUHINSTANCE__@@@ATL@@@ATL@@QAEXXZ 1000a0de f i atls:atlbase.obj
 0001:000090fb       ??3@YAXPAX@Z               1000a0fb f   MSVCRT:delete_scalar.obj
 0001:00009100       ??2@YAPAXI@Z               1000a100 f   MSVCRT:new_scalar.obj
 0001:00009133       ??3@YAXPAXI@Z              1000a133 f   MSVCRT:delete_scalar_size.obj
 0001:00009141       ??_V@YAXPAX@Z              1000a141 f   MSVCRT:delete_array.obj
 0001:0000918a       ___scrt_acquire_startup_lock 1000a18a f   MSVCRT:utility.obj
 0001:000091bf       ___scrt_dllmain_after_initialize_c 1000a1bf f   MSVCRT:utility.obj
 0001:000091d7       ___scrt_dllmain_before_initialize_c 1000a1d7 f   MSVCRT:utility.obj
 0001:000091e5       ___scrt_dllmain_crt_thread_attach 1000a1e5 f   MSVCRT:utility.obj
 0001:00009204       ___scrt_dllmain_crt_thread_detach 1000a204 f   MSVCRT:utility.obj
 0001:00009211       ___scrt_dllmain_exception_filter 1000a211 f   MSVCRT:utility.obj
 0001:00009244       ___scrt_dllmain_uninitialize_c 1000a244 f   MSVCRT:utility.obj
 0001:00009267       ___scrt_dllmain_uninitialize_critical 1000a267 f   MSVCRT:utility.obj
 0001:00009274       ___scrt_initialize_crt     1000a274 f   MSVCRT:utility.obj
 0001:000092ad       ___scrt_initialize_onexit_tables 1000a2ad f   MSVCRT:utility.obj
 0001:00009344       ___scrt_is_nonwritable_in_current_image 1000a344 f   MSVCRT:utility.obj
 0001:000093d1       ___scrt_release_startup_lock 1000a3d1 f   MSVCRT:utility.obj
 0001:000093ee       ___scrt_uninitialize_crt   1000a3ee f   MSVCRT:utility.obj
 0001:00009416       __onexit                   1000a416 f   MSVCRT:utility.obj
 0001:00009451       _atexit                    1000a451 f   MSVCRT:utility.obj
 0001:00009526       ??$__crt_fast_encode_pointer@P6GHPAU_RTL_CONDITION_VARIABLE@@PAU_RTL_CRITICAL_SECTION@@K@Z@@YAP6GHPAU_RTL_CONDITION_VARIABLE@@PAU_RTL_CRITICAL_SECTION@@K@ZQ6GH01K@Z@Z 1000a526 f i MSVCRT:thread_safe_statics.obj
 0001:00009526       ??$__crt_fast_encode_pointer@P6GXPAU_RTL_CONDITION_VARIABLE@@@Z@@YAP6GXPAU_RTL_CONDITION_VARIABLE@@@ZQ6GX0@Z@Z 1000a526 f i MSVCRT:thread_safe_statics.obj
 0001:0000955f       __Init_thread_footer       1000a55f f   MSVCRT:thread_safe_statics.obj
 0001:0000959e       __Init_thread_header       1000a59e f   MSVCRT:thread_safe_statics.obj
 0001:000095e4       __Init_thread_lock         1000a5e4 f   MSVCRT:thread_safe_statics.obj
 0001:000095f0       __Init_thread_notify       1000a5f0 f   MSVCRT:thread_safe_statics.obj
 0001:00009631       __Init_thread_unlock       1000a631 f   MSVCRT:thread_safe_statics.obj
 0001:0000963d       __Init_thread_wait         1000a63d f   MSVCRT:thread_safe_statics.obj
 0001:000096a2       @__security_check_cookie@4 1000a6a2 f   MSVCRT:_secchk_.obj
 0001:000096b3       ??_Gtype_info@@UAEPAXI@Z   1000a6b3 f i MSVCRT:std_type_info_static.obj
 0001:000096b3       ??_Etype_info@@UAEPAXI@Z   1000a6b3 f i MSVCRT:std_type_info_static.obj
 0001:000096d6       ??_U@YAPAXI@Z              1000a6d6 f   MSVCRT:new_array.obj
 0001:000099f4       __DllMainCRTStartup@12     1000a9f4 f   MSVCRT:dll_dllmain.obj
 0001:00009a17       @_guard_check_icall@4      1000aa17 f i MSVCRT:checkcfg.obj
 0001:00009a20       __SEH_prolog4              1000aa20 f   MSVCRT:_sehprolg4_.obj
 0001:00009a66       __SEH_epilog4              1000aa66 f   MSVCRT:_sehprolg4_.obj
 0001:00009a7b       __except_handler4          1000aa7b f   MSVCRT:_chandler4gs_.obj
 0001:00009a9e       ??0bad_alloc@std@@QAE@ABV01@@Z 1000aa9e f i MSVCRT:throw_bad_alloc.obj
 0001:00009abf       ??0bad_alloc@std@@QAE@XZ   1000aabf f i MSVCRT:throw_bad_alloc.obj
 0001:00009ad7       ??0bad_array_new_length@std@@QAE@ABV01@@Z 1000aad7 f i MSVCRT:throw_bad_alloc.obj
 0001:00009af8       ??0bad_array_new_length@std@@QAE@XZ 1000aaf8 f i MSVCRT:throw_bad_alloc.obj
 0001:00009b10       ??0exception@std@@QAE@ABV01@@Z 1000ab10 f i MSVCRT:throw_bad_alloc.obj
 0001:00009b3c       ??1bad_array_new_length@std@@UAE@XZ 1000ab3c f i MSVCRT:throw_bad_alloc.obj
 0001:00009b3c       ??1bad_alloc@std@@UAE@XZ   1000ab3c f i MSVCRT:throw_bad_alloc.obj
 0001:00009b4d       ??_Eexception@std@@UAEPAXI@Z 1000ab4d f i MSVCRT:throw_bad_alloc.obj
 0001:00009b4d       ??_Gbad_alloc@std@@UAEPAXI@Z 1000ab4d f i MSVCRT:throw_bad_alloc.obj
 0001:00009b4d       ??_Ebad_alloc@std@@UAEPAXI@Z 1000ab4d f i MSVCRT:throw_bad_alloc.obj
 0001:00009b4d       ??_Ebad_array_new_length@std@@UAEPAXI@Z 1000ab4d f i MSVCRT:throw_bad_alloc.obj
 0001:00009b4d       ??_Gbad_array_new_length@std@@UAEPAXI@Z 1000ab4d f i MSVCRT:throw_bad_alloc.obj
 0001:00009b4d       ??_Gexception@std@@UAEPAXI@Z 1000ab4d f i MSVCRT:throw_bad_alloc.obj
 0001:00009b7a       ?__scrt_throw_std_bad_alloc@@YAXXZ 1000ab7a f   MSVCRT:throw_bad_alloc.obj
 0001:00009b97       ?__scrt_throw_std_bad_array_new_length@@YAXXZ 1000ab97 f   MSVCRT:throw_bad_alloc.obj
 0001:00009bb4       ?what@exception@std@@UBEPBDXZ 1000abb4 f i MSVCRT:throw_bad_alloc.obj
 0001:00009bc1       ___isa_available_init      1000abc1 f   MSVCRT:_cpu_disp_.obj
 0001:00009d62       ___scrt_is_ucrt_dll_in_use 1000ad62 f   MSVCRT:ucrt_detection.obj
 0001:00009d6e       ___scrt_fastfail           1000ad6e f   MSVCRT:utility_desktop.obj
 0001:00009e89       ___raise_securityfailure   1000ae89 f   MSVCRT:gs_report.obj
 0001:00009eb1       ___report_gsfailure        1000aeb1 f   MSVCRT:gs_report.obj
 0001:00009fac       ___security_init_cookie    1000afac f   MSVCRT:gs_support.obj
 0001:0000a048       ?__scrt_initialize_type_info@@YAXXZ 1000b048 f   MSVCRT:tncleanup.obj
 0001:0000a054       ?__scrt_uninitialize_type_info@@YAXXZ 1000b054 f   MSVCRT:tncleanup.obj
 0001:0000a060       ___local_stdio_scanf_options 1000b060 f i MSVCRT:default_local_stdio_options.obj
 0001:0000a066       ___scrt_initialize_default_local_stdio_options 1000b066 f   MSVCRT:default_local_stdio_options.obj
 0001:0000a083       ___scrt_get_dyn_tls_init_callback 1000b083 f   MSVCRT:dyn_tls_init.obj
 0001:0000a089       __RTC_Initialize           1000b089 f   MSVCRT:_initsect_.obj
 0001:0000a0b4       __RTC_Terminate            1000b0b4 f   MSVCRT:_initsect_.obj
 0001:0000a0e0       ___std_terminate           1000b0e0 f   vcruntime:VCRUNTIME140.dll
 0001:0000a0e6       __CxxThrowException@8      1000b0e6 f   vcruntime:VCRUNTIME140.dll
 0001:0000a0ec       ___CxxFrameHandler3        1000b0ec f   vcruntime:VCRUNTIME140.dll
 0001:0000a0f2       _memcpy                    1000b0f2 f   vcruntime:VCRUNTIME140.dll
 0001:0000a0f8       _memset                    1000b0f8 f   vcruntime:VCRUNTIME140.dll
 0001:0000a0fe       __purecall                 1000b0fe f   vcruntime:VCRUNTIME140.dll
 0001:0000a104       ___vcrt_InitializeCriticalSectionEx 1000b104 f   vcruntime:VCRUNTIME140.dll
 0001:0000a10a       ___telemetry_main_invoke_trigger 1000b10a f   vcruntime:VCRUNTIME140.dll
 0001:0000a110       ___telemetry_main_return_trigger 1000b110 f   vcruntime:VCRUNTIME140.dll
 0001:0000a116       __except_handler4_common   1000b116 f   vcruntime:VCRUNTIME140.dll
 0001:0000a11c       ___std_exception_copy      1000b11c f   vcruntime:VCRUNTIME140.dll
 0001:0000a122       ___std_exception_destroy   1000b122 f   vcruntime:VCRUNTIME140.dll
 0001:0000a128       ___std_type_info_destroy_list 1000b128 f   vcruntime:VCRUNTIME140.dll
 0001:0000a12e       _free                      1000b12e f   ucrt:api-ms-win-crt-heap-l1-1-0.dll
 0001:0000a134       __callnewh                 1000b134 f   ucrt:api-ms-win-crt-heap-l1-1-0.dll
 0001:0000a13a       _malloc                    1000b13a f   ucrt:api-ms-win-crt-heap-l1-1-0.dll
 0001:0000a140       __seh_filter_dll           1000b140 f   ucrt:api-ms-win-crt-runtime-l1-1-0.dll
 0001:0000a146       __initialize_narrow_environment 1000b146 f   ucrt:api-ms-win-crt-runtime-l1-1-0.dll
 0001:0000a14c       __initialize_onexit_table  1000b14c f   ucrt:api-ms-win-crt-runtime-l1-1-0.dll
 0001:0000a152       __register_onexit_function 1000b152 f   ucrt:api-ms-win-crt-runtime-l1-1-0.dll
 0001:0000a158       __execute_onexit_table     1000b158 f   ucrt:api-ms-win-crt-runtime-l1-1-0.dll
 0001:0000a15e       __crt_atexit               1000b15e f   ucrt:api-ms-win-crt-runtime-l1-1-0.dll
 0001:0000a164       __cexit                    1000b164 f   ucrt:api-ms-win-crt-runtime-l1-1-0.dll
 0001:0000a16a       __initterm                 1000b16a f   ucrt:api-ms-win-crt-runtime-l1-1-0.dll
 0001:0000a170       __initterm_e               1000b170 f   ucrt:api-ms-win-crt-runtime-l1-1-0.dll
 0001:0000a176       _IsProcessorFeaturePresent@4 1000b176 f   kernel32:KERNEL32.dll
 0001:0000a17c       ___acrt_thread_detach      1000b17c f   MSVCRT:ucrt_stubs.obj
 0001:0000a17c       ___acrt_initialize         1000b17c f   MSVCRT:ucrt_stubs.obj
 0001:0000a17c       ___scrt_stub_for_acrt_uninitialize_critical 1000b17c f   MSVCRT:ucrt_stubs.obj
 0001:0000a17c       ___scrt_stub_for_acrt_thread_attach 1000b17c f   MSVCRT:ucrt_stubs.obj
 0001:0000a17c       ___vcrt_thread_detach      1000b17c f   MSVCRT:ucrt_stubs.obj
 0001:0000a17c       ___vcrt_thread_attach      1000b17c f   MSVCRT:ucrt_stubs.obj
 0001:0000a17c       ___acrt_uninitialize_critical 1000b17c f   MSVCRT:ucrt_stubs.obj
 0001:0000a17c       ___acrt_thread_attach      1000b17c f   MSVCRT:ucrt_stubs.obj
 0001:0000a17c       ___scrt_stub_for_acrt_initialize 1000b17c f   MSVCRT:ucrt_stubs.obj
 0001:0000a17c       ___acrt_uninitialize       1000b17c f   MSVCRT:ucrt_stubs.obj
 0001:0000a17c       ___vcrt_initialize         1000b17c f   MSVCRT:ucrt_stubs.obj
 0001:0000a17c       ___vcrt_uninitialize_critical 1000b17c f   MSVCRT:ucrt_stubs.obj
 0001:0000a17c       ___scrt_stub_for_acrt_thread_detach 1000b17c f   MSVCRT:ucrt_stubs.obj
 0001:0000a17c       ___scrt_stub_for_acrt_uninitialize 1000b17c f   MSVCRT:ucrt_stubs.obj
 0001:0000a17c       ___vcrt_uninitialize       1000b17c f   MSVCRT:ucrt_stubs.obj
 0001:0000a17f       __is_c_termination_complete 1000b17f f   MSVCRT:ucrt_stubs.obj
 0001:0000a17f       ___scrt_stub_for_is_c_termination_complete 1000b17f f   MSVCRT:ucrt_stubs.obj
 0001:0000ac20       ??__FstrHeap@?1??GetInstance@CAtlStringMgr@ATL@@SAPAUIAtlStringMgr@2@XZ@YAXXZ 1000bc20 f i ConsoleDlg.obj
 0001:0000ac50       ??__FstrMgr@?1??GetInstance@CAtlStringMgr@ATL@@SAPAUIAtlStringMgr@2@XZ@YAXXZ 1000bc50 f i ConsoleDlg.obj
 0002:00000000       __imp__DecodePointer@4     1000c000     kernel32:KERNEL32.dll
 0002:00000004       __imp__RaiseException@16   1000c004     kernel32:KERNEL32.dll
 0002:00000008       __imp__GetLastError@0      1000c008     kernel32:KERNEL32.dll
 0002:0000000c       __imp__HeapDestroy@4       1000c00c     kernel32:KERNEL32.dll
 0002:00000010       __imp__HeapAlloc@12        1000c010     kernel32:KERNEL32.dll
 0002:00000014       __imp__HeapReAlloc@16      1000c014     kernel32:KERNEL32.dll
 0002:00000018       __imp__HeapFree@12         1000c018     kernel32:KERNEL32.dll
 0002:0000001c       __imp__HeapSize@12         1000c01c     kernel32:KERNEL32.dll
 0002:00000020       __imp__GetProcessHeap@0    1000c020     kernel32:KERNEL32.dll
 0002:00000024       __imp__InitializeCriticalSectionEx@12 1000c024     kernel32:KERNEL32.dll
 0002:00000028       __imp__DeleteCriticalSection@4 1000c028     kernel32:KERNEL32.dll
 0002:0000002c       __imp__GetLocalTime@4      1000c02c     kernel32:KERNEL32.dll
 0002:00000030       __imp__LoadLibraryW@4      1000c030     kernel32:KERNEL32.dll
 0002:00000034       __imp__SetLastError@4      1000c034     kernel32:KERNEL32.dll
 0002:00000038       __imp__InitializeCriticalSection@4 1000c038     kernel32:KERNEL32.dll
 0002:0000003c       __imp__EnterCriticalSection@4 1000c03c     kernel32:KERNEL32.dll
 0002:00000040       __imp__LeaveCriticalSection@4 1000c040     kernel32:KERNEL32.dll
 0002:00000044       __imp__GetCurrentThreadId@0 1000c044     kernel32:KERNEL32.dll
 0002:00000048       __imp__GetCurrentProcessId@0 1000c048     kernel32:KERNEL32.dll
 0002:0000004c       __imp__QueryPerformanceCounter@4 1000c04c     kernel32:KERNEL32.dll
 0002:00000050       __imp__TerminateProcess@8  1000c050     kernel32:KERNEL32.dll
 0002:00000054       __imp__SetUnhandledExceptionFilter@4 1000c054     kernel32:KERNEL32.dll
 0002:00000058       __imp__UnhandledExceptionFilter@4 1000c058     kernel32:KERNEL32.dll
 0002:0000005c       __imp__GetModuleHandleW@4  1000c05c     kernel32:KERNEL32.dll
 0002:00000060       __imp__CreateEventW@16     1000c060     kernel32:KERNEL32.dll
 0002:00000064       __imp__WaitForSingleObjectEx@12 1000c064     kernel32:KERNEL32.dll
 0002:00000068       __imp__ResetEvent@4        1000c068     kernel32:KERNEL32.dll
 0002:0000006c       __imp__SetEvent@4          1000c06c     kernel32:KERNEL32.dll
 0002:00000070       __imp__OutputDebugStringW@4 1000c070     kernel32:KERNEL32.dll
 0002:00000074       __imp__IsDebuggerPresent@0 1000c074     kernel32:KERNEL32.dll
 0002:00000078       __imp__LoadLibraryExA@12   1000c078     kernel32:KERNEL32.dll
 0002:0000007c       __imp__GetProcAddress@8    1000c07c     kernel32:KERNEL32.dll
 0002:00000080       __imp__VirtualFree@12      1000c080     kernel32:KERNEL32.dll
 0002:00000084       __imp__VirtualAlloc@16     1000c084     kernel32:KERNEL32.dll
 0002:00000088       __imp__IsProcessorFeaturePresent@4 1000c088     kernel32:KERNEL32.dll
 0002:0000008c       __imp__FlushInstructionCache@12 1000c08c     kernel32:KERNEL32.dll
 0002:00000090       __imp__GetCurrentProcess@0 1000c090     kernel32:KERNEL32.dll
 0002:00000094       __imp__InterlockedPushEntrySList@8 1000c094     kernel32:KERNEL32.dll
 0002:00000098       __imp__InterlockedPopEntrySList@4 1000c098     kernel32:KERNEL32.dll
 0002:0000009c       __imp__InitializeSListHead@4 1000c09c     kernel32:KERNEL32.dll
 0002:000000a0       __imp__EncodePointer@4     1000c0a0     kernel32:KERNEL32.dll
 0002:000000a4       __imp__CloseHandle@4       1000c0a4     kernel32:KERNEL32.dll
 0002:000000a8       __imp__TerminateThread@8   1000c0a8     kernel32:KERNEL32.dll
 0002:000000ac       __imp__Sleep@4             1000c0ac     kernel32:KERNEL32.dll
 0002:000000b0       __imp__WideCharToMultiByte@32 1000c0b0     kernel32:KERNEL32.dll
 0002:000000b4       __imp__MultiByteToWideChar@24 1000c0b4     kernel32:KERNEL32.dll
 0002:000000b8       __imp__GetSystemTimeAsFileTime@4 1000c0b8     kernel32:KERNEL32.dll
 0002:000000bc       \177KERNEL32_NULL_THUNK_DATA 1000c0bc     kernel32:KERNEL32.dll
 0002:000000c0       __imp_?_Xout_of_range@std@@YAXPBD@Z 1000c0c0     msvcprt:MSVCP140.dll
 0002:000000c4       __imp_?_Xlength_error@std@@YAXPBD@Z 1000c0c4     msvcprt:MSVCP140.dll
 0002:000000c8       __imp_?_Xbad_alloc@std@@YAXXZ 1000c0c8     msvcprt:MSVCP140.dll
 0002:000000cc       \177MSVCP140_NULL_THUNK_DATA 1000c0cc     msvcprt:MSVCP140.dll
 0002:000000d0       __imp__CreateDialogParamW@20 1000c0d0     user32:USER32.dll
 0002:000000d4       __imp__PostMessageW@16     1000c0d4     user32:USER32.dll
 0002:000000d8       __imp__PeekMessageW@20     1000c0d8     user32:USER32.dll
 0002:000000dc       __imp__DispatchMessageW@4  1000c0dc     user32:USER32.dll
 0002:000000e0       __imp__GetMessageW@16      1000c0e0     user32:USER32.dll
 0002:000000e4       __imp__SetWindowLongW@12   1000c0e4     user32:USER32.dll
 0002:000000e8       __imp__ScreenToClient@8    1000c0e8     user32:USER32.dll
 0002:000000ec       __imp__MessageBoxW@16      1000c0ec     user32:USER32.dll
 0002:000000f0       __imp__TranslateMessage@4  1000c0f0     user32:USER32.dll
 0002:000000f4       __imp__GetWindowTextLengthW@4 1000c0f4     user32:USER32.dll
 0002:000000f8       __imp__GetWindowTextW@12   1000c0f8     user32:USER32.dll
 0002:000000fc       __imp__SetDlgItemTextW@12  1000c0fc     user32:USER32.dll
 0002:00000100       __imp__GetDlgItem@8        1000c100     user32:USER32.dll
 0002:00000104       __imp__ShowWindow@8        1000c104     user32:USER32.dll
 0002:00000108       __imp__DestroyWindow@4     1000c108     user32:USER32.dll
 0002:0000010c       __imp__CreateWindowExW@48  1000c10c     user32:USER32.dll
 0002:00000110       __imp__UnregisterClassW@8  1000c110     user32:USER32.dll
 0002:00000114       __imp__PostQuitMessage@4   1000c114     user32:USER32.dll
 0002:00000118       __imp__SendMessageW@16     1000c118     user32:USER32.dll
 0002:0000011c       __imp__GetWindowRect@8     1000c11c     user32:USER32.dll
 0002:00000120       \177USER32_NULL_THUNK_DATA 1000c120     user32:USER32.dll
 0002:00000124       __imp____std_exception_destroy 1000c124     vcruntime:VCRUNTIME140.dll
 0002:00000128       __imp____std_type_info_destroy_list 1000c128     vcruntime:VCRUNTIME140.dll
 0002:0000012c       __imp____std_exception_copy 1000c12c     vcruntime:VCRUNTIME140.dll
 0002:00000130       __imp___except_handler4_common 1000c130     vcruntime:VCRUNTIME140.dll
 0002:00000134       __imp____telemetry_main_return_trigger 1000c134     vcruntime:VCRUNTIME140.dll
 0002:00000138       __imp____std_terminate     1000c138     vcruntime:VCRUNTIME140.dll
 0002:0000013c       __imp__memmove             1000c13c     vcruntime:VCRUNTIME140.dll
 0002:00000140       __imp___CxxThrowException@8 1000c140     vcruntime:VCRUNTIME140.dll
 0002:00000144       __imp____CxxFrameHandler3  1000c144     vcruntime:VCRUNTIME140.dll
 0002:00000148       __imp__memcpy              1000c148     vcruntime:VCRUNTIME140.dll
 0002:0000014c       __imp__memset              1000c14c     vcruntime:VCRUNTIME140.dll
 0002:00000150       __imp___purecall           1000c150     vcruntime:VCRUNTIME140.dll
 0002:00000154       __imp____vcrt_InitializeCriticalSectionEx 1000c154     vcruntime:VCRUNTIME140.dll
 0002:00000158       __imp____telemetry_main_invoke_trigger 1000c158     vcruntime:VCRUNTIME140.dll
 0002:0000015c       \177VCRUNTIME140_NULL_THUNK_DATA 1000c15c     vcruntime:VCRUNTIME140.dll
 0002:00000160       __imp__timeBeginPeriod@4   1000c160     Winmm:WINMM.dll
 0002:00000164       __imp__timeSetEvent@20     1000c164     Winmm:WINMM.dll
 0002:00000168       __imp__timeGetDevCaps@8    1000c168     Winmm:WINMM.dll
 0002:0000016c       __imp__timeKillEvent@4     1000c16c     Winmm:WINMM.dll
 0002:00000170       \177WINMM_NULL_THUNK_DATA  1000c170     Winmm:WINMM.dll
 0002:00000174       __imp__WSACleanup@0        1000c174     Ws2_32:WS2_32.dll
 0002:00000178       __imp____WSAFDIsSet@8      1000c178     Ws2_32:WS2_32.dll
 0002:0000017c       __imp__accept@12           1000c17c     Ws2_32:WS2_32.dll
 0002:00000180       __imp__bind@12             1000c180     Ws2_32:WS2_32.dll
 0002:00000184       __imp__closesocket@4       1000c184     Ws2_32:WS2_32.dll
 0002:00000188       __imp__gethostbyname@4     1000c188     Ws2_32:WS2_32.dll
 0002:0000018c       __imp__htonl@4             1000c18c     Ws2_32:WS2_32.dll
 0002:00000190       __imp__select@20           1000c190     Ws2_32:WS2_32.dll
 0002:00000194       __imp__listen@8            1000c194     Ws2_32:WS2_32.dll
 0002:00000198       __imp__WSASetLastError@4   1000c198     Ws2_32:WS2_32.dll
 0002:0000019c       __imp__inet_addr@4         1000c19c     Ws2_32:WS2_32.dll
 0002:000001a0       __imp__send@16             1000c1a0     Ws2_32:WS2_32.dll
 0002:000001a4       __imp__socket@12           1000c1a4     Ws2_32:WS2_32.dll
 0002:000001a8       __imp__connect@12          1000c1a8     Ws2_32:WS2_32.dll
 0002:000001ac       __imp__inet_ntoa@4         1000c1ac     Ws2_32:WS2_32.dll
 0002:000001b0       __imp__recvfrom@24         1000c1b0     Ws2_32:WS2_32.dll
 0002:000001b4       __imp__recv@16             1000c1b4     Ws2_32:WS2_32.dll
 0002:000001b8       __imp__sendto@24           1000c1b8     Ws2_32:WS2_32.dll
 0002:000001bc       __imp__ntohs@4             1000c1bc     Ws2_32:WS2_32.dll
 0002:000001c0       __imp__ntohl@4             1000c1c0     Ws2_32:WS2_32.dll
 0002:000001c4       __imp__htons@4             1000c1c4     Ws2_32:WS2_32.dll
 0002:000001c8       __imp__WSAStartup@8        1000c1c8     Ws2_32:WS2_32.dll
 0002:000001cc       \177WS2_32_NULL_THUNK_DATA 1000c1cc     Ws2_32:WS2_32.dll
 0002:000001d0       __imp___wtoi               1000c1d0     ucrt:api-ms-win-crt-convert-l1-1-0.dll
 0002:000001d4       \177api-ms-win-crt-convert-l1-1-0_NULL_THUNK_DATA 1000c1d4     ucrt:api-ms-win-crt-convert-l1-1-0.dll
 0002:000001d8       __imp__free                1000c1d8     ucrt:api-ms-win-crt-heap-l1-1-0.dll
 0002:000001dc       __imp___callnewh           1000c1dc     ucrt:api-ms-win-crt-heap-l1-1-0.dll
 0002:000001e0       __imp__malloc              1000c1e0     ucrt:api-ms-win-crt-heap-l1-1-0.dll
 0002:000001e4       \177api-ms-win-crt-heap-l1-1-0_NULL_THUNK_DATA 1000c1e4     ucrt:api-ms-win-crt-heap-l1-1-0.dll
 0002:000001e8       __imp___invalid_parameter_noinfo_noreturn 1000c1e8     ucrt:api-ms-win-crt-runtime-l1-1-0.dll
 0002:000001ec       __imp___errno              1000c1ec     ucrt:api-ms-win-crt-runtime-l1-1-0.dll
 0002:000001f0       __imp___wassert            1000c1f0     ucrt:api-ms-win-crt-runtime-l1-1-0.dll
 0002:000001f4       __imp___cexit              1000c1f4     ucrt:api-ms-win-crt-runtime-l1-1-0.dll
 0002:000001f8       __imp___initterm           1000c1f8     ucrt:api-ms-win-crt-runtime-l1-1-0.dll
 0002:000001fc       __imp___execute_onexit_table 1000c1fc     ucrt:api-ms-win-crt-runtime-l1-1-0.dll
 0002:00000200       __imp___register_onexit_function 1000c200     ucrt:api-ms-win-crt-runtime-l1-1-0.dll
 0002:00000204       __imp___initialize_onexit_table 1000c204     ucrt:api-ms-win-crt-runtime-l1-1-0.dll
 0002:00000208       __imp___initterm_e         1000c208     ucrt:api-ms-win-crt-runtime-l1-1-0.dll
 0002:0000020c       __imp___initialize_narrow_environment 1000c20c     ucrt:api-ms-win-crt-runtime-l1-1-0.dll
 0002:00000210       __imp___invalid_parameter_noinfo 1000c210     ucrt:api-ms-win-crt-runtime-l1-1-0.dll
 0002:00000214       __imp___crt_atexit         1000c214     ucrt:api-ms-win-crt-runtime-l1-1-0.dll
 0002:00000218       __imp___seh_filter_dll     1000c218     ucrt:api-ms-win-crt-runtime-l1-1-0.dll
 0002:0000021c       __imp___beginthreadex      1000c21c     ucrt:api-ms-win-crt-runtime-l1-1-0.dll
 0002:00000220       \177api-ms-win-crt-runtime-l1-1-0_NULL_THUNK_DATA 1000c220     ucrt:api-ms-win-crt-runtime-l1-1-0.dll
 0002:00000224       __imp____stdio_common_vswprintf_s 1000c224     ucrt:api-ms-win-crt-stdio-l1-1-0.dll
 0002:00000228       \177api-ms-win-crt-stdio-l1-1-0_NULL_THUNK_DATA 1000c228     ucrt:api-ms-win-crt-stdio-l1-1-0.dll
 0002:0000022c       __imp__wcsnlen             1000c22c     ucrt:api-ms-win-crt-string-l1-1-0.dll
 0002:00000230       __imp__strcpy_s            1000c230     ucrt:api-ms-win-crt-string-l1-1-0.dll
 0002:00000234       \177api-ms-win-crt-string-l1-1-0_NULL_THUNK_DATA 1000c234     ucrt:api-ms-win-crt-string-l1-1-0.dll
 0002:00000238       __imp__OleUninitialize@0   1000c238     ole32:ole32.dll
 0002:0000023c       __imp__OleInitialize@4     1000c23c     ole32:ole32.dll
 0002:00000240       \177ole32_NULL_THUNK_DATA  1000c240     ole32:ole32.dll
 0002:00000244       ___guard_check_icall_fptr  1000c244     MSVCRT:guard_support.obj
 0002:00000248       ___xc_a                    1000c248     MSVCRT:initializers.obj
 0002:0000027c       ___xc_z                    1000c27c     MSVCRT:initializers.obj
 0002:00000280       ___xi_a                    1000c280     MSVCRT:initializers.obj
 0002:00000288       ___xi_z                    1000c288     MSVCRT:initializers.obj
 0002:0000028c       ___xl_a                    1000c28c     MSVCRT:tlssup.obj
 0002:00000290       ___xl_z                    1000c290     MSVCRT:tlssup.obj
 0002:00000294       ___xp_a                    1000c294     MSVCRT:initializers.obj
 0002:00000298       ___xp_z                    1000c298     MSVCRT:initializers.obj
 0002:0000029c       ___xt_a                    1000c29c     MSVCRT:initializers.obj
 0002:000002a0       ___xt_z                    1000c2a0     MSVCRT:initializers.obj
 0002:000002b0       ??_C@_11LOCGONAA@?$AA?$AA@ 1000c2b0     ConsoleDlg.obj
 0002:000002b8       ??_7CWin32Heap@ATL@@6B@    1000c2b8     ConsoleDlg.obj
 0002:000002d0       ??_7CAtlStringMgr@ATL@@6B@ 1000c2d0     ConsoleDlg.obj
 0002:000002ec       ??_7CConsoleDlg@@6B@       1000c2ec     ConsoleDlg.obj
 0002:000002fc       ??_C@_1BI@FOHIGIAE@?$AAR?$AAi?$AAc?$AAh?$AAE?$AAd?$AAi?$AAt?$AA2?$AA0?$AAW?$AA?$AA@ 1000c2fc     ConsoleDlg.obj
 0002:00000314       ??_C@_15NHPHCOCM@?$FL?$ILOS?$AA?$AA@ 1000c314     ConsoleDlg.obj
 0002:0000031c       ??_C@_1BK@FNHDCFOH@?$AAr?$AAi?$AAc?$AAh?$AAe?$AAd?$AA2?$AA0?$AA?4?$AAd?$AAl?$AAl?$AA?$AA@ 1000c31c     ConsoleDlg.obj
 0002:00000338       ??_C@_1M@OPFBIOCF@?$AAD?$AAe?$AAb?$AAu?$AAg?$AA?$AA@ 1000c338     ConsoleDlg.obj
 0002:00000344       ??_C@_1BA@OJIADIDO@c?$KFe6e?$LJN?$AN?$IA?$PNN?3zz?$AA?$AA@ 1000c344     ConsoleDlg.obj
 0002:00000354       ??_C@_1BC@BBAFFHDE@S?Q?$JA?$ABepcnN?$AN?$IA?$PNN?3zz?$AA?$AA@ 1000c354     ConsoleDlg.obj
 0002:00000368       ??_C@_1BO@CBHCMNJI@?$AAC?$AAo?$AAn?$AAs?$AAo?$AAl?$AAe?$AAD?$AAl?$AAg?$AA?4?$AAc?$AAp?$AAp?$AA?$AA@ 1000c368     ConsoleDlg.obj
 0002:00000388       ??_C@_1CA@CBFMBJPH@?$AAl?$AAi?$AAs?$AAt?$AAC?$AAt?$AAr?$AAl?$AA?4?$AAm?$AA_?$AAh?$AAW?$AAn?$AAd?$AA?$AA@ 1000c388     ConsoleDlg.obj
 0002:000003a8       ??_C@_19NHPFCCLF@?$AA?$CF?$AA0?$AA2?$AAx?$AA?$AA@ 1000c3a8     ConsoleDlg.obj
 0002:000003b4       ??_C@_1M@FHJLFHFE@?$AA?5?$AA?$CF?$AA0?$AA2?$AAx?$AA?$AA@ 1000c3b4     ConsoleDlg.obj
 0002:000003c0       ??_C@_15JNBOKNOG@?$AA?$AN?$AA?6?$AA?$AA@ 1000c3c0     ConsoleDlg.obj
 0002:000003c8       ??_C@_1BG@HPKGCGKD@?$AA?$DM?$AA?$DN?$AA?$DN?$AA?$DN?$AA?$DN?$AA?5c?$KFe6?$HO?Hz?o?$AA?$AA@ 1000c3c8     ConsoleDlg.obj
 0002:000003e0       ??_C@_1BG@HMDCMNJC@?$AA?$DN?$AA?$DN?$AA?$DN?$AA?$DN?$AA?$DO?$AA?5S?Q?$JA?$AB?$HO?Hz?o?$AA?$AA@ 1000c3e0     ConsoleDlg.obj
 0002:000003f8       ??_C@_1BC@IFEGDKFA@?$AA?5?$AA0?$AAx?$AA?$CF?$AA0?$AA2?$AAx?$AA?5?$AA?$AA@ 1000c3f8     ConsoleDlg.obj
 0002:00000410       ??_C@_1EA@IMMGJFAJ@?$AA?$CF?$AA0?$AA4?$AAd?$FOt?$AA?$CF?$AA0?$AA2?$AAdg?$AI?$AA?$CF?$AA0?$AA2?$AAde?e?$AA?5?$AA?$CF?$AA2?$AAd?$AA?3?$AA?$CF?$AA2?$AAd?$AA?3?$AA?$CF?$AA2?$AAd?$AA?3?$AA?$CF?$AA3?$AAd?$AA?$AA@ 1000c410     ConsoleDlg.obj
 0002:00000450       ??_C@_1EK@HHGNEKIN@?$AA?$CF?$AA0?$AA4?$AAu?$AA?5?$AA?$CF?$AA0?$AA4?$AAd?$FOt?$AA?$CF?$AA0?$AA2?$AAdg?$AI?$AA?$CF?$AA0?$AA2?$AAde?e?$AA?5?$AA?$CF?$AA2?$AAd?$AA?3?$AA?$CF?$AA2?$AAd?$AA?3?$AA?$CF?$AA2?$AAd@ 1000c450     ConsoleDlg.obj
 0002:0000049c       ??_C@_19NPNFKKPJ@?$AA?$AN?$AA?6?$AA?5?$AA?5?$AA?$AA@ 1000c49c     ConsoleDlg.obj
 0002:000004ac       ??_7CMessageLoop@WTL@@6B@  1000c4ac     ConsoleThread.obj
 0002:000004c0       ??_7CConsoleThread@@6B@    1000c4c0     ConsoleThread.obj
 0002:000004d0       ??_7CEndPointMgr@@6B@      1000c4d0     EndPointMgr.obj
 0002:000004e4       ??_7CNetKernel@@6B@        1000c4e4     NetKernel.obj
 0002:0000051c       ??_C@_1M@BGBFMMDO@N?$ALOMg?3?$JA?$BK?$JAS?$AA?$AA@ 1000c51c     NetKernel.obj
 0002:00000528       ??_C@_1O@EILJAILB@?$IP?$NMz?o?$AAP?$AAC?$JA?$BK?$JAS?$AA?$AA@ 1000c528     NetKernel.obj
 0002:0000053c       ??_7CPacking@@6B@          1000c53c     Packing.obj
 0002:00000564       ??_7CRecvThread@@6B@       1000c564     RecvThread.obj
 0002:00000570       ??_C@_1BO@EKLJEAGN@?$AAR?$AAe?$AAc?$AAv?$AAT?$AAh?$AAr?$AAe?$AAa?$AAd?$AA?4?$AAc?$AAp?$AAp?$AA?$AA@ 1000c570     RecvThread.obj
 0002:00000590       ??_C@_1BA@MGLLLADA@?$AAp?$AAS?$AAo?$AAc?$AAk?$AAe?$AAt?$AA?$AA@ 1000c590     RecvThread.obj
 0002:000005a0       ??_C@_1M@HLGKFCJM@?$AAf?$AAa?$AAl?$AAs?$AAe?$AA?$AA@ 1000c5a0     RecvThread.obj
 0002:000005b0       ??_7CRemoteServer@@6B@     1000c5b0     RemoteServer.obj
 0002:000005bc       ??_C@_1CC@JPIPNEGH@?$AAR?$AAe?$AAm?$AAo?$AAt?$AAe?$AAS?$AAe?$AAr?$AAv?$AAe?$AAr?$AA?4?$AAc?$AAp?$AAp?$AA?$AA@ 1000c5bc     RemoteServer.obj
 0002:000005e0       ??_C@_1BK@LEILNOBM@?$AAp?$AAT?$AAr?$AAa?$AAn?$AAs?$AAp?$AAo?$AAn?$AAd?$AAe?$AAr?$AA?$AA@ 1000c5e0     RemoteServer.obj
 0002:000005fc       ??_C@_1O@JDBGKOGH@N?9?$IPl?$AAP?$AAC?$JA?$BK?$JAS?$AA?$AA@ 1000c5fc     RemoteServer.obj
 0002:00000610       ??_7CSendThread@@6B@       1000c610     SendThread.obj
 0002:0000061c       ??_C@_1BO@EICJANKC@?$AAS?$AAe?$AAn?$AAd?$AAT?$AAh?$AAr?$AAe?$AAa?$AAd?$AA?4?$AAc?$AAp?$AAp?$AA?$AA@ 1000c61c     SendThread.obj
 0002:0000063c       ??_C@_0BB@MOGOBHAF@list?$DMT?$DO?5too?5long?$AA@ 1000c63c     SendThread.obj
 0002:00000654       ??_7CTransponder@@6B@      1000c654     Transponder.obj
 0002:00000664       ??_C@_1CA@IOEMFKDL@?$AAT?$AAr?$AAa?$AAn?$AAs?$AAp?$AAo?$AAn?$AAd?$AAe?$AAr?$AA?4?$AAc?$AAp?$AAp?$AA?$AA@ 1000c664     Transponder.obj
 0002:00000684       ??_C@_1BC@KFGHFJLO@?$AAp?$AAP?$AAa?$AAc?$AAk?$AAi?$AAn?$AAg?$AA?$AA@ 1000c684     Transponder.obj
 0002:0000069c       ??_7ITransport@NetLib@@6B@ 1000c69c     Transport.obj
 0002:000006b8       ??_7CTransport@@6BITransport@NetLib@@@ 1000c6b8     Transport.obj
 0002:000006d4       ??_7CTransport@@6BCTimer@Skyray@@@ 1000c6d4     Transport.obj
 0002:000006dc       ??_7CTransport@@6BCThread@Skyray@@@ 1000c6dc     Transport.obj
 0002:000006ec       ??_7CUnpacking@@6B@        1000c6ec     Unpacking.obj
 0002:00000710       ??_C@_0N@FJEPLCIH@atlthunk?4dll?$AA@ 1000c710     atls:atlthunk.obj
 0002:00000720       ??_C@_0BG@GAKFHCBM@AtlThunk_AllocateData?$AA@ 1000c720     atls:atlthunk.obj
 0002:00000738       ??_C@_0BC@JKONFIAH@AtlThunk_InitData?$AA@ 1000c738     atls:atlthunk.obj
 0002:0000074c       ??_C@_0BE@IAOEELAK@AtlThunk_DataToCode?$AA@ 1000c74c     atls:atlthunk.obj
 0002:00000760       ??_C@_0BC@GBGKAIPI@AtlThunk_FreeData?$AA@ 1000c760     atls:atlthunk.obj
 0002:00000774       _GUID_ATLVer110            1000c774     atls:atlbase.obj
 0002:00000788       ??_C@_1IC@ONKHOIDK@?$AAE?$AAR?$AAR?$AAO?$AAR?$AA?5?$AA?3?$AA?5?$AAU?$AAn?$AAa?$AAb?$AAl?$AAe?$AA?5?$AAt?$AAo?$AA?5?$AAi?$AAn?$AAi?$AAt?$AAi?$AAa?$AAl?$AAi?$AAz?$AAe?$AA?5?$AAc?$AAr?$AAi@ 1000c788     atls:atlbase.obj
 0002:0000080c       ??_C@_1BK@MGMFAEKH@?$AAk?$AAe?$AAr?$AAn?$AAe?$AAl?$AA3?$AA2?$AA?4?$AAd?$AAl?$AAl?$AA?$AA@ 1000c80c     MSVCRT:thread_safe_statics.obj
 0002:00000828       ??_C@_0BM@HLJJNPAH@InitializeConditionVariable?$AA@ 1000c828     MSVCRT:thread_safe_statics.obj
 0002:00000844       ??_C@_0BJ@JEBJOJFJ@SleepConditionVariableCS?$AA@ 1000c844     MSVCRT:thread_safe_statics.obj
 0002:00000860       ??_C@_0BJ@PGPPEPCC@WakeAllConditionVariable?$AA@ 1000c860     MSVCRT:thread_safe_statics.obj
 0002:00000880       ??_7type_info@@6B@         1000c880     MSVCRT:std_type_info_static.obj
 0002:00000884       __pDefaultRawDllMain       1000c884     MSVCRT:dll_dllmain.obj
 0002:00000884       __pRawDllMain              1000c884     MSVCRT:dll_dllmain.obj
 0002:0000088c       ??_7exception@std@@6B@     1000c88c     MSVCRT:throw_bad_alloc.obj
 0002:00000894       ??_C@_0BC@EOODALEL@Unknown?5exception?$AA@ 1000c894     MSVCRT:throw_bad_alloc.obj
 0002:000008ac       ??_7bad_alloc@std@@6B@     1000c8ac     MSVCRT:throw_bad_alloc.obj
 0002:000008b4       ??_C@_0P@GHFPNOJB@bad?5allocation?$AA@ 1000c8b4     MSVCRT:throw_bad_alloc.obj
 0002:000008c8       ??_7bad_array_new_length@std@@6B@ 1000c8c8     MSVCRT:throw_bad_alloc.obj
 0002:000008d0       ??_C@_0BF@KINCDENJ@bad?5array?5new?5length?$AA@ 1000c8d0     MSVCRT:throw_bad_alloc.obj
 0002:000008f0       ??_C@_0BH@HHDGIIFB@0123456789abcdefABCDEF?$AA@ 1000c8f0     SkyrayLib:SkyrayUtil.obj
 0002:00000908       ??_C@_1CO@DKIKAOPP@?$AA0?$AA1?$AA2?$AA3?$AA4?$AA5?$AA6?$AA7?$AA8?$AA9?$AAa?$AAb?$AAc?$AAd?$AAe?$AAf?$AAA?$AAB?$AAC?$AAD?$AAE?$AAF?$AA?$AA@ 1000c908     SkyrayLib:SkyrayUtil.obj
 0002:00000938       ??_C@_0BD@OLBABOEK@vector?$DMT?$DO?5too?5long?$AA@ 1000c938     SkyrayLib:SkyrayUtil.obj
 0002:0000094c       ??_C@_0BI@CFPLBAOH@invalid?5string?5position?$AA@ 1000c94c     SkyrayLib:SkyrayUtil.obj
 0002:00000964       ??_C@_0BA@JFNIOLAK@string?5too?5long?$AA@ 1000c964     SkyrayLib:SkyrayUtil.obj
 0002:00000978       ??_7CThread@Skyray@@6B@    1000c978     SkyrayLib:SkyrayThread.obj
 0002:00000988       ??_7CSocket@Skyray@@6B@    1000c988     SkyrayLib:SkyraySocket.obj
 0002:000009b4       ??_7CTimer@Skyray@@6B@     1000c9b4     SkyrayLib:SkyrayTimer.obj
 0002:00000a18       __load_config_used         1000ca18     MSVCRT:loadcfg.obj
 0002:00000a74       __tls_used                 1000ca74     MSVCRT:tlssup.obj
 0002:00000a8c       ??_R4CWin32Heap@ATL@@6B@   1000ca8c     ConsoleDlg.obj
 0002:00000aa0       ??_R3CWin32Heap@ATL@@8     1000caa0     ConsoleDlg.obj
 0002:00000ab0       ??_R2CWin32Heap@ATL@@8     1000cab0     ConsoleDlg.obj
 0002:00000abc       ??_R1A@?0A@EA@CWin32Heap@ATL@@8 1000cabc     ConsoleDlg.obj
 0002:00000ad8       ??_R1A@?0A@EA@IAtlMemMgr@ATL@@8 1000cad8     ConsoleDlg.obj
 0002:00000af4       ??_R3IAtlMemMgr@ATL@@8     1000caf4     ConsoleDlg.obj
 0002:00000b04       ??_R2IAtlMemMgr@ATL@@8     1000cb04     ConsoleDlg.obj
 0002:00000b0c       ??_R1A@?0A@EA@IAtlStringMgr@ATL@@8 1000cb0c     ConsoleDlg.obj
 0002:00000b28       ??_R3IAtlStringMgr@ATL@@8  1000cb28     ConsoleDlg.obj
 0002:00000b38       ??_R2IAtlStringMgr@ATL@@8  1000cb38     ConsoleDlg.obj
 0002:00000b40       ??_R4CAtlStringMgr@ATL@@6B@ 1000cb40     ConsoleDlg.obj
 0002:00000b54       ??_R3CAtlStringMgr@ATL@@8  1000cb54     ConsoleDlg.obj
 0002:00000b64       ??_R2CAtlStringMgr@ATL@@8  1000cb64     ConsoleDlg.obj
 0002:00000b70       ??_R1A@?0A@EA@CAtlStringMgr@ATL@@8 1000cb70     ConsoleDlg.obj
 0002:00000b8c       ??_R3CMessageMap@ATL@@8    1000cb8c     ConsoleDlg.obj
 0002:00000b9c       ??_R2CMessageMap@ATL@@8    1000cb9c     ConsoleDlg.obj
 0002:00000ba4       ??_R1A@?0A@EA@CMessageMap@ATL@@8 1000cba4     ConsoleDlg.obj
 0002:00000bc0       ??_R1A@?0A@EA@?$CWindowImplRoot@VCWindow@ATL@@@ATL@@8 1000cbc0     ConsoleDlg.obj
 0002:00000bdc       ??_R3?$CWindowImplRoot@VCWindow@ATL@@@ATL@@8 1000cbdc     ConsoleDlg.obj
 0002:00000bec       ??_R2?$CWindowImplRoot@VCWindow@ATL@@@ATL@@8 1000cbec     ConsoleDlg.obj
 0002:00000bfc       ??_R13?0A@EA@CWindow@ATL@@8 1000cbfc     ConsoleDlg.obj
 0002:00000c18       ??_R3CWindow@ATL@@8        1000cc18     ConsoleDlg.obj
 0002:00000c28       ??_R2CWindow@ATL@@8        1000cc28     ConsoleDlg.obj
 0002:00000c30       ??_R1A@?0A@EA@CWindow@ATL@@8 1000cc30     ConsoleDlg.obj
 0002:00000c4c       ??_R3?$CDialogImplBaseT@VCWindow@ATL@@@ATL@@8 1000cc4c     ConsoleDlg.obj
 0002:00000c5c       ??_R2?$CDialogImplBaseT@VCWindow@ATL@@@ATL@@8 1000cc5c     ConsoleDlg.obj
 0002:00000c70       ??_R1A@?0A@EA@?$CDialogImplBaseT@VCWindow@ATL@@@ATL@@8 1000cc70     ConsoleDlg.obj
 0002:00000c8c       ??_R4CConsoleDlg@@6B@      1000cc8c     ConsoleDlg.obj
 0002:00000ca0       ??_R3CConsoleDlg@@8        1000cca0     ConsoleDlg.obj
 0002:00000cb0       ??_R2CConsoleDlg@@8        1000ccb0     ConsoleDlg.obj
 0002:00000ccc       ??_R1A@?0A@EA@CConsoleDlg@@8 1000cccc     ConsoleDlg.obj
 0002:00000ce8       ??_R1A@?0A@EA@?$CDialogImpl@VCConsoleDlg@@VCWindow@ATL@@@ATL@@8 1000cce8     ConsoleDlg.obj
 0002:00000d04       ??_R3?$CDialogImpl@VCConsoleDlg@@VCWindow@ATL@@@ATL@@8 1000cd04     ConsoleDlg.obj
 0002:00000d14       ??_R2?$CDialogImpl@VCConsoleDlg@@VCWindow@ATL@@@ATL@@8 1000cd14     ConsoleDlg.obj
 0002:00000d2c       ??_R4CMessageLoop@WTL@@6B@ 1000cd2c     ConsoleThread.obj
 0002:00000d40       ??_R3CMessageLoop@WTL@@8   1000cd40     ConsoleThread.obj
 0002:00000d50       ??_R2CMessageLoop@WTL@@8   1000cd50     ConsoleThread.obj
 0002:00000d58       ??_R1A@?0A@EA@CMessageLoop@WTL@@8 1000cd58     ConsoleThread.obj
 0002:00000d74       ??_R4CConsoleThread@@6B@   1000cd74     ConsoleThread.obj
 0002:00000d88       ??_R3CConsoleThread@@8     1000cd88     ConsoleThread.obj
 0002:00000d98       ??_R2CConsoleThread@@8     1000cd98     ConsoleThread.obj
 0002:00000da4       ??_R1A@?0A@EA@CConsoleThread@@8 1000cda4     ConsoleThread.obj
 0002:00000dc0       ??_R3IEndPointMgr@NetLib@@8 1000cdc0     EndPointMgr.obj
 0002:00000dd0       ??_R2IEndPointMgr@NetLib@@8 1000cdd0     EndPointMgr.obj
 0002:00000dd8       ??_R1A@?0A@EA@IEndPointMgr@NetLib@@8 1000cdd8     EndPointMgr.obj
 0002:00000df4       ??_R4CEndPointMgr@@6B@     1000cdf4     EndPointMgr.obj
 0002:00000e08       ??_R3CEndPointMgr@@8       1000ce08     EndPointMgr.obj
 0002:00000e18       ??_R2CEndPointMgr@@8       1000ce18     EndPointMgr.obj
 0002:00000e24       ??_R1A@?0A@EA@CEndPointMgr@@8 1000ce24     EndPointMgr.obj
 0002:00000e40       ??_R3INetKernel@NetLib@@8  1000ce40     NetKernel.obj
 0002:00000e50       ??_R2INetKernel@NetLib@@8  1000ce50     NetKernel.obj
 0002:00000e58       ??_R1A@?0A@EA@INetKernel@NetLib@@8 1000ce58     NetKernel.obj
 0002:00000e74       ??_R4CNetKernel@@6B@       1000ce74     NetKernel.obj
 0002:00000e88       ??_R3CNetKernel@@8         1000ce88     NetKernel.obj
 0002:00000e98       ??_R2CNetKernel@@8         1000ce98     NetKernel.obj
 0002:00000ea4       ??_R1A@?0A@EA@CNetKernel@@8 1000cea4     NetKernel.obj
 0002:00000ec0       ??_R3IPacking@NetLib@@8    1000cec0     Packing.obj
 0002:00000ed0       ??_R2IPacking@NetLib@@8    1000ced0     Packing.obj
 0002:00000ed8       ??_R1A@?0A@EA@IPacking@NetLib@@8 1000ced8     Packing.obj
 0002:00000ef4       ??_R4CPacking@@6B@         1000cef4     Packing.obj
 0002:00000f08       ??_R3CPacking@@8           1000cf08     Packing.obj
 0002:00000f18       ??_R2CPacking@@8           1000cf18     Packing.obj
 0002:00000f24       ??_R1A@?0A@EA@CPacking@@8  1000cf24     Packing.obj
 0002:00000f40       ??_R4CRecvThread@@6B@      1000cf40     RecvThread.obj
 0002:00000f54       ??_R3CRecvThread@@8        1000cf54     RecvThread.obj
 0002:00000f64       ??_R2CRecvThread@@8        1000cf64     RecvThread.obj
 0002:00000f70       ??_R1A@?0A@EA@CRecvThread@@8 1000cf70     RecvThread.obj
 0002:00000f8c       ??_R4CRemoteServer@@6B@    1000cf8c     RemoteServer.obj
 0002:00000fa0       ??_R3CRemoteServer@@8      1000cfa0     RemoteServer.obj
 0002:00000fb0       ??_R2CRemoteServer@@8      1000cfb0     RemoteServer.obj
 0002:00000fbc       ??_R1A@?0A@EA@CRemoteServer@@8 1000cfbc     RemoteServer.obj
 0002:00000fd8       ??_R4CSendThread@@6B@      1000cfd8     SendThread.obj
 0002:00000fec       ??_R3CSendThread@@8        1000cfec     SendThread.obj
 0002:00000ffc       ??_R2CSendThread@@8        1000cffc     SendThread.obj
 0002:00001008       ??_R1A@?0A@EA@CSendThread@@8 1000d008     SendThread.obj
 0002:00001024       ??_R3ITransponder@NetLib@@8 1000d024     Transponder.obj
 0002:00001034       ??_R2ITransponder@NetLib@@8 1000d034     Transponder.obj
 0002:0000103c       ??_R1A@?0A@EA@ITransponder@NetLib@@8 1000d03c     Transponder.obj
 0002:00001058       ??_R4CTransponder@@6B@     1000d058     Transponder.obj
 0002:0000106c       ??_R3CTransponder@@8       1000d06c     Transponder.obj
 0002:0000107c       ??_R2CTransponder@@8       1000d07c     Transponder.obj
 0002:00001088       ??_R1A@?0A@EA@CTransponder@@8 1000d088     Transponder.obj
 0002:000010a4       ??_R4ITransport@NetLib@@6B@ 1000d0a4     Transport.obj
 0002:000010b8       ??_R3ITransport@NetLib@@8  1000d0b8     Transport.obj
 0002:000010c8       ??_R2ITransport@NetLib@@8  1000d0c8     Transport.obj
 0002:000010d0       ??_R1A@?0A@EA@ITransport@NetLib@@8 1000d0d0     Transport.obj
 0002:000010ec       ??_R4CTransport@@6BITransport@NetLib@@@ 1000d0ec     Transport.obj
 0002:00001100       ??_R3CTransport@@8         1000d100     Transport.obj
 0002:00001110       ??_R2CTransport@@8         1000d110     Transport.obj
 0002:00001124       ??_R1A@?0A@EA@CTransport@@8 1000d124     Transport.obj
 0002:00001140       ??_R13?0A@EA@CTimer@Skyray@@8 1000d140     Transport.obj
 0002:0000115c       ??_R1M@?0A@EA@CThread@Skyray@@8 1000d15c     Transport.obj
 0002:00001178       ??_R4CTransport@@6BCTimer@Skyray@@@ 1000d178     Transport.obj
 0002:0000118c       ??_R4CTransport@@6BCThread@Skyray@@@ 1000d18c     Transport.obj
 0002:000011a0       ??_R3IUnpacking@NetLib@@8  1000d1a0     Unpacking.obj
 0002:000011b0       ??_R2IUnpacking@NetLib@@8  1000d1b0     Unpacking.obj
 0002:000011b8       ??_R1A@?0A@EA@IUnpacking@NetLib@@8 1000d1b8     Unpacking.obj
 0002:000011d4       ??_R4CUnpacking@@6B@       1000d1d4     Unpacking.obj
 0002:000011e8       ??_R3CUnpacking@@8         1000d1e8     Unpacking.obj
 0002:000011f8       ??_R2CUnpacking@@8         1000d1f8     Unpacking.obj
 0002:00001204       ??_R1A@?0A@EA@CUnpacking@@8 1000d204     Unpacking.obj
 0002:00001220       ??_R4type_info@@6B@        1000d220     MSVCRT:std_type_info_static.obj
 0002:00001234       ??_R3type_info@@8          1000d234     MSVCRT:std_type_info_static.obj
 0002:00001244       ??_R2type_info@@8          1000d244     MSVCRT:std_type_info_static.obj
 0002:0000124c       ??_R1A@?0A@EA@type_info@@8 1000d24c     MSVCRT:std_type_info_static.obj
 0002:00001268       ??_R4exception@std@@6B@    1000d268     MSVCRT:throw_bad_alloc.obj
 0002:0000127c       ??_R3exception@std@@8      1000d27c     MSVCRT:throw_bad_alloc.obj
 0002:0000128c       ??_R2exception@std@@8      1000d28c     MSVCRT:throw_bad_alloc.obj
 0002:00001294       ??_R1A@?0A@EA@exception@std@@8 1000d294     MSVCRT:throw_bad_alloc.obj
 0002:000012b0       ??_R4bad_alloc@std@@6B@    1000d2b0     MSVCRT:throw_bad_alloc.obj
 0002:000012c4       ??_R3bad_alloc@std@@8      1000d2c4     MSVCRT:throw_bad_alloc.obj
 0002:000012d4       ??_R2bad_alloc@std@@8      1000d2d4     MSVCRT:throw_bad_alloc.obj
 0002:000012e0       ??_R1A@?0A@EA@bad_alloc@std@@8 1000d2e0     MSVCRT:throw_bad_alloc.obj
 0002:000012fc       ??_R4bad_array_new_length@std@@6B@ 1000d2fc     MSVCRT:throw_bad_alloc.obj
 0002:00001310       ??_R3bad_array_new_length@std@@8 1000d310     MSVCRT:throw_bad_alloc.obj
 0002:00001320       ??_R2bad_array_new_length@std@@8 1000d320     MSVCRT:throw_bad_alloc.obj
 0002:00001330       ??_R1A@?0A@EA@bad_array_new_length@std@@8 1000d330     MSVCRT:throw_bad_alloc.obj
 0002:0000134c       ??_R3CThread@Skyray@@8     1000d34c     SkyrayLib:SkyrayThread.obj
 0002:0000135c       ??_R2CThread@Skyray@@8     1000d35c     SkyrayLib:SkyrayThread.obj
 0002:00001364       ??_R1A@?0A@EA@CThread@Skyray@@8 1000d364     SkyrayLib:SkyrayThread.obj
 0002:00001380       ??_R4CThread@Skyray@@6B@   1000d380     SkyrayLib:SkyrayThread.obj
 0002:00001394       ??_R2CSocket@Skyray@@8     1000d394     SkyrayLib:SkyraySocket.obj
 0002:0000139c       ??_R4CSocket@Skyray@@6B@   1000d39c     SkyrayLib:SkyraySocket.obj
 0002:000013b0       ??_R3CSocket@Skyray@@8     1000d3b0     SkyrayLib:SkyraySocket.obj
 0002:000013c0       ??_R1A@?0A@EA@CSocket@Skyray@@8 1000d3c0     SkyrayLib:SkyraySocket.obj
 0002:000013dc       ??_R1A@?0A@EA@CTimer@Skyray@@8 1000d3dc     SkyrayLib:SkyrayTimer.obj
 0002:000013f8       ??_R4CTimer@Skyray@@6B@    1000d3f8     SkyrayLib:SkyrayTimer.obj
 0002:0000140c       ??_R3CTimer@Skyray@@8      1000d40c     SkyrayLib:SkyrayTimer.obj
 0002:0000141c       ??_R2CTimer@Skyray@@8      1000d41c     SkyrayLib:SkyrayTimer.obj
 0002:00001430       ___safe_se_handler_table   1000d430     <linker-defined>
 0002:00001888       ___rtc_iaa                 1000d888     MSVCRT:_initsect_.obj
 0002:0000188c       ___rtc_izz                 1000d88c     MSVCRT:_initsect_.obj
 0002:00001890       ___rtc_taa                 1000d890     MSVCRT:_initsect_.obj
 0002:00001894       ___rtc_tzz                 1000d894     MSVCRT:_initsect_.obj
 0002:00001d58       __TI1?AVCAtlException@ATL@@ 1000dd58     ConsoleDlg.obj
 0002:00001d68       __CTA1?AVCAtlException@ATL@@ 1000dd68     ConsoleDlg.obj
 0002:00001d70       __CT??_R0?AVCAtlException@ATL@@@84 1000dd70     ConsoleDlg.obj
 0002:00002324       __TI2?AVbad_alloc@std@@    1000e324     MSVCRT:throw_bad_alloc.obj
 0002:00002334       __CTA2?AVbad_alloc@std@@   1000e334     MSVCRT:throw_bad_alloc.obj
 0002:00002340       __CT??_R0?AVbad_alloc@std@@@8??0bad_alloc@std@@QAE@ABV01@@Z12 1000e340     MSVCRT:throw_bad_alloc.obj
 0002:0000235c       __CT??_R0?AVexception@std@@@8??0exception@std@@QAE@ABV01@@Z12 1000e35c     MSVCRT:throw_bad_alloc.obj
 0002:00002378       __TI3?AVbad_array_new_length@std@@ 1000e378     MSVCRT:throw_bad_alloc.obj
[...]
 0002:0000025c       ?atlTraceUI$initializer$@WTL@@3P6AXXZA 1000c25c     ConsoleThread.obj
 0002:00000260       ?atlTraceUI$initializer$@WTL@@3P6AXXZA 1000c260     NetKernel.obj
 0002:00000264       ?atlTraceUI$initializer$@WTL@@3P6AXXZA 1000c264     NetLib.obj
 0002:00000268       ?atlTraceUI$initializer$@WTL@@3P6AXXZA 1000c268     RecvThread.obj
 0002:0000026c       ?atlTraceUI$initializer$@WTL@@3P6AXXZA 1000c26c     SendThread.obj
 0002:00000270       ?atlTraceUI$initializer$@WTL@@3P6AXXZA 1000c270     Transponder.obj
 0002:00000274       ?g_strDigitxA$initializer$@Skyray@@3P6AXXZA 1000c274     SkyrayLib:SkyrayUtil.obj
 0002:00000278       ?g_strDigitxU$initializer$@Skyray@@3P6AXXZA 1000c278     SkyrayLib:SkyrayUtil.obj
 0002:00000284       ?__scrt_initialize_tss_var@@3P6AHXZA 1000c284     MSVCRT:thread_safe_statics.obj
 0002:000008e8       _GS_ExceptionPointers      1000c8e8     MSVCRT:gs_report.obj
 0002:00001898       __ehfuncinfo$?GetHexValue@Skyray@@YAIPB_WH@Z 1000d898     SkyrayLib:SkyrayUtil.obj
 0002:000018bc       __unwindtable$?GetHexValue@Skyray@@YAIPB_WH@Z 1000d8bc     SkyrayLib:SkyrayUtil.obj
 0002:000018c4       __ehfuncinfo$?PickupString@Skyray@@YAXABV?$basic_string@_WU?$char_traits@_W@std@@V?$allocator@_W@2@@std@@0AAV?$vector@V?$basic_string@_WU?$char_traits@_W@std@@V?$allocator@_W@2@@std@@V?$allocator@V?$basic_string@_WU?$char_traits@_W@std@@V?$allocator@_W@2@@std@@@2@@3@@Z 1000d8c4     SkyrayLib:SkyrayUtil.obj
 0002:000018e8       __unwindtable$?PickupString@Skyray@@YAXABV?$basic_string@_WU?$char_traits@_W@std@@V?$allocator@_W@2@@std@@0AAV?$vector@V?$basic_string@_WU?$char_traits@_W@std@@V?$allocator@_W@2@@std@@V?$allocator@V?$basic_string@_WU?$char_traits@_W@std@@V?$allocator@_W@2@@std@@@2@@3@@Z 1000d8e8     SkyrayLib:SkyrayUtil.obj
 0002:00001910       __ehfuncinfo$?push_back@?$vector@V?$basic_string@_WU?$char_traits@_W@std@@V?$allocator@_W@2@@std@@V?$allocator@V?$basic_string@_WU?$char_traits@_W@std@@V?$allocator@_W@2@@std@@@2@@std@@QAEXABV?$basic_string@_WU?$char_traits@_W@std@@V?$allocator@_W@2@@2@@Z 1000d910     SkyrayLib:SkyrayUtil.obj
 0002:00001934       __unwindtable$?push_back@?$vector@V?$basic_string@_WU?$char_traits@_W@std@@V?$allocator@_W@2@@std@@V?$allocator@V?$basic_string@_WU?$char_traits@_W@std@@V?$allocator@_W@2@@std@@@2@@std@@QAEXABV?$basic_string@_WU?$char_traits@_W@std@@V?$allocator@_W@2@@2@@Z 1000d934     SkyrayLib:SkyrayUtil.obj
 0002:00001944       __ehfuncinfo$?_Copy@?$basic_string@_WU?$char_traits@_W@std@@V?$allocator@_W@2@@std@@QAEXII@Z 1000d944     SkyrayLib:SkyrayUtil.obj
 0002:00001968       __unwindtable$?_Copy@?$basic_string@_WU?$char_traits@_W@std@@V?$allocator@_W@2@@std@@QAEXII@Z 1000d968     SkyrayLib:SkyrayUtil.obj
 0002:00001988       __tryblocktable$?_Copy@?$basic_string@_WU?$char_traits@_W@std@@V?$allocator@_W@2@@std@@QAEXII@Z 1000d988     SkyrayLib:SkyrayUtil.obj
 0002:000019b0       __catchsym$?_Copy@?$basic_string@_WU?$char_traits@_W@std@@V?$allocator@_W@2@@std@@QAEXII@Z$128 1000d9b0     SkyrayLib:SkyrayUtil.obj
 0002:000019c0       __catchsym$?_Copy@?$basic_string@_WU?$char_traits@_W@std@@V?$allocator@_W@2@@std@@QAEXII@Z$129 1000d9c0     SkyrayLib:SkyrayUtil.obj
 0002:000019d0       __ehfuncinfo$?_Copy@?$basic_string@DU?$char_traits@D@std@@V?$allocator@D@2@@std@@QAEXII@Z 1000d9d0     SkyrayLib:SkyrayUtil.obj
 0002:000019f4       __unwindtable$?_Copy@?$basic_string@DU?$char_traits@D@std@@V?$allocator@D@2@@std@@QAEXII@Z 1000d9f4     SkyrayLib:SkyrayUtil.obj
 0002:00001a14       __tryblocktable$?_Copy@?$basic_string@DU?$char_traits@D@std@@V?$allocator@D@2@@std@@QAEXII@Z 1000da14     SkyrayLib:SkyrayUtil.obj
 0002:00001a3c       __catchsym$?_Copy@?$basic_string@DU?$char_traits@D@std@@V?$allocator@D@2@@std@@QAEXII@Z$128 1000da3c     SkyrayLib:SkyrayUtil.obj
 0002:00001a4c       __catchsym$?_Copy@?$basic_string@DU?$char_traits@D@std@@V?$allocator@D@2@@std@@QAEXII@Z$129 1000da4c     SkyrayLib:SkyrayUtil.obj
 0002:00001a5c       __ehfuncinfo$?Domain2IP@CSocket@Skyray@@QAEHABV?$basic_string@_WU?$char_traits@_W@std@@V?$allocator@_W@2@@std@@AAV34@@Z 1000da5c     SkyrayLib:SkyraySocket.obj
 0002:00001a80       __unwindtable$?Domain2IP@CSocket@Skyray@@QAEHABV?$basic_string@_WU?$char_traits@_W@std@@V?$allocator@_W@2@@std@@AAV34@@Z 1000da80     SkyrayLib:SkyraySocket.obj
 0002:00001a88       __ehfuncinfo$?Bind@CSocket@Skyray@@QAEHPB_WI@Z 1000da88     SkyrayLib:SkyraySocket.obj
 0002:00001aac       __unwindtable$?Bind@CSocket@Skyray@@QAEHPB_WI@Z 1000daac     SkyrayLib:SkyraySocket.obj
 0002:00001ab4       __ehfuncinfo$?Connect@CSocket@Skyray@@UAEHPB_WI@Z 1000dab4     SkyrayLib:SkyraySocket.obj
 0002:00001ad8       __unwindtable$?Connect@CSocket@Skyray@@UAEHPB_WI@Z 1000dad8     SkyrayLib:SkyraySocket.obj
 0002:00001af0       __unwindtable$?AddType@CConsoleDlg@@QAEXW4TransportID@NetLib@@ABV?$basic_string@_WU?$char_traits@_W@std@@V?$allocator@_W@2@@std@@@Z 1000daf0     ConsoleDlg.obj
 0002:00001b00       __ehfuncinfo$?AddType@CConsoleDlg@@QAEXW4TransportID@NetLib@@ABV?$basic_string@_WU?$char_traits@_W@std@@V?$allocator@_W@2@@std@@@Z 1000db00     ConsoleDlg.obj
 0002:00001b24       __unwindtable$?OnInitDialog@CConsoleDlg@@AAEHVCWindow@ATL@@J@Z 1000db24     ConsoleDlg.obj
 0002:00001b34       __ehfuncinfo$?OnInitDialog@CConsoleDlg@@AAEHVCWindow@ATL@@J@Z 1000db34     ConsoleDlg.obj
 0002:00001b58       __ehfuncinfo$?OnSend@CConsoleDlg@@AAEJGGPAUHWND__@@AAH@Z 1000db58     ConsoleDlg.obj
 0002:00001b7c       __unwindtable$?OnSend@CConsoleDlg@@AAEJGGPAUHWND__@@AAH@Z 1000db7c     ConsoleDlg.obj
 0002:00001ba4       __unwindtable$?OnInsertData@CConsoleDlg@@AAEJIIJAAH@Z 1000dba4     ConsoleDlg.obj
 0002:00001bac       __ehfuncinfo$?OnInsertData@CConsoleDlg@@AAEJIIJAAH@Z 1000dbac     ConsoleDlg.obj
 0002:00001bd0       __unwindtable$?OnInsertText@CConsoleDlg@@AAEJIIJAAH@Z 1000dbd0     ConsoleDlg.obj
 0002:00001be0       __ehfuncinfo$?OnInsertText@CConsoleDlg@@AAEJIIJAAH@Z 1000dbe0     ConsoleDlg.obj
 0002:00001c04       __unwindtable$?AddData@CConsoleDlg@@AAEXPAUHWND__@@PBDI@Z 1000dc04     ConsoleDlg.obj
 0002:00001c14       __ehfuncinfo$?AddData@CConsoleDlg@@AAEXPAUHWND__@@PBDI@Z 1000dc14     ConsoleDlg.obj
 0002:00001c38       __unwindtable$?FindList@CConsoleDlg@@AAEHABV?$basic_string@_WU?$char_traits@_W@std@@V?$allocator@_W@2@@std@@@Z 1000dc38     ConsoleDlg.obj
 0002:00001c40       __ehfuncinfo$?FindList@CConsoleDlg@@AAEHABV?$basic_string@_WU?$char_traits@_W@std@@V?$allocator@_W@2@@std@@@Z 1000dc40     ConsoleDlg.obj
 0002:00001c64       __catchsym$?_Reallocate@?$vector@UTypeItem@CConsoleDlg@@V?$allocator@UTypeItem@CConsoleDlg@@@std@@@std@@IAEXI@Z$52 1000dc64     ConsoleDlg.obj
 0002:00001c74       __unwindtable$?_Reallocate@?$vector@UTypeItem@CConsoleDlg@@V?$allocator@UTypeItem@CConsoleDlg@@@std@@@std@@IAEXI@Z 1000dc74     ConsoleDlg.obj
 0002:00001c84       __tryblocktable$?_Reallocate@?$vector@UTypeItem@CConsoleDlg@@V?$allocator@UTypeItem@CConsoleDlg@@@std@@@std@@IAEXI@Z 1000dc84     ConsoleDlg.obj
 0002:00001c98       __ehfuncinfo$?_Reallocate@?$vector@UTypeItem@CConsoleDlg@@V?$allocator@UTypeItem@CConsoleDlg@@@std@@@std@@IAEXI@Z 1000dc98     ConsoleDlg.obj
 0002:00001cbc       __unwindtable$??$construct@UTypeItem@CConsoleDlg@@AAU12@@?$allocator@UTypeItem@CConsoleDlg@@@std@@QAEXPAUTypeItem@CConsoleDlg@@AAU23@@Z 1000dcbc     ConsoleDlg.obj
 0002:00001cbc       __unwindtable$??$construct@UTypeItem@CConsoleDlg@@ABU12@@?$allocator@UTypeItem@CConsoleDlg@@@std@@QAEXPAUTypeItem@CConsoleDlg@@ABU23@@Z 1000dcbc     ConsoleDlg.obj
 0002:00001ccc       __ehfuncinfo$??$construct@UTypeItem@CConsoleDlg@@ABU12@@?$allocator@UTypeItem@CConsoleDlg@@@std@@QAEXPAUTypeItem@CConsoleDlg@@ABU23@@Z 1000dccc     ConsoleDlg.obj
 0002:00001ccc       __ehfuncinfo$??$construct@UTypeItem@CConsoleDlg@@AAU12@@?$allocator@UTypeItem@CConsoleDlg@@@std@@QAEXPAUTypeItem@CConsoleDlg@@AAU23@@Z 1000dccc     ConsoleDlg.obj
 0002:00001cf0       __catchsym$??$_Uninit_move@PAUTypeItem@CConsoleDlg@@PAU12@V?$allocator@UTypeItem@CConsoleDlg@@@std@@U12@@std@@YAPAUTypeItem@CConsoleDlg@@PAU12@00AAU?$_Wrap_alloc@V?$allocator@UTypeItem@CConsoleDlg@@@std@@@0@0U_Nonscalar_ptr_iterator_tag@0@@Z$83 1000dcf0     ConsoleDlg.obj
 0002:00001d00       __tryblocktable$??$_Uninit_move@PAUTypeItem@CConsoleDlg@@PAU12@V?$allocator@UTypeItem@CConsoleDlg@@@std@@U12@@std@@YAPAUTypeItem@CConsoleDlg@@PAU12@00AAU?$_Wrap_alloc@V?$allocator@UTypeItem@CConsoleDlg@@@std@@@0@0U_Nonscalar_ptr_iterator_tag@0@@Z 1000dd00     ConsoleDlg.obj
 0002:00001d14       __unwindtable$??$_Uninit_move@PAUTypeItem@CConsoleDlg@@PAU12@V?$allocator@UTypeItem@CConsoleDlg@@@std@@U12@@std@@YAPAUTypeItem@CConsoleDlg@@PAU12@00AAU?$_Wrap_alloc@V?$allocator@UTypeItem@CConsoleDlg@@@std@@@0@0U_Nonscalar_ptr_iterator_tag@0@@Z 1000dd14     ConsoleDlg.obj
 0002:00001d34       __ehfuncinfo$??$_Uninit_move@PAUTypeItem@CConsoleDlg@@PAU12@V?$allocator@UTypeItem@CConsoleDlg@@@std@@U12@@std@@YAPAUTypeItem@CConsoleDlg@@PAU12@00AAU?$_Wrap_alloc@V?$allocator@UTypeItem@CConsoleDlg@@@std@@@0@0U_Nonscalar_ptr_iterator_tag@0@@Z 1000dd34     ConsoleDlg.obj
 0002:00001d8c       __unwindtable$??0ConsoleData@@QAE@XZ 1000dd8c     ConsoleThread.obj
 0002:00001d94       __ehfuncinfo$??0ConsoleData@@QAE@XZ 1000dd94     ConsoleThread.obj
 0002:00001db8       __unwindtable$??0CConsoleThread@@QAE@XZ 1000ddb8     ConsoleThread.obj
 0002:00001dc8       __ehfuncinfo$??0CConsoleThread@@QAE@XZ 1000ddc8     ConsoleThread.obj
 0002:00001dec       __unwindtable$?AddType@CConsoleThread@@QAEXW4TransportID@NetLib@@PB_W@Z 1000ddec     ConsoleThread.obj
 0002:00001dfc       __ehfuncinfo$?AddType@CConsoleThread@@QAEXW4TransportID@NetLib@@PB_W@Z 1000ddfc     ConsoleThread.obj
 0002:00001e20       __unwindtable$?AddData@CConsoleThread@@QAEXPB_WIPBDIH@Z 1000de20     ConsoleThread.obj
 0002:00001e28       __ehfuncinfo$?AddData@CConsoleThread@@QAEXPB_WIPBDIH@Z 1000de28     ConsoleThread.obj
 0002:00001e4c       __unwindtable$?Run@CConsoleThread@@EAEKXZ 1000de4c     ConsoleThread.obj
 0002:00001e54       __ehfuncinfo$?Run@CConsoleThread@@EAEKXZ 1000de54     ConsoleThread.obj
 0002:00001e78       __unwindtable$?push_back@?$vector@UTypeItem@CConsoleThread@@V?$allocator@UTypeItem@CConsoleThread@@@std@@@std@@QAEXABUTypeItem@CConsoleThread@@@Z 1000de78     ConsoleThread.obj
 0002:00001e88       __ehfuncinfo$?push_back@?$vector@UTypeItem@CConsoleThread@@V?$allocator@UTypeItem@CConsoleThread@@@std@@@std@@QAEXABUTypeItem@CConsoleThread@@@Z 1000de88     ConsoleThread.obj
 0002:00001eac       __catchsym$?_Reallocate@?$vector@UTypeItem@CConsoleThread@@V?$allocator@UTypeItem@CConsoleThread@@@std@@@std@@IAEXI@Z$52 1000deac     ConsoleThread.obj
 0002:00001ebc       __unwindtable$?_Reallocate@?$vector@UTypeItem@CConsoleThread@@V?$allocator@UTypeItem@CConsoleThread@@@std@@@std@@IAEXI@Z 1000debc     ConsoleThread.obj
 0002:00001ecc       __tryblocktable$?_Reallocate@?$vector@UTypeItem@CConsoleThread@@V?$allocator@UTypeItem@CConsoleThread@@@std@@@std@@IAEXI@Z 1000decc     ConsoleThread.obj
 0002:00001ee0       __ehfuncinfo$?_Reallocate@?$vector@UTypeItem@CConsoleThread@@V?$allocator@UTypeItem@CConsoleThread@@@std@@@std@@IAEXI@Z 1000dee0     ConsoleThread.obj
 0002:00001f04       __unwindtable$??$_Move@PAUTypeItem@CConsoleThread@@PAU12@@std@@YAPAUTypeItem@CConsoleThread@@PAU12@00U_Nonscalar_ptr_iterator_tag@0@@Z 1000df04     ConsoleThread.obj
 0002:00001f14       __ehfuncinfo$??$_Move@PAUTypeItem@CConsoleThread@@PAU12@@std@@YAPAUTypeItem@CConsoleThread@@PAU12@00U_Nonscalar_ptr_iterator_tag@0@@Z 1000df14     ConsoleThread.obj
 0002:00001f38       __ehfuncinfo$??1CTransport@@UAE@XZ 1000df38     Transport.obj
 0002:00001f38       __ehfuncinfo$??1CEndPointMgr@@QAE@XZ 1000df38     EndPointMgr.obj
 0002:00001f38       __ehfuncinfo$??1CConsoleThread@@UAE@XZ 1000df38     ConsoleThread.obj
 0002:00001f5c       __unwindtable$?StartupRemote@CNetKernel@@UAEHPB_WI@Z 1000df5c     NetKernel.obj
 0002:00001f5c       __unwindtable$?Startup@CNetKernel@@UAEHPB_WI@Z 1000df5c     NetKernel.obj
 0002:00001f64       __ehfuncinfo$?StartupRemote@CNetKernel@@UAEHPB_WI@Z 1000df64     NetKernel.obj
 0002:00001f64       __ehfuncinfo$?Startup@CNetKernel@@UAEHPB_WI@Z 1000df64     NetKernel.obj
 0002:00001f88       __unwindtable$?CreatePacking@CNetKernel@@UAEPAVIPacking@NetLib@@XZ 1000df88     NetKernel.obj
 0002:00001f90       __ehfuncinfo$?CreatePacking@CNetKernel@@UAEPAVIPacking@NetLib@@XZ 1000df90     NetKernel.obj
 0002:00001fb4       __unwindtable$?ConsolePrint@CNetKernel@@UAEXPB_W@Z 1000dfb4     NetKernel.obj
 0002:00001fbc       __ehfuncinfo$?ConsolePrint@CNetKernel@@UAEXPB_W@Z 1000dfbc     NetKernel.obj
 0002:00001fe0       __unwindtable$??0CNetKernel@@AAE@XZ 1000dfe0     NetKernel.obj
 0002:00002000       __ehfuncinfo$??0CNetKernel@@AAE@XZ 1000e000     NetKernel.obj
 0002:00002024       __unwindtable$?Push@CPacking@@UAEXPBD@Z 1000e024     Packing.obj
 0002:0000202c       __ehfuncinfo$?Push@CPacking@@UAEXPBD@Z 1000e02c     Packing.obj
 0002:00002050       __unwindtable$?Push@CPacking@@UAEXPB_W@Z 1000e050     Packing.obj
 0002:00002058       __ehfuncinfo$?Push@CPacking@@UAEXPB_W@Z 1000e058     Packing.obj
 0002:0000207c       __unwindtable$?Parse@CRecvThread@@AAEXXZ 1000e07c     RecvThread.obj
 0002:00002084       __ehfuncinfo$?Parse@CRecvThread@@AAEXXZ 1000e084     RecvThread.obj
 0002:000020a8       __unwindtable$??0CRemoteServer@@QAE@PAVCTransponder@@@Z 1000e0a8     RemoteServer.obj
 0002:000020b0       __ehfuncinfo$??0CRemoteServer@@QAE@PAVCTransponder@@@Z 1000e0b0     RemoteServer.obj
 0002:000020d4       __unwindtable$?Run@CRemoteServer@@EAEKXZ 1000e0d4     RemoteServer.obj
 0002:000020ec       __ehfuncinfo$?Run@CRemoteServer@@EAEKXZ 1000e0ec     RemoteServer.obj
 0002:00002110       __unwindtable$??0CSendThread@@QAE@PAVCSocket@Skyray@@PAVCTransport@@PAVCConsoleThread@@@Z 1000e110     SendThread.obj
 0002:00002120       __ehfuncinfo$??0CSendThread@@QAE@PAVCSocket@Skyray@@PAVCTransport@@PAVCConsoleThread@@@Z 1000e120     SendThread.obj
 0002:00002144       __ehfuncinfo$??0CTransport@@QAE@W4TransportID@NetLib@@PB_WPAVCTransponder@@@Z 1000e144     Transport.obj
 0002:00002168       __unwindtable$??0CTransport@@QAE@W4TransportID@NetLib@@PB_WPAVCTransponder@@@Z 1000e168     Transport.obj
 0002:00002190       __ehfuncinfo$??0CTransport@@QAE@ABVCSocket@Skyray@@W4TransportID@NetLib@@PB_WPAVCTransponder@@@Z 1000e190     Transport.obj
 0002:000021b4       __unwindtable$??0CTransport@@QAE@ABVCSocket@Skyray@@W4TransportID@NetLib@@PB_WPAVCTransponder@@@Z 1000e1b4     Transport.obj
 0002:000021ec       __unwindtable$?Run@CTransport@@EAEKXZ 1000e1ec     Transport.obj
 0002:000021fc       __ehfuncinfo$?Run@CTransport@@EAEKXZ 1000e1fc     Transport.obj
 0002:00002220       __unwindtable$?Pop@CUnpacking@@UAEHPADAAI@Z 1000e220     Unpacking.obj
 0002:00002228       __ehfuncinfo$?Pop@CUnpacking@@UAEHPADAAI@Z 1000e228     Unpacking.obj
 0002:0000224c       __unwindtable$?Pop@CUnpacking@@UAEHPA_WAAI@Z 1000e24c     Unpacking.obj
 0002:00002254       __ehfuncinfo$?Pop@CUnpacking@@UAEHPA_WAAI@Z 1000e254     Unpacking.obj
 0002:00002278       __unwindtable$?CreatePacking@CUnpacking@@UAEPAVIPacking@NetLib@@XZ 1000e278     Unpacking.obj
 0002:00002280       __ehfuncinfo$?CreatePacking@CUnpacking@@UAEPAVIPacking@NetLib@@XZ 1000e280     Unpacking.obj
 0002:000022a8       __sehtable$___scrt_is_nonwritable_in_current_image 1000e2a8     MSVCRT:utility.obj
 0002:000022c8       __sehtable$?dllmain_crt_process_attach@@YAHQAUHINSTANCE__@@QAX@Z 1000e2c8     MSVCRT:dll_dllmain.obj
 0002:000022e8       __sehtable$?dllmain_crt_process_detach@@YAH_N@Z 1000e2e8     MSVCRT:dll_dllmain.obj
 0002:00002308       __sehtable$?dllmain_dispatch@@YAHQAUHINSTANCE__@@KQAX@Z 1000e308     MSVCRT:dll_dllmain.obj
 0002:000023c0       .edata                     1000e3c0     NetLib.exp
 0002:000023e8       rgpv                       1000e3e8     NetLib.exp
 0002:000023ec       rgszName                   1000e3ec     NetLib.exp
 0002:000023f0       rgwOrd                     1000e3f0     NetLib.exp
 0002:000023f2       szName                     1000e3f2     NetLib.exp
 0002:000023fd       $N00001                    1000e3fd     NetLib.exp
 0002:000028a4       .idata$6                   1000e8a4     kernel32:KERNEL32.dll
 0002:00002a10       .idata$6                   1000ea10     user32:USER32.dll
 0002:00002a3e       .idata$6                   1000ea3e     ole32:ole32.dll
 0002:00002aa2       .idata$6                   1000eaa2     msvcprt:MSVCP140.dll
 0002:00002ab0       .idata$6                   1000eab0     Ws2_32:WS2_32.dll
 0002:00002b00       .idata$6                   1000eb00     Winmm:WINMM.dll
 0002:00002c48       .idata$6                   1000ec48     vcruntime:VCRUNTIME140.dll
 0002:00002dd4       .idata$6                   1000edd4     ucrt:api-ms-win-crt-runtime-l1-1-0.dll
 0002:00002df6       .idata$6                   1000edf6     ucrt:api-ms-win-crt-string-l1-1-0.dll
 0002:00002e18       .idata$6                   1000ee18     ucrt:api-ms-win-crt-stdio-l1-1-0.dll
 0002:00002e38       .idata$6                   1000ee38     ucrt:api-ms-win-crt-convert-l1-1-0.dll
 0002:00002e5a       .idata$6                   1000ee5a     ucrt:api-ms-win-crt-heap-l1-1-0.dll
 0003:000004fc       ?atlTraceUI@WTL@@3VCTraceCategory@ATL@@B 100104fc     ConsoleDlg.obj
 0003:00000500       ?atlTraceUI@WTL@@3VCTraceCategory@ATL@@B 10010500     ConsoleThread.obj
 0003:00000504       ?atlTraceUI@WTL@@3VCTraceCategory@ATL@@B 10010504     NetKernel.obj
 0003:00000508       ?netKernel@?1??Instance@CNetKernel@@SAPAVINetKernel@NetLib@@XZ@4V2@A 10010508     NetKernel.obj
 0003:000005cc       ?$TSS0@?1??Instance@CNetKernel@@SAPAVINetKernel@NetLib@@XZ@4HA 100105cc     NetKernel.obj
 0003:000005d0       ?atlTraceUI@WTL@@3VCTraceCategory@ATL@@B 100105d0     NetLib.obj
 0003:000005d4       ?atlTraceUI@WTL@@3VCTraceCategory@ATL@@B 100105d4     RecvThread.obj
 0003:000005d8       ?atlTraceUI@WTL@@3VCTraceCategory@ATL@@B 100105d8     SendThread.obj
 0003:000005e0       ?atlTraceUI@WTL@@3VCTraceCategory@ATL@@B 100105e0     Transponder.obj
 0003:000005e8       ?AllocateData@@3P6GPAUAtlThunkData_t@@XZA 100105e8     atls:atlthunk.obj
 0003:000005ec       ?InitData@@3P6GXPAUAtlThunkData_t@@PAXI@ZA 100105ec     atls:atlthunk.obj
 0003:000005f0       ?DataToCode@@3P6GP6GJPAUHWND__@@IIJ@ZPAUAtlThunkData_t@@@ZA 100105f0     atls:atlthunk.obj
 0003:000005f4       ?FreeData@@3P6GXPAUAtlThunkData_t@@@ZA 100105f4     atls:atlthunk.obj
 0003:000005f8       ?Initialized@@3_NA         100105f8     atls:atlthunk.obj
 0003:00000640       ?module_local_atexit_table@@3U_onexit_table_t@@A 10010640     MSVCRT:utility.obj
 0003:0000064c       ?module_local_at_quick_exit_table@@3U_onexit_table_t@@A 1001064c     MSVCRT:utility.obj
 0003:00000658       ?is_initialized_as_dll@@3_NA 10010658     MSVCRT:utility.obj
 0003:0000065c       ?_Tss_mutex@@3U_RTL_CRITICAL_SECTION@@A 1001065c     MSVCRT:thread_safe_statics.obj
 0003:00000674       ?_Tss_cv@@3U_RTL_CONDITION_VARIABLE@@A 10010674     MSVCRT:thread_safe_statics.obj
 0003:00000678       ?_Tss_event@@3PAXA         10010678     MSVCRT:thread_safe_statics.obj
 0003:0000067c       ?encoded_sleep_condition_variable_cs@@3P6GHPAU_RTL_CONDITION_VARIABLE@@PAU_RTL_CRITICAL_SECTION@@K@ZA 1001067c     MSVCRT:thread_safe_statics.obj
 0003:00000680       ?encoded_wake_all_condition_variable@@3P6GXPAU_RTL_CONDITION_VARIABLE@@@ZA 10010680     MSVCRT:thread_safe_statics.obj
 0003:00000688       ?__proc_attached@@3HA      10010688     MSVCRT:dll_dllmain.obj
 0003:00000698       _GS_ExceptionRecord        10010698     MSVCRT:gs_report.obj
 0003:000006e8       _GS_ContextRecord          100106e8     MSVCRT:gs_report.obj
 0005:000000a0       $R000000                   100120a0     NetLib.res
 0005:00000230       $R000190                   10012230     NetLib.res

 Exports

  ordinal    name

        1    _CreateNetKernel
               exported name: CreateNetKernel
