 XRFNet

 Timestamp is 680d80a0 (Sun Apr 27 08:56:00 2025)

 Preferred load address is 10000000

 Start         Length     Name                   Class
 0001:00000000 00000646H .text$di                CODE
 0001:00000650 00011fe3H .text$mn                CODE
 0001:00012640 00000ea8H .text$x                 CODE
 0001:000134f0 00000607H .text$yd                CODE
 0002:00000000 00000163H .orpc                   CODE
 0003:00000000 0000025cH .idata$5                DATA
 0003:0000025c 00000004H .00cfg                  DATA
 0003:00000260 00000004H .CRT$XCA                DATA
 0003:00000264 00000004H .CRT$XCL                DATA
 0003:00000268 00000054H .CRT$XCU                DATA
 0003:000002bc 00000004H .CRT$XCZ                DATA
 0003:000002c0 00000004H .CRT$XIA                DATA
 0003:000002c4 00000004H .CRT$XIC                DATA
 0003:000002c8 00000004H .CRT$XIZ                DATA
 0003:000002cc 00000004H .CRT$XLA                DATA
 0003:000002d0 00000004H .CRT$XLZ                DATA
 0003:000002d4 00000004H .CRT$XPA                DATA
 0003:000002d8 00000004H .CRT$XPZ                DATA
 0003:000002dc 00000004H .CRT$XTA                DATA
 0003:000002e0 00000004H .CRT$XTZ                DATA
 0003:000002e4 00000000H .gfids$x                DATA
 0003:000002f0 00002ec4H .rdata                  DATA
 0003:000031b4 00000018H .rdata$T                DATA
 0003:000031cc 000023a8H .rdata$r                DATA
 0003:00005580 00000130H .rdata$sxdata           DATA
 0003:000056b0 000003e4H .rdata$zzzdbg           DATA
 0003:00005a94 00000004H .rtc$IAA                DATA
 0003:00005a98 00000004H .rtc$IZZ                DATA
 0003:00005a9c 00000004H .rtc$TAA                DATA
 0003:00005aa0 00000004H .rtc$TZZ                DATA
 0003:00005aa8 000015ccH .xdata$x                DATA
 0003:00007074 00000004H ATL$__a                 DATA
 0003:00007078 0000002cH ATL$__m                 DATA
 0003:000070a4 00000004H ATL$__z                 DATA
 0003:000070b0 000000b8H .edata                  DATA
 0003:00007168 00000118H .idata$2                DATA
 0003:00007280 00000014H .idata$3                DATA
 0003:00007294 0000025cH .idata$4                DATA
 0003:000074f0 00000b5aH .idata$6                DATA
 0004:00000000 000006d8H .data                   DATA
 0004:000006d8 000016a3H .data$r                 DATA
 0004:00001d80 000008ccH .bss                    DATA
 0005:00000000 00000001H .tls                    DATA
 0005:00000004 00000004H .tls$                   DATA
 0005:00000008 00000001H .tls$ZZZ                DATA
 0006:00000000 000003acH .rsrc$01                DATA
 0006:000003b0 00005cc0H .rsrc$02                DATA

  Address         Publics by Value              Rva+Base       Lib:Object

 0000:00000000       ___guard_fids_count        00000000     <absolute>
 0000:00000000       ___guard_fids_table        00000000     <absolute>
 0000:0000002c       __tls_array                0000002c     <absolute>
 0000:0000004c       ___safe_se_handler_count   0000004c     <absolute>
 0000:00000100       ___guard_flags             00000100     <absolute>
 0000:00000000       ___ImageBase               10000000     <linker-defined>
 0001:00000650       ?Destroy@CElectromagnet@@EAEXXZ 10001650 f i Electromagnet.obj
 0001:00000650       ?Destroy@CSurfaceSource@@EAEXXZ 10001650 f i SurfaceSource.obj
 0001:00000650       @_guard_check_icall_nop@4  10001650 f i MSVCRT:guard_support.obj
 0001:00000650       ?Destroy@CHighVoltage@@EAEXXZ 10001650 f i HighVoltage.obj
 0001:00000650       ?Destroy@CXRFNetwork@@EAEXXZ 10001650 f i XRFNetwork.obj
 0001:00000650       ?Destroy@CApparatus@@EAEXXZ 10001650 f i Apparatus.obj
 0001:00000650       ?Destroy@CMotorControl@@EAEXXZ 10001650 f i MotorControl.obj
 0001:00000650       ?Destroy@CXRFRayTube@@EAEXXZ 10001650 f i XRFRayTube.obj
 0001:00000650       ??1_ATL_COM_MODULE70@ATL@@QAE@XZ 10001650 f i dllmain.obj
 0001:00000650       ?Destroy@CDetector@@EAEXXZ 10001650 f i Detector.obj
 0001:00000650       ??3@YAXPAX0@Z              10001650 f i SkyrayLib:SkyrayUtil.obj
 0001:00000650       ?Destroy@CVacuumPump@@EAEXXZ 10001650 f i VacuumPump.obj
 0001:00000650       ?Destroy@CHeightLaser@@EAEXXZ 10001650 f i HeightLaser.obj
 0001:00000660       ?Ansi2Unicode@Skyray@@YAXPBDAAV?$basic_string@_WU?$char_traits@_W@std@@V?$allocator@_W@2@@std@@@Z 10001660 f   SkyrayLib:SkyrayUtil.obj
 0001:00000750       ?substr@?$basic_string@_WU?$char_traits@_W@std@@V?$allocator@_W@2@@std@@QBE?AV12@II@Z 10001750 f i SkyrayLib:SkyrayUtil.obj
 0001:00000790       ??4?$basic_string@_WU?$char_traits@_W@std@@V?$allocator@_W@2@@std@@QAEAAV01@PB_W@Z 10001790 f i SkyrayLib:SkyrayUtil.obj
 0001:000007e0       ??1?$basic_string@_WU?$char_traits@_W@std@@V?$allocator@_W@2@@std@@QAE@XZ 100017e0 f i SkyrayLib:SkyrayUtil.obj
 0001:00000820       ??4?$basic_string@_WU?$char_traits@_W@std@@V?$allocator@_W@2@@std@@QAEAAV01@$$QAV01@@Z 10001820 f i SkyrayLib:SkyrayUtil.obj
 0001:000008a0       ??0?$basic_string@_WU?$char_traits@_W@std@@V?$allocator@_W@2@@std@@QAE@PB_W@Z 100018a0 f i SkyrayLib:SkyrayUtil.obj
 0001:00000900       ?_Myptr@?$_String_alloc@U?$_String_base_types@_WV?$allocator@_W@std@@@std@@@std@@QBEPB_WXZ 10001900 f i SkyrayLib:SkyrayUtil.obj
 0001:00000910       ?erase@?$basic_string@_WU?$char_traits@_W@std@@V?$allocator@_W@2@@std@@QAEAAV12@II@Z 10001910 f i SkyrayLib:SkyrayUtil.obj
 0001:000009c0       ?assign@?$basic_string@_WU?$char_traits@_W@std@@V?$allocator@_W@2@@std@@QAEAAV12@PB_WI@Z 100019c0 f i SkyrayLib:SkyrayUtil.obj
 0001:00000ac0       ?_Assign_rv@?$basic_string@_WU?$char_traits@_W@std@@V?$allocator@_W@2@@std@@QAEX$$QAV12@@Z 10001ac0 f i SkyrayLib:SkyrayUtil.obj
 0001:00000b30       ?erase@?$basic_string@DU?$char_traits@D@std@@V?$allocator@D@2@@std@@QAEAAV12@II@Z 10001b30 f i SkyrayLib:SkyrayUtil.obj
 0001:00000bd0       ?assign@?$basic_string@DU?$char_traits@D@std@@V?$allocator@D@2@@std@@QAEAAV12@PBDI@Z 10001bd0 f i SkyrayLib:SkyrayUtil.obj
 0001:00000c90       ?assign@?$basic_string@DU?$char_traits@D@std@@V?$allocator@D@2@@std@@QAEAAV12@ABV12@II@Z 10001c90 f i SkyrayLib:SkyrayUtil.obj
 0001:00000d00       ?deallocate@?$_Wrap_alloc@V?$allocator@_W@std@@@std@@QAEXPA_WI@Z 10001d00 f i SkyrayLib:SkyrayUtil.obj
 0001:00000d60       ?deallocate@?$_Wrap_alloc@V?$allocator@D@std@@@std@@QAEXPADI@Z 10001d60 f i SkyrayLib:SkyrayUtil.obj
 0001:00000dc0       ??0?$_Wrap_alloc@V?$allocator@D@std@@@std@@QAE@ABV?$allocator@D@1@@Z 10001dc0 f i SkyrayLib:SkyrayUtil.obj
 0001:00000dd0       ?_Grow@?$basic_string@_WU?$char_traits@_W@std@@V?$allocator@_W@2@@std@@QAE_NI_N@Z 10001dd0 f i SkyrayLib:SkyrayUtil.obj
 0001:00000e90       ?assign@?$basic_string@_WU?$char_traits@_W@std@@V?$allocator@_W@2@@std@@QAEAAV12@ABV12@II@Z 10001e90 f i SkyrayLib:SkyrayUtil.obj
 0001:00000fa0       ?_Grow@?$basic_string@DU?$char_traits@D@std@@V?$allocator@D@2@@std@@QAE_NI_N@Z 10001fa0 f i SkyrayLib:SkyrayUtil.obj
 0001:00001010       ?_Copy@?$basic_string@_WU?$char_traits@_W@std@@V?$allocator@_W@2@@std@@QAEXII@Z 10002010 f i SkyrayLib:SkyrayUtil.obj
 0001:000011d0       ?_Copy@?$basic_string@DU?$char_traits@D@std@@V?$allocator@D@2@@std@@QAEXII@Z 100021d0 f i SkyrayLib:SkyrayUtil.obj
 0001:00001380       ?allocate@?$_Wrap_alloc@V?$allocator@_W@std@@@std@@QAEPA_WI@Z 10002380 f i SkyrayLib:SkyrayUtil.obj
 0001:000013f0       ?allocate@?$_Wrap_alloc@V?$allocator@D@std@@@std@@QAEPADI@Z 100023f0 f i SkyrayLib:SkyrayUtil.obj
 0001:00001460       ??$destroy@PA_W@?$_Wrap_alloc@V?$allocator@_W@std@@@std@@QAEXPAPA_W@Z 10002460 f i SkyrayLib:SkyrayUtil.obj
 0001:00001460       ??$destroy@PAD@?$_Wrap_alloc@V?$allocator@D@std@@@std@@QAEXPAPAD@Z 10002460 f i SkyrayLib:SkyrayUtil.obj
 0001:00001460       ?ObjectMain@CComObjectRootBase@ATL@@SGX_N@Z 10002460 f i Apparatus.obj
 0001:00001470       ??$_Deallocate@_W@std@@YAXPA_WI@Z 10002470 f i SkyrayLib:SkyrayUtil.obj
 0001:000014d0       ??0?$_Wrap_alloc@V?$allocator@_W@std@@@std@@QAE@ABV?$allocator@_W@1@@Z 100024d0 f i SkyrayLib:SkyrayUtil.obj
 0001:000014e0       ?UpdateRegistry@CApparatus@@SGJH@Z 100024e0 f i Apparatus.obj
 0001:00001500       ?CreateInstance@?$CComCreator@V?$CComObjectCached@VCComClassFactory@ATL@@@ATL@@@ATL@@SGJPAXABU_GUID@@PAPAX@Z 10002500 f i Apparatus.obj
 0001:000015c0       ?CreateInstance@?$CComCreator2@V?$CComCreator@V?$CComObject@VCApparatus@@@ATL@@@ATL@@V?$CComCreator@V?$CComAggObject@VCApparatus@@@ATL@@@2@@ATL@@SGJPAXABU_GUID@@PAPAX@Z 100025c0 f i Apparatus.obj
 0001:000015e0       ??$?4UITypeInfo2@@@?$CComPtr@UITypeInfo@@@ATL@@QAEPAUITypeInfo@@ABV?$CComPtr@UITypeInfo2@@@1@@Z 100025e0 f i Apparatus.obj
 0001:00001630       ??0?$CComAggObject@VCApparatus@@@ATL@@QAE@PAX@Z 10002630 f i Apparatus.obj
 0001:000016f0       ??0?$CComObject@VCApparatus@@@ATL@@QAE@PAX@Z 100026f0 f i Apparatus.obj
 0001:000017a0       ??0stringdispid@CComTypeInfoHolder@ATL@@QAE@XZ 100027a0 f i Apparatus.obj
 0001:000017d0       ??1?$CAtlSafeAllocBufferManager@VCCRTAllocator@ATL@@@_ATL_SAFE_ALLOCA_IMPL@ATL@@QAE@XZ 100027d0 f i Apparatus.obj
 0001:00001800       ??1?$CAutoVectorPtr@_W@ATL@@QAE@XZ 10002800 f i Apparatus.obj
 0001:00001820       ??1?$CComAggObject@VCApparatus@@@ATL@@UAE@XZ 10002820 f i Apparatus.obj
 0001:000018e0       ??1?$CComCritSecLock@VCComCriticalSection@ATL@@@ATL@@QAE@XZ 100028e0 f i Apparatus.obj
 0001:00001900       ??1?$CComObject@VCApparatus@@@ATL@@UAE@XZ 10002900 f i Apparatus.obj
 0001:000019d0       ??1?$CComPtr@UITypeInfo@@@ATL@@QAE@XZ 100029d0 f i Apparatus.obj
 0001:000019d0       ??1?$CComPtr@UITypeInfo2@@@ATL@@QAE@XZ 100029d0 f i Apparatus.obj
 0001:00001a10       ??1?$CTempBuffer@_W$0BAA@VCCRTAllocator@ATL@@@ATL@@QAE@XZ 10002a10 f i Apparatus.obj
 0001:00001a10       ??1?$CTempBuffer@E$0BAA@VCCRTAllocator@ATL@@@ATL@@QAE@XZ 10002a10 f i Apparatus.obj
 0001:00001a10       ??1?$CTempBuffer@_W$0EAA@VCCRTAllocator@ATL@@@ATL@@QAE@XZ 10002a10 f i Apparatus.obj
 0001:00001a20       ??1?$CComContainedObject@VCApparatus@@@ATL@@QAE@XZ 10002a20 f i Apparatus.obj
 0001:00001a20       ??1CApparatus@@QAE@XZ      10002a20 f i Apparatus.obj
 0001:00001a80       ??1CComBSTR@ATL@@QAE@XZ    10002a80 f i Apparatus.obj
 0001:00001a80       ??1stringdispid@CComTypeInfoHolder@ATL@@QAE@XZ 10002a80 f i Apparatus.obj
 0001:00001a90       ??1CParseBuffer@CRegParser@ATL@@QAE@XZ 10002a90 f i Apparatus.obj
 0001:00001aa0       ??1CRegKey@ATL@@QAE@XZ     10002aa0 f i Apparatus.obj
 0001:00001ac0       ??1CRegObject@ATL@@UAE@XZ  10002ac0 f i Apparatus.obj
 0001:00001b10       ??_G?$CComAggObject@VCApparatus@@@ATL@@UAEPAXI@Z 10002b10 f i Apparatus.obj
 0001:00001b10       ??_E?$CComAggObject@VCApparatus@@@ATL@@UAEPAXI@Z 10002b10 f i Apparatus.obj
 0001:00001b40       ??_G?$CComObject@VCApparatus@@@ATL@@UAEPAXI@Z 10002b40 f i Apparatus.obj
 0001:00001b40       ??_E?$CComObject@VCApparatus@@@ATL@@UAEPAXI@Z 10002b40 f i Apparatus.obj
 0001:00001b70       ??_E?$CComObjectCached@VCComClassFactory@ATL@@@ATL@@UAEPAXI@Z 10002b70 f i Apparatus.obj
 0001:00001b70       ??_G?$CComObjectCached@VCComClassFactory@ATL@@@ATL@@UAEPAXI@Z 10002b70 f i Apparatus.obj
 0001:00001bb0       ??_ECComClassFactory@ATL@@UAEPAXI@Z 10002bb0 f i Apparatus.obj
 0001:00001bb0       ??_GCComClassFactory@ATL@@UAEPAXI@Z 10002bb0 f i Apparatus.obj
 0001:00001bf0       ??_GCRegObject@ATL@@UAEPAXI@Z 10002bf0 f i Apparatus.obj
 0001:00001bf0       ??_ECRegObject@ATL@@UAEPAXI@Z 10002bf0 f i Apparatus.obj
 0001:00001c60       ?Add@?$CSimpleMap@PA_WPA_WVCExpansionVectorEqualHelper@ATL@@@ATL@@QAEHABQA_W0@Z 10002c60 f i Apparatus.obj
 0001:00001ce0       ?Add@CExpansionVector@ATL@@QAEHPB_W0@Z 10002ce0 f i Apparatus.obj
 0001:00001e60       ?AddRef@?$CComObject@VCDetectData@@@ATL@@UAGKXZ 10002e60 f i DetectData.obj
 0001:00001e60       ?AddRef@?$CComAggObject@VCHighVoltage@@@ATL@@UAGKXZ 10002e60 f i HighVoltage.obj
 0001:00001e60       ?AddRef@?$CComAggObject@VCVacuumPump@@@ATL@@UAGKXZ 10002e60 f i VacuumPump.obj
 0001:00001e60       ?AddRef@?$CComAggObject@VCXRFNetwork@@@ATL@@UAGKXZ 10002e60 f i XRFNetwork.obj
 0001:00001e60       ?AddRef@?$CComAggObject@VCApparatus@@@ATL@@UAGKXZ 10002e60 f i Apparatus.obj
 0001:00001e60       ?AddRef@?$CComAggObject@VCMotorControl@@@ATL@@UAGKXZ 10002e60 f i MotorControl.obj
 0001:00001e60       ?AddRef@?$CComAggObject@VCSurfaceSource@@@ATL@@UAGKXZ 10002e60 f i SurfaceSource.obj
 0001:00001e60       ?AddRef@?$CComAggObject@VCElectromagnet@@@ATL@@UAGKXZ 10002e60 f i Electromagnet.obj
 0001:00001e60       ?AddRef@?$CComAggObject@VCHeightLaser@@@ATL@@UAGKXZ 10002e60 f i HeightLaser.obj
 0001:00001e60       ?AddRef@?$CComAggObject@VCDetector@@@ATL@@UAGKXZ 10002e60 f i Detector.obj
 0001:00001e60       ?AddRef@?$CComAggObject@VCDetectData@@@ATL@@UAGKXZ 10002e60 f i DetectData.obj
 0001:00001e60       ?AddRef@?$CComAggObject@VCXRFRayTube@@@ATL@@UAGKXZ 10002e60 f i XRFRayTube.obj
 0001:00001e80       ?AddRef@?$CComObjectCached@VCComClassFactory@ATL@@@ATL@@UAGKXZ 10002e80 f i Apparatus.obj
 0001:00001eb0       ?AddRef@CRegObject@ATL@@UAGKXZ 10002eb0 f i Apparatus.obj
 0001:00001ec0       ?AddReplacement@CRegObject@ATL@@UAGJPB_W0@Z 10002ec0 f i Apparatus.obj
 0001:00001f40       ?AddString@CParseBuffer@CRegParser@ATL@@QAEHPB_W@Z 10002f40 f i Apparatus.obj
 0001:00001fc0       ?AddTermFunc@CAtlModule@ATL@@QAEJP6GXK@ZK@Z 10002fc0 f i Apparatus.obj
 0001:00001ff0       ?AddValue@CRegParser@ATL@@IAEJAAVCRegKey@2@PB_WPA_W@Z 10002ff0 f i Apparatus.obj
 0001:000023c0       ?Allocate@?$CTempBuffer@E$0BAA@VCCRTAllocator@ATL@@@ATL@@QAEPAEI@Z 100033c0 f i Apparatus.obj
 0001:00002400       ?Allocate@?$CTempBuffer@_W$0BAA@VCCRTAllocator@ATL@@@ATL@@QAEPA_WI@Z 10003400 f i Apparatus.obj
 0001:00002450       ?Allocate@?$CTempBuffer@_W$0EAA@VCCRTAllocator@ATL@@@ATL@@QAEPA_WI@Z 10003450 f i Apparatus.obj
 0001:000024a0       ?AllocateHeap@?$CTempBuffer@_W$0BAA@VCCRTAllocator@ATL@@@ATL@@AAEXI@Z 100034a0 f i Apparatus.obj
 0001:000024a0       ?AllocateHeap@?$CTempBuffer@E$0BAA@VCCRTAllocator@ATL@@@ATL@@AAEXI@Z 100034a0 f i Apparatus.obj
 0001:000024a0       ?AllocateHeap@?$CTempBuffer@_W$0EAA@VCCRTAllocator@ATL@@@ATL@@AAEXI@Z 100034a0 f i Apparatus.obj
 0001:000024d0       ?Append@CParseBuffer@CRegParser@ATL@@QAEHPB_WH@Z 100034d0 f i Apparatus.obj
 0001:00002580       ?AtlCrtErrorCheck@ATL@@YAHH@Z 10003580 f i Apparatus.obj
 0001:00002620       ?AtlHresultFromLastError@ATL@@YAJXZ 10003620 f i Apparatus.obj
 0001:00002640       ?AtlHresultFromWin32@ATL@@YAJK@Z 10003640 f i Apparatus.obj
 0001:00002660       ?AtlInternalQueryInterface@ATL@@YGJPAXPBU_ATL_INTMAP_ENTRY@1@ABU_GUID@@PAPAX@Z 10003660 f i Apparatus.obj
 0001:00002760       ?AtlModuleAddTermFunc@ATL@@YGJPAU_ATL_MODULE70@1@P6GXK@ZK@Z 10003760 f i Apparatus.obj
 0001:000027d0       ?AtlThrowImpl@ATL@@YGXJ@Z  100037d0 f i Apparatus.obj
 0001:000027f0       ?CanForceRemoveKey@CRegParser@ATL@@IAEHPB_W@Z 100037f0 f i Apparatus.obj
 0001:00002830       ?ChToByte@CRegParser@ATL@@KAE_W@Z 10003830 f i Apparatus.obj
 0001:000028b0       ?CheckVersion@CApparatus@@UAGJPAII@Z 100038b0 f   Apparatus.obj
 0001:00002a00       ?Cleanup@CComTypeInfoHolder@ATL@@SGXK@Z 10003a00 f i Apparatus.obj
 0001:00002a90       ?ClearReplacements@CExpansionVector@ATL@@QAEJXZ 10003a90 f i Apparatus.obj
 0001:00002b20       ?ClearReplacements@CRegObject@ATL@@UAGJXZ 10003b20 f i Apparatus.obj
 0001:00002b40       ?Config@CApparatus@@UAGJPBE000@Z 10003b40 f   Apparatus.obj
 0001:00002c00       ?Create@CRegKey@ATL@@QAEJPAUHKEY__@@PB_WPA_WKKPAU_SECURITY_ATTRIBUTES@@PAK@Z 10003c00 f i Apparatus.obj
 0001:00002ce0       ?CreateInstance@?$CComCreator@V?$CComAggObject@VCApparatus@@@ATL@@@ATL@@SGJPAXABU_GUID@@PAPAX@Z 10003ce0 f i Apparatus.obj
 0001:00002e00       ?CreateInstance@?$CComCreator@V?$CComObject@VCApparatus@@@ATL@@@ATL@@SGJPAXABU_GUID@@PAPAX@Z 10003e00 f i Apparatus.obj
 0001:00002f30       ?CreateInstance@CComClassFactory@ATL@@UAGJPAUIUnknown@@ABU_GUID@@PAPAX@Z 10003f30 f i Apparatus.obj
 0001:00002f90       ?DeleteSubKey@CRegKey@ATL@@QAEJPB_W@Z 10003f90 f i Apparatus.obj
 0001:00003070       ?EscapeSingleQuote@CAtlModule@ATL@@SAXPA_WIPB_W@Z 10004070 f i Apparatus.obj
 0001:000030c0       ?FreeHeap@?$CTempBuffer@E$0BAA@VCCRTAllocator@ATL@@@ATL@@AAEXXZ 100040c0 f i Apparatus.obj
 0001:000030c0       ?FreeHeap@?$CTempBuffer@_W$0BAA@VCCRTAllocator@ATL@@@ATL@@AAEXXZ 100040c0 f i Apparatus.obj
 0001:000030c0       ?FreeHeap@?$CTempBuffer@_W$0EAA@VCCRTAllocator@ATL@@@ATL@@AAEXXZ 100040c0 f i Apparatus.obj
 0001:000030d0       ?GetIDsOfNames@?$IDispatchImpl@UIApparatus@@$1?IID_IApparatus@@3U_GUID@@B$1?LIBID_XRFNetLib@@3U3@B$00$0A@VCComTypeInfoHolder@ATL@@@ATL@@UAGJABU_GUID@@PAPA_WIKPAJ@Z 100040d0 f i Apparatus.obj
 0001:000030f0       ?GetIDsOfNames@CComTypeInfoHolder@ATL@@QAEJABU_GUID@@PAPA_WIKPAJ@Z 100040f0 f i Apparatus.obj
 0001:00003220       ?GetTI@CComTypeInfoHolder@ATL@@QAEJK@Z 10004220 f i Apparatus.obj
 0001:00003490       ?GetTypeInfo@?$IDispatchImpl@UIApparatus@@$1?IID_IApparatus@@3U_GUID@@B$1?LIBID_XRFNetLib@@3U3@B$00$0A@VCComTypeInfoHolder@ATL@@@ATL@@UAGJIKPAPAUITypeInfo@@@Z 10004490 f i Apparatus.obj
 0001:000034f0       ?HasSubKeys@CRegParser@ATL@@IAEHPAUHKEY__@@@Z 100044f0 f i Apparatus.obj
 0001:00003540       ?ID@CApparatus@@EAEIXZ     10004540 f i Apparatus.obj
 0001:00003550       ?Invoke@?$IDispatchImpl@UIApparatus@@$1?IID_IApparatus@@3U_GUID@@B$1?LIBID_XRFNetLib@@3U3@B$00$0A@VCComTypeInfoHolder@ATL@@@ATL@@UAGJJABU_GUID@@KGPAUtagDISPPARAMS@@PAUtagVARIANT@@PAUtagEXCEPINFO@@PAI@Z 10004550 f i Apparatus.obj
 0001:000035a0       ?IsEqualObject@?$CComPtrBase@UITypeInfo@@@ATL@@QAE_NPAUIUnknown@@@Z 100045a0 f i Apparatus.obj
 0001:00003680       ?LoadNameCache@CComTypeInfoHolder@ATL@@QAEJPAUITypeInfo@@@Z 10004680 f i Apparatus.obj
 0001:00003830       ?LockServer@CComClassFactory@ATL@@UAGJH@Z 10004830 f i Apparatus.obj
 0001:00003860       ?Lookup@?$CSimpleMap@PA_WPA_WVCExpansionVectorEqualHelper@ATL@@@ATL@@QBEPA_WABQA_W@Z 10004860 f i Apparatus.obj
 0001:000038c0       ?Name@CApparatus@@EAEPB_WXZ 100048c0 f i Apparatus.obj
 0001:000038e0       ?NextToken@CRegParser@ATL@@IAEJPA_W@Z 100048e0 f i Apparatus.obj
 0001:00003a80       ?OnReceive@CApparatus@@EAEXW4TransportID@NetLib@@PAVIUnpacking@3@@Z 10004a80 f   Apparatus.obj
 0001:00003ad0       ?Open@CRegKey@ATL@@QAEJPAUHKEY__@@PB_WK@Z 10004ad0 f i Apparatus.obj
 0001:00003b80       ?PreProcessBuffer@CRegParser@ATL@@QAEJPA_WPAPA_W@Z 10004b80 f i Apparatus.obj
 0001:00003e50       ?PushIP@CApparatus@@AAEXPAVIPacking@NetLib@@PBE@Z 10004e50 f   Apparatus.obj
 0001:00003ea0       ?QueryInterface@?$CComAggObject@VCApparatus@@@ATL@@UAGJABU_GUID@@PAPAX@Z 10004ea0 f i Apparatus.obj
 0001:00003f10       ?QueryInterface@?$CComObject@VCApparatus@@@ATL@@UAGJABU_GUID@@PAPAX@Z 10004f10 f i Apparatus.obj
 0001:00003f30       ?QueryInterface@?$CComObjectCached@VCComClassFactory@ATL@@@ATL@@UAGJABU_GUID@@PAPAX@Z 10004f30 f i Apparatus.obj
 0001:00003f50       ?QueryInterface@CRegObject@ATL@@UAGJABU_GUID@@PAPAX@Z 10004f50 f i Apparatus.obj
 0001:00003f60       ?RecurseDeleteKey@CRegKey@ATL@@QAEJPB_W@Z 10004f60 f i Apparatus.obj
 0001:000040b0       ?RegisterBuffer@CRegParser@ATL@@QAEJPA_WH@Z 100050b0 f i Apparatus.obj
 0001:00004210       ?RegisterFromResource@CRegObject@ATL@@IAEJPB_W00H@Z 10005210 f i Apparatus.obj
 0001:000043f0       ?RegisterSubkeys@CRegParser@ATL@@IAEJPA_WPAUHKEY__@@HH@Z 100053f0 f i Apparatus.obj
 0001:00004b10       ?Release@?$CComContainedObject@VCMotorControl@@@ATL@@UAGKXZ 10005b10 f i MotorControl.obj
 0001:00004b10       ?Release@?$CComContainedObject@VCHeightLaser@@@ATL@@UAGKXZ 10005b10 f i HeightLaser.obj
 0001:00004b10       ?Release@?$CComContainedObject@VCVacuumPump@@@ATL@@UAGKXZ 10005b10 f i VacuumPump.obj
 0001:00004b10       ?Release@?$CComContainedObject@VCHighVoltage@@@ATL@@UAGKXZ 10005b10 f i HighVoltage.obj
 0001:00004b10       ?Release@?$CComContainedObject@VCApparatus@@@ATL@@UAGKXZ 10005b10 f i Apparatus.obj
 0001:00004b10       ?Release@?$CComContainedObject@VCSurfaceSource@@@ATL@@UAGKXZ 10005b10 f i SurfaceSource.obj
 0001:00004b10       ?Release@?$CComContainedObject@VCElectromagnet@@@ATL@@UAGKXZ 10005b10 f i Electromagnet.obj
 0001:00004b10       ?Release@?$CComContainedObject@VCXRFRayTube@@@ATL@@UAGKXZ 10005b10 f i XRFRayTube.obj
 0001:00004b30       ?Release@?$CComObject@VCElectromagnet@@@ATL@@UAGKXZ 10005b30 f i Electromagnet.obj
 0001:00004b30       ?Release@?$CComObject@VCApparatus@@@ATL@@UAGKXZ 10005b30 f i Apparatus.obj
 0001:00004bb0       ?Release@?$CComObjectCached@VCComClassFactory@ATL@@@ATL@@UAGKXZ 10005bb0 f i Apparatus.obj
 0001:00004bf0       ?Release@CRegObject@ATL@@UAGKXZ 10005bf0 f i Apparatus.obj
 0001:00004c00       ?ResourceRegister@CRegObject@ATL@@QAGJPB_WI0@Z 10005c00 f i Apparatus.obj
 0001:00004c60       ?ResourceUnregister@CRegObject@ATL@@QAGJPB_WI0@Z 10005c60 f i Apparatus.obj
 0001:00004cc0       ?SetDWORDValue@CRegKey@ATL@@QAEJPB_WK@Z 10005cc0 f i Apparatus.obj
 0001:00004ce0       ?SetMultiStringValue@CRegKey@ATL@@QAEJPB_W0@Z 10005ce0 f i Apparatus.obj
 0001:00004d40       ?SetStringValue@CRegKey@ATL@@QAEJPB_W0K@Z 10005d40 f i Apparatus.obj
 0001:00004d90       ?SkipAssignment@CRegParser@ATL@@IAEJPA_W@Z 10005d90 f i Apparatus.obj
 0001:00004e00       ?SkipWhiteSpace@CRegParser@ATL@@IAEXXZ 10005e00 f i Apparatus.obj
 0001:00004e50       ?StrChrW@CRegParser@ATL@@KAPA_WPA_W_W@Z 10005e50 f i Apparatus.obj
 0001:00004ea0       ?UpdateRegistryFromResource@CAtlModule@ATL@@QAGJIHPAU_ATL_REGMAP_ENTRY@2@@Z 10005ea0 f i Apparatus.obj
 0001:000050f0       ?VTFromRegType@CRegParser@ATL@@KAHPB_WAAG@Z 100060f0 f i Apparatus.obj
 0001:000051d0       ?_AtlInitializeCriticalSectionEx@ATL@@YAHPAU_RTL_CRITICAL_SECTION@@KK@Z 100061d0 f i Apparatus.obj
 0001:000051f0       ?memcpy_s@Checked@ATL@@YAXPAXIPBXI@Z 100061f0 f i Apparatus.obj
 0001:00005210       ?ocscpy_s@@YA_NPA_WIPB_W@Z 10006210 f i Apparatus.obj
 0001:00005260       ?ocslen@@YAHPB_W@Z         10006260 f i Apparatus.obj
 0001:00005290       ?UpdateRegistry@CDetectData@@SGJH@Z 10006290 f i DetectData.obj
 0001:000052b0       ?CreateInstance@?$CComCreator2@V?$CComCreator@V?$CComObject@VCDetectData@@@ATL@@@ATL@@V?$CComCreator@V?$CComAggObject@VCDetectData@@@ATL@@@2@@ATL@@SGJPAXABU_GUID@@PAPAX@Z 100062b0 f i DetectData.obj
 0001:000052d0       ??0?$CComAggObject@VCDetectData@@@ATL@@QAE@PAX@Z 100062d0 f i DetectData.obj
 0001:00005350       ??1CDetectData@@QAE@XZ     10006350 f i DetectData.obj
 0001:00005350       ??1?$CComContainedObject@VCDetectData@@@ATL@@QAE@XZ 10006350 f i DetectData.obj
 0001:00005370       ??_E?$CComAggObject@VCDetectData@@@ATL@@UAEPAXI@Z 10006370 f i DetectData.obj
 0001:00005370       ??_G?$CComAggObject@VCDetectData@@@ATL@@UAEPAXI@Z 10006370 f i DetectData.obj
 0001:00005410       ??_G?$CComObject@VCDetectData@@@ATL@@UAEPAXI@Z 10006410 f i DetectData.obj
 0001:00005410       ??_E?$CComObject@VCDetectData@@@ATL@@UAEPAXI@Z 10006410 f i DetectData.obj
 0001:000054b0       ?AddRef@?$CComContainedObject@VCDetectData@@@ATL@@UAGKXZ 100064b0 f i DetectData.obj
 0001:000054d0       ?At@CDetectData@@UAGJGPAG@Z 100064d0 f   DetectData.obj
 0001:00005510       ?Count@CDetectData@@UAGJPAG@Z 10006510 f   DetectData.obj
 0001:00005540       ?CreateInstance@?$CComCreator@V?$CComAggObject@VCDetectData@@@ATL@@@ATL@@SGJPAXABU_GUID@@PAPAX@Z 10006540 f i DetectData.obj
 0001:00005650       ?CreateInstance@?$CComCreator@V?$CComObject@VCDetectData@@@ATL@@@ATL@@SGJPAXABU_GUID@@PAPAX@Z 10006650 f i DetectData.obj
 0001:00005790       ?GetIDsOfNames@?$IDispatchImpl@UIDetectData@@$1?IID_IDetectData@@3U_GUID@@B$1?LIBID_XRFNetLib@@3U3@B$00$0A@VCComTypeInfoHolder@ATL@@@ATL@@UAGJABU_GUID@@PAPA_WIKPAJ@Z 10006790 f i DetectData.obj
 0001:000057b0       ?GetTypeInfo@?$IDispatchImpl@UIDetectData@@$1?IID_IDetectData@@3U_GUID@@B$1?LIBID_XRFNetLib@@3U3@B$00$0A@VCComTypeInfoHolder@ATL@@@ATL@@UAGJIKPAPAUITypeInfo@@@Z 100067b0 f i DetectData.obj
 0001:00005810       ?Init@CDetectData@@UAGJPBGG@Z 10006810 f   DetectData.obj
 0001:00005890       ?Invoke@?$IDispatchImpl@UIDetectData@@$1?IID_IDetectData@@3U_GUID@@B$1?LIBID_XRFNetLib@@3U3@B$00$0A@VCComTypeInfoHolder@ATL@@@ATL@@UAGJJABU_GUID@@KGPAUtagDISPPARAMS@@PAUtagVARIANT@@PAUtagEXCEPINFO@@PAI@Z 10006890 f i DetectData.obj
 0001:000058e0       ?QueryInterface@?$CComAggObject@VCDetectData@@@ATL@@UAGJABU_GUID@@PAPAX@Z 100068e0 f i DetectData.obj
 0001:00005950       ?QueryInterface@?$CComContainedObject@VCDetectData@@@ATL@@UAGJABU_GUID@@PAPAX@Z 10006950 f i DetectData.obj
 0001:00005970       ?QueryInterface@?$CComObject@VCDetectData@@@ATL@@UAGJABU_GUID@@PAPAX@Z 10006970 f i DetectData.obj
 0001:00005990       ?Release@?$CComContainedObject@VCDetectData@@@ATL@@UAGKXZ 10006990 f i DetectData.obj
 0001:000059b0       ?Release@?$CComObject@VCDetectData@@@ATL@@UAGKXZ 100069b0 f i DetectData.obj
 0001:00005ad0       ?CreateInstance@?$CComCreator2@V?$CComCreator@V?$CComObject@VCDetector@@@ATL@@@ATL@@V?$CComCreator@V?$CComAggObject@VCDetector@@@ATL@@@2@@ATL@@SGJPAXABU_GUID@@PAPAX@Z 10006ad0 f i Detector.obj
 0001:00005af0       ?UpdateRegistry@CDetector@@SGJH@Z 10006af0 f i Detector.obj
 0001:00005b10       ??0?$CComAggObject@VCDetector@@@ATL@@QAE@PAX@Z 10006b10 f i Detector.obj
 0001:00005ba0       ??0CDetector@@QAE@XZ       10006ba0 f   Detector.obj
 0001:00005c20       ??1?$CComAggObject@VCDetector@@@ATL@@UAE@XZ 10006c20 f i Detector.obj
 0001:00005cd0       ??1?$CComObject@VCDetector@@@ATL@@UAE@XZ 10006cd0 f i Detector.obj
 0001:00005d90       ??1CDetector@@QAE@XZ       10006d90 f i Detector.obj
 0001:00005d90       ??1?$CComContainedObject@VCDetector@@@ATL@@QAE@XZ 10006d90 f i Detector.obj
 0001:00005df0       ??_E?$CComAggObject@VCDetector@@@ATL@@UAEPAXI@Z 10006df0 f i Detector.obj
 0001:00005df0       ??_G?$CComAggObject@VCDetector@@@ATL@@UAEPAXI@Z 10006df0 f i Detector.obj
 0001:00005e20       ??_G?$CComObject@VCDetector@@@ATL@@UAEPAXI@Z 10006e20 f i Detector.obj
 0001:00005e20       ??_E?$CComObject@VCDetector@@@ATL@@UAEPAXI@Z 10006e20 f i Detector.obj
 0001:00005e50       ?AddRef@?$CComContainedObject@VCDetector@@@ATL@@UAGKXZ 10006e50 f i Detector.obj
 0001:00005e70       ?AddRef@?$CComObject@VCDetector@@@ATL@@UAGKXZ 10006e70 f i Detector.obj
 0001:00005e90       ?BeginRead@CDetector@@UAGJXZ 10006e90 f   Detector.obj
 0001:00005f00       ?CheckVersion@CDetector@@UAGJPAHI@Z 10006f00 f   Detector.obj
 0001:00006060       ?Config@CDetector@@UAGJEEEEEIIEEEN@Z 10007060 f   Detector.obj
 0001:000061e0       ?CreateInstance@?$CComCreator@V?$CComAggObject@VCDetector@@@ATL@@@ATL@@SGJPAXABU_GUID@@PAPAX@Z 100071e0 f i Detector.obj
 0001:00006300       ?CreateInstance@?$CComCreator@V?$CComObject@VCDetector@@@ATL@@@ATL@@SGJPAXABU_GUID@@PAPAX@Z 10007300 f i Detector.obj
 0001:00006440       ?FinalConstruct@CDetector@@QAEJXZ 10007440 f   Detector.obj
 0001:000064c0       ?FinalRelease@CDetector@@QAEXXZ 100074c0 f   Detector.obj
 0001:00006530       ?GetDMCADatas@CDetector@@UAGJIQAEPAF@Z 10007530 f   Detector.obj
 0001:00006680       ?GetDpp100Datas@CDetector@@UAGJQAEFI0PAF@Z 10007680 f   Detector.obj
 0001:00006800       ?GetIDsOfNames@?$IDispatchImpl@UIDetector@@$1?IID_IDetector@@3U_GUID@@B$1?LIBID_XRFNetLib@@3U3@B$00$0A@VCComTypeInfoHolder@ATL@@@ATL@@UAGJABU_GUID@@PAPA_WIKPAJ@Z 10007800 f i Detector.obj
 0001:00006820       ?GetLastError@CDetector@@EAEPB_WXZ 10007820 f i Detector.obj
 0001:00006830       ?GetTypeInfo@?$IDispatchImpl@UIDetector@@$1?IID_IDetector@@3U_GUID@@B$1?LIBID_XRFNetLib@@3U3@B$00$0A@VCComTypeInfoHolder@ATL@@@ATL@@UAGJIKPAPAUITypeInfo@@@Z 10007830 f i Detector.obj
 0001:00006890       ?ID@CDetector@@EAEIXZ      10007890 f i Detector.obj
 0001:000068a0       ?Invoke@?$IDispatchImpl@UIDetector@@$1?IID_IDetector@@3U_GUID@@B$1?LIBID_XRFNetLib@@3U3@B$00$0A@VCComTypeInfoHolder@ATL@@@ATL@@UAGJJABU_GUID@@KGPAUtagDISPPARAMS@@PAUtagVARIANT@@PAUtagEXCEPINFO@@PAI@Z 100078a0 f i Detector.obj
 0001:000068f0       ?Name@CDetector@@EAEPB_WXZ 100078f0 f i Detector.obj
 0001:00006910       ?OnReceive@CDetector@@EAEXW4TransportID@NetLib@@PAVIUnpacking@3@@Z 10007910 f   Detector.obj
 0001:00006b30       ?Procedure@CDetector@@EAEXPB_WIJ@Z 10007b30 f   Detector.obj
 0001:00006bf0       ?QueryInterface@?$CComAggObject@VCDetector@@@ATL@@UAGJABU_GUID@@PAPAX@Z 10007bf0 f i Detector.obj
 0001:00006c60       ?QueryInterface@?$CComContainedObject@VCDetector@@@ATL@@UAGJABU_GUID@@PAPAX@Z 10007c60 f i Detector.obj
 0001:00006c80       ?QueryInterface@?$CComObject@VCDetector@@@ATL@@UAGJABU_GUID@@PAPAX@Z 10007c80 f i Detector.obj
 0001:00006ca0       ?Release@?$CComContainedObject@VCDetector@@@ATL@@UAGKXZ 10007ca0 f i Detector.obj
 0001:00006cc0       ?Release@?$CComObject@VCDetector@@@ATL@@UAGKXZ 10007cc0 f i Detector.obj
 0001:00006d40       ?SetCallback@CDetector@@UAGJPAUIDetectorCallBack@@@Z 10007d40 f   Detector.obj
 0001:00006d80       ?SetChannelCount@CDetector@@UAGJG@Z 10007d80 f   Detector.obj
 0001:00006da0       ?SetDpp100Parameter@CDetector@@UAGJQAEF@Z 10007da0 f   Detector.obj
 0001:00006e30       ?compare@?$basic_string@_WU?$char_traits@_W@std@@V?$allocator@_W@2@@std@@QBEHIIPB_WI@Z 10007e30 f i Detector.obj
 0001:00006ec0       ___local_stdio_printf_options 10007ec0 f i Detector.obj
 0001:00006ed0       _swprintf_s                10007ed0 f i Detector.obj
 0001:00006f00       _CStdStubBuffer_Release@4  10007f00 f   dlldatax.obj
 0001:00006f20       _CStdStubBuffer2_Release@4 10007f20 f   dlldatax.obj
 0001:00006f40       _PrxDllCanUnloadNow@0      10007f40 f   dlldatax.obj
 0001:00006f50       _PrxDllGetClassObject@12   10007f50 f   dlldatax.obj
 0001:00006f90       _PrxDllMain@12             10007f90 f   dlldatax.obj
 0001:00006fb0       _PrxDllRegisterServer@0    10007fb0 f   dlldatax.obj
 0001:00006ff0       _PrxDllUnregisterServer@0  10007ff0 f   dlldatax.obj
 0001:00007030       ??0?$CAtlDllModuleT@VCXRFNetModule@@@ATL@@QAE@XZ 10008030 f i dllmain.obj
 0001:00007080       ??0CAtlModule@ATL@@QAE@XZ  10008080 f i dllmain.obj
 0001:000070f0       ??1?$CAtlDllModuleT@VCXRFNetModule@@@ATL@@UAE@XZ 100080f0 f i dllmain.obj
 0001:000071a0       ??_GCXRFNetModule@@UAEPAXI@Z 100081a0 f i dllmain.obj
 0001:000071a0       ??_ECXRFNetModule@@UAEPAXI@Z 100081a0 f i dllmain.obj
 0001:000071d0       ?AddCommonRGSReplacements@?$CAtlModuleT@VCXRFNetModule@@@ATL@@UAEJPAUIRegistrarBase@@@Z 100081d0 f i dllmain.obj
 0001:000071f0       ?AtlCallTermFunc@ATL@@YGXPAU_ATL_MODULE70@1@@Z 100081f0 f i dllmain.obj
 0001:00007240       ?GetGITPtr@CAtlModule@ATL@@UAEJPAPAUIGlobalInterfaceTable@@@Z 10008240 f i dllmain.obj
 0001:00007290       ?GetLockCount@CAtlModule@ATL@@UAEJXZ 10008290 f i dllmain.obj
 0001:000072a0       ?Lock@CAtlModule@ATL@@UAEJXZ 100082a0 f i dllmain.obj
 0001:000072b0       ?Term@CAtlComModule@ATL@@QAEXXZ 100082b0 f i dllmain.obj
 0001:00007300       ?Unlock@CAtlModule@ATL@@UAEJXZ 10008300 f i dllmain.obj
 0001:00007310       ?rfind@?$basic_string@_WU?$char_traits@_W@std@@V?$allocator@_W@2@@std@@QBEIPB_WII@Z 10008310 f i dllmain.obj
 0001:000073d0       _DllMain@12                100083d0 f   dllmain.obj
 0001:00007560       ?UpdateRegistry@CElectromagnet@@SGJH@Z 10008560 f i Electromagnet.obj
 0001:00007580       ?CreateInstance@?$CComCreator2@V?$CComCreator@V?$CComObject@VCElectromagnet@@@ATL@@@ATL@@V?$CComCreator@V?$CComAggObject@VCElectromagnet@@@ATL@@@2@@ATL@@SGJPAXABU_GUID@@PAPAX@Z 10008580 f i Electromagnet.obj
 0001:000075a0       ??0?$CComAggObject@VCElectromagnet@@@ATL@@QAE@PAX@Z 100085a0 f i Electromagnet.obj
 0001:00007650       ??0?$CComObject@VCElectromagnet@@@ATL@@QAE@PAX@Z 10008650 f i Electromagnet.obj
 0001:000076f0       ??1?$CComAggObject@VCElectromagnet@@@ATL@@UAE@XZ 100086f0 f i Electromagnet.obj
 0001:000077b0       ??1?$CComObject@VCElectromagnet@@@ATL@@UAE@XZ 100087b0 f i Electromagnet.obj
 0001:00007870       ??_G?$CComAggObject@VCElectromagnet@@@ATL@@UAEPAXI@Z 10008870 f i Electromagnet.obj
 0001:00007870       ??_E?$CComAggObject@VCElectromagnet@@@ATL@@UAEPAXI@Z 10008870 f i Electromagnet.obj
 0001:000078a0       ??_G?$CComObject@VCElectromagnet@@@ATL@@UAEPAXI@Z 100088a0 f i Electromagnet.obj
 0001:000078a0       ??_E?$CComObject@VCElectromagnet@@@ATL@@UAEPAXI@Z 100088a0 f i Electromagnet.obj
 0001:000078d0       ?Close@CElectromagnet@@UAGJXZ 100088d0 f   Electromagnet.obj
 0001:00007940       ?CreateInstance@?$CComCreator@V?$CComAggObject@VCElectromagnet@@@ATL@@@ATL@@SGJPAXABU_GUID@@PAPAX@Z 10008940 f i Electromagnet.obj
 0001:00007a60       ?CreateInstance@?$CComCreator@V?$CComObject@VCElectromagnet@@@ATL@@@ATL@@SGJPAXABU_GUID@@PAPAX@Z 10008a60 f i Electromagnet.obj
 0001:00007b90       ?GetIDsOfNames@?$IDispatchImpl@UIElectromagnet@@$1?IID_IElectromagnet@@3U_GUID@@B$1?LIBID_XRFNetLib@@3U3@B$00$0A@VCComTypeInfoHolder@ATL@@@ATL@@UAGJABU_GUID@@PAPA_WIKPAJ@Z 10008b90 f i Electromagnet.obj
 0001:00007bb0       ?GetTypeInfo@?$IDispatchImpl@UIElectromagnet@@$1?IID_IElectromagnet@@3U_GUID@@B$1?LIBID_XRFNetLib@@3U3@B$00$0A@VCComTypeInfoHolder@ATL@@@ATL@@UAGJIKPAPAUITypeInfo@@@Z 10008bb0 f i Electromagnet.obj
 0001:00007c10       ?ID@CElectromagnet@@EAEIXZ 10008c10 f i Electromagnet.obj
 0001:00007c20       ?Invoke@?$IDispatchImpl@UIElectromagnet@@$1?IID_IElectromagnet@@3U_GUID@@B$1?LIBID_XRFNetLib@@3U3@B$00$0A@VCComTypeInfoHolder@ATL@@@ATL@@UAGJJABU_GUID@@KGPAUtagDISPPARAMS@@PAUtagVARIANT@@PAUtagEXCEPINFO@@PAI@Z 10008c20 f i Electromagnet.obj
 0001:00007c70       ?ID@CHighVoltage@@EAEIXZ   10008c70 f i HighVoltage.obj
 0001:00007c70       ?IsRelay@CElectromagnet@@EAEHXZ 10008c70 f i Electromagnet.obj
 0001:00007c70       ?IsRelay@CHighVoltage@@EAEHXZ 10008c70 f i HighVoltage.obj
 0001:00007c70       ?IsRelay@CVacuumPump@@EAEHXZ 10008c70 f i VacuumPump.obj
 0001:00007c70       ?IsRelay@CHeightLaser@@EAEHXZ 10008c70 f i HeightLaser.obj
 0001:00007c70       ?IsRelay@CDetector@@EAEHXZ 10008c70 f i Detector.obj
 0001:00007c70       ?IsRelay@CXRFNetwork@@EAEHXZ 10008c70 f i XRFNetwork.obj
 0001:00007c70       ?IsRelay@CApparatus@@EAEHXZ 10008c70 f i Apparatus.obj
 0001:00007c70       ?IsRelay@CXRFRayTube@@EAEHXZ 10008c70 f i XRFRayTube.obj
 0001:00007c70       ?IsRelay@CSurfaceSource@@EAEHXZ 10008c70 f i SurfaceSource.obj
 0001:00007c70       ?IsRelay@CMotorControl@@EAEHXZ 10008c70 f i MotorControl.obj
 0001:00007c80       ?Name@CElectromagnet@@EAEPB_WXZ 10008c80 f i Electromagnet.obj
 0001:00007ca0       ?Open@CElectromagnet@@UAGJXZ 10008ca0 f   Electromagnet.obj
 0001:00007d10       ?QueryInterface@?$CComAggObject@VCElectromagnet@@@ATL@@UAGJABU_GUID@@PAPAX@Z 10008d10 f i Electromagnet.obj
 0001:00007d80       ?QueryInterface@?$CComObject@VCElectromagnet@@@ATL@@UAGJABU_GUID@@PAPAX@Z 10008d80 f i Electromagnet.obj
 0001:00007da0       ??$_Buynode@ABQAVIEventListener@@@?$_List_buy@PAVIEventListener@@V?$allocator@PAVIEventListener@@@std@@@std@@QAEPAU?$_List_node@PAVIEventListener@@PAX@1@PAU21@0ABQAVIEventListener@@@Z 10008da0 f i EventMgr.obj
 0001:00007dc0       ??$_Buynode@ABUpiecewise_construct_t@std@@V?$tuple@ABV?$basic_string@_WU?$char_traits@_W@std@@V?$allocator@_W@2@@std@@@2@V?$tuple@$$V@2@@?$_Tree_comp_alloc@V?$_Tmap_traits@V?$basic_string@_WU?$char_traits@_W@std@@V?$allocator@_W@2@@std@@PAV?$list@PAVIEventListener@@V?$allocator@PAVIEventListener@@@std@@@2@U?$less@V?$basic_string@_WU?$char_traits@_W@std@@V?$allocator@_W@2@@std@@@2@V?$allocator@U?$pair@$$CBV?$basic_string@_WU?$char_traits@_W@std@@V?$allocator@_W@2@@std@@PAV?$list@PAVIEventListener@@V?$allocator@PAVIEventListener@@@std@@@2@@std@@@2@$0A@@std@@@std@@QAEPAU?$_Tree_node@U?$pair@$$CBV?$basic_string@_WU?$char_traits@_W@std@@V?$allocator@_W@2@@std@@PAV?$list@PAVIEventListener@@V?$allocator@PAVIEventListener@@@std@@@2@@std@@PAX@1@ABUpiecewise_construct_t@1@$$QAV?$tuple@ABV?$basic_string@_WU?$char_traits@_W@std@@V?$allocator@_W@2@@std@@@1@$$QAV?$tuple@$$V@1@@Z 10008dc0 f i EventMgr.obj
 0001:00007e80       ??$_Buynode@ABV?$basic_string@_WU?$char_traits@_W@std@@V?$allocator@_W@2@@std@@@?$_List_buy@V?$basic_string@_WU?$char_traits@_W@std@@V?$allocator@_W@2@@std@@V?$allocator@V?$basic_string@_WU?$char_traits@_W@std@@V?$allocator@_W@2@@std@@@2@@std@@QAEPAU?$_List_node@V?$basic_string@_WU?$char_traits@_W@std@@V?$allocator@_W@2@@std@@PAX@1@PAU21@0ABV?$basic_string@_WU?$char_traits@_W@std@@V?$allocator@_W@2@@1@@Z 10008e80 f i EventMgr.obj
 0001:00007f40       ??$_Insert_at@AAU?$pair@$$CBV?$basic_string@_WU?$char_traits@_W@std@@V?$allocator@_W@2@@std@@PAV?$list@PAVIEventListener@@V?$allocator@PAVIEventListener@@@std@@@2@@std@@PAU?$_Tree_node@U?$pair@$$CBV?$basic_string@_WU?$char_traits@_W@std@@V?$allocator@_W@2@@std@@PAV?$list@PAVIEventListener@@V?$allocator@PAVIEventListener@@@std@@@2@@std@@PAX@2@@?$_Tree@V?$_Tmap_traits@V?$basic_string@_WU?$char_traits@_W@std@@V?$allocator@_W@2@@std@@PAV?$list@PAVIEventListener@@V?$allocator@PAVIEventListener@@@std@@@2@U?$less@V?$basic_string@_WU?$char_traits@_W@std@@V?$allocator@_W@2@@std@@@2@V?$allocator@U?$pair@$$CBV?$basic_string@_WU?$char_traits@_W@std@@V?$allocator@_W@2@@std@@PAV?$list@PAVIEventListener@@V?$allocator@PAVIEventListener@@@std@@@2@@std@@@2@$0A@@std@@@std@@IAE?AV?$_Tree_iterator@V?$_Tree_val@U?$_Tree_simple_types@U?$pair@$$CBV?$basic_string@_WU?$char_traits@_W@std@@V?$allocator@_W@2@@std@@PAV?$list@PAVIEventListener@@V?$allocator@PAVIEventListener@@@std@@@2@@std@@@std@@@std@@@1@_NPAU?$_Tree_node@U?$pair@$$CBV?$basic_string@_WU?$char_traits@_W@std@@V?$allocator@_W@2@@std@@PAV?$list@PAVIEventListener@@V?$allocator@PAVIEventListener@@@std@@@2@@std@@PAX@1@AAU?$pair@$$CBV?$basic_string@_WU?$char_traits@_W@std@@V?$allocator@_W@2@@std@@PAV?$list@PAVIEventListener@@V?$allocator@PAVIEventListener@@@std@@@2@@1@1@Z 10008f40 f i EventMgr.obj
 0001:00008110       ??$_Insert_hint@AAU?$pair@$$CBV?$basic_string@_WU?$char_traits@_W@std@@V?$allocator@_W@2@@std@@PAV?$list@PAVIEventListener@@V?$allocator@PAVIEventListener@@@std@@@2@@std@@PAU?$_Tree_node@U?$pair@$$CBV?$basic_string@_WU?$char_traits@_W@std@@V?$allocator@_W@2@@std@@PAV?$list@PAVIEventListener@@V?$allocator@PAVIEventListener@@@std@@@2@@std@@PAX@2@@?$_Tree@V?$_Tmap_traits@V?$basic_string@_WU?$char_traits@_W@std@@V?$allocator@_W@2@@std@@PAV?$list@PAVIEventListener@@V?$allocator@PAVIEventListener@@@std@@@2@U?$less@V?$basic_string@_WU?$char_traits@_W@std@@V?$allocator@_W@2@@std@@@2@V?$allocator@U?$pair@$$CBV?$basic_string@_WU?$char_traits@_W@std@@V?$allocator@_W@2@@std@@PAV?$list@PAVIEventListener@@V?$allocator@PAVIEventListener@@@std@@@2@@std@@@2@$0A@@std@@@std@@IAE?AV?$_Tree_iterator@V?$_Tree_val@U?$_Tree_simple_types@U?$pair@$$CBV?$basic_string@_WU?$char_traits@_W@std@@V?$allocator@_W@2@@std@@PAV?$list@PAVIEventListener@@V?$allocator@PAVIEventListener@@@std@@@2@@std@@@std@@@std@@@1@V?$_Tree_const_iterator@V?$_Tree_val@U?$_Tree_simple_types@U?$pair@$$CBV?$basic_string@_WU?$char_traits@_W@std@@V?$allocator@_W@2@@std@@PAV?$list@PAVIEventListener@@V?$allocator@PAVIEventListener@@@std@@@2@@std@@@std@@@std@@@1@AAU?$pair@$$CBV?$basic_string@_WU?$char_traits@_W@std@@V?$allocator@_W@2@@std@@PAV?$list@PAVIEventListener@@V?$allocator@PAVIEventListener@@@std@@@2@@1@PAU?$_Tree_node@U?$pair@$$CBV?$basic_string@_WU?$char_traits@_W@std@@V?$allocator@_W@2@@std@@PAV?$list@PAVIEventListener@@V?$allocator@PAVIEventListener@@@std@@@2@@std@@PAX@1@@Z 10009110 f i EventMgr.obj
 0001:000082e0       ??$_Insert_nohint@AAU?$pair@$$CBV?$basic_string@_WU?$char_traits@_W@std@@V?$allocator@_W@2@@std@@PAV?$list@PAVIEventListener@@V?$allocator@PAVIEventListener@@@std@@@2@@std@@PAU?$_Tree_node@U?$pair@$$CBV?$basic_string@_WU?$char_traits@_W@std@@V?$allocator@_W@2@@std@@PAV?$list@PAVIEventListener@@V?$allocator@PAVIEventListener@@@std@@@2@@std@@PAX@2@@?$_Tree@V?$_Tmap_traits@V?$basic_string@_WU?$char_traits@_W@std@@V?$allocator@_W@2@@std@@PAV?$list@PAVIEventListener@@V?$allocator@PAVIEventListener@@@std@@@2@U?$less@V?$basic_string@_WU?$char_traits@_W@std@@V?$allocator@_W@2@@std@@@2@V?$allocator@U?$pair@$$CBV?$basic_string@_WU?$char_traits@_W@std@@V?$allocator@_W@2@@std@@PAV?$list@PAVIEventListener@@V?$allocator@PAVIEventListener@@@std@@@2@@std@@@2@$0A@@std@@@std@@IAE?AU?$pair@V?$_Tree_iterator@V?$_Tree_val@U?$_Tree_simple_types@U?$pair@$$CBV?$basic_string@_WU?$char_traits@_W@std@@V?$allocator@_W@2@@std@@PAV?$list@PAVIEventListener@@V?$allocator@PAVIEventListener@@@std@@@2@@std@@@std@@@std@@@std@@_N@1@_NAAU?$pair@$$CBV?$basic_string@_WU?$char_traits@_W@std@@V?$allocator@_W@2@@std@@PAV?$list@PAVIEventListener@@V?$allocator@PAVIEventListener@@@std@@@2@@1@PAU?$_Tree_node@U?$pair@$$CBV?$basic_string@_WU?$char_traits@_W@std@@V?$allocator@_W@2@@std@@PAV?$list@PAVIEventListener@@V?$allocator@PAVIEventListener@@@std@@@2@@std@@PAX@1@@Z 100092e0 f i EventMgr.obj
 0001:00008450       ??$_Lbound@V?$basic_string@_WU?$char_traits@_W@std@@V?$allocator@_W@2@@std@@@?$_Tree@V?$_Tmap_traits@V?$basic_string@_WU?$char_traits@_W@std@@V?$allocator@_W@2@@std@@PAV?$list@PAVIEventListener@@V?$allocator@PAVIEventListener@@@std@@@2@U?$less@V?$basic_string@_WU?$char_traits@_W@std@@V?$allocator@_W@2@@std@@@2@V?$allocator@U?$pair@$$CBV?$basic_string@_WU?$char_traits@_W@std@@V?$allocator@_W@2@@std@@PAV?$list@PAVIEventListener@@V?$allocator@PAVIEventListener@@@std@@@2@@std@@@2@$0A@@std@@@std@@IBEPAU?$_Tree_node@U?$pair@$$CBV?$basic_string@_WU?$char_traits@_W@std@@V?$allocator@_W@2@@std@@PAV?$list@PAVIEventListener@@V?$allocator@PAVIEventListener@@@std@@@2@@std@@PAX@1@ABV?$basic_string@_WU?$char_traits@_W@std@@V?$allocator@_W@2@@1@@Z 10009450 f i EventMgr.obj
 0001:000084f0       ??0CEventMgr@@QAE@XZ       100094f0 f   EventMgr.obj
 0001:000085a0       ??1?$list@V?$basic_string@_WU?$char_traits@_W@std@@V?$allocator@_W@2@@std@@V?$allocator@V?$basic_string@_WU?$char_traits@_W@std@@V?$allocator@_W@2@@std@@@2@@std@@QAE@XZ 100095a0 f i EventMgr.obj
 0001:000085c0       ??1CEventMgr@@QAE@XZ       100095c0 f   EventMgr.obj
 0001:00008670       ??1CLock@Skyray@@QAE@XZ    10009670 f i EventMgr.obj
 0001:00008680       ??A?$map@V?$basic_string@_WU?$char_traits@_W@std@@V?$allocator@_W@2@@std@@PAV?$list@PAVIEventListener@@V?$allocator@PAVIEventListener@@@std@@@2@U?$less@V?$basic_string@_WU?$char_traits@_W@std@@V?$allocator@_W@2@@std@@@2@V?$allocator@U?$pair@$$CBV?$basic_string@_WU?$char_traits@_W@std@@V?$allocator@_W@2@@std@@PAV?$list@PAVIEventListener@@V?$allocator@PAVIEventListener@@@std@@@2@@std@@@2@@std@@QAEAAPAV?$list@PAVIEventListener@@V?$allocator@PAVIEventListener@@@std@@@1@ABV?$basic_string@_WU?$char_traits@_W@std@@V?$allocator@_W@2@@1@@Z 10009680 f i EventMgr.obj
 0001:00008740       ??E?$_Tree_unchecked_const_iterator@V?$_Tree_val@U?$_Tree_simple_types@U?$pair@$$CBV?$basic_string@_WU?$char_traits@_W@std@@V?$allocator@_W@2@@std@@PAV?$list@PAVIEventListener@@V?$allocator@PAVIEventListener@@@std@@@2@@std@@@std@@@std@@U_Iterator_base0@2@@std@@QAEAAV01@XZ 10009740 f i EventMgr.obj
 0001:00008790       ??F?$_Tree_unchecked_const_iterator@V?$_Tree_val@U?$_Tree_simple_types@U?$pair@$$CBV?$basic_string@_WU?$char_traits@_W@std@@V?$allocator@_W@2@@std@@PAV?$list@PAVIEventListener@@V?$allocator@PAVIEventListener@@@std@@@2@@std@@@std@@@std@@U_Iterator_base0@2@@std@@QAEAAV01@XZ 10009790 f i EventMgr.obj
 0001:000087f0       ??R?$less@V?$basic_string@_WU?$char_traits@_W@std@@V?$allocator@_W@2@@std@@@std@@QBE_NABV?$basic_string@_WU?$char_traits@_W@std@@V?$allocator@_W@2@@1@0@Z 100097f0 f i EventMgr.obj
 0001:00008850       ?APCProc@CEventMgr@@CGXK@Z 10009850 f   EventMgr.obj
 0001:000088c0       ?APCWndProc@CEventMgr@@CGJPAUHWND__@@IIJ@Z 100098c0 f   EventMgr.obj
 0001:000088e0       ?EventIsExist@CEventMgr@@UAEHPB_W@Z 100098e0 f   EventMgr.obj
 0001:000089b0       ?Hook@CEventMgr@@UAEHPB_WPAVIEventListener@@@Z 100099b0 f   EventMgr.obj
 0001:00008b30       ?IsTraversal@CEventMgr@@AAEHABV?$basic_string@_WU?$char_traits@_W@std@@V?$allocator@_W@2@@std@@@Z 10009b30 f   EventMgr.obj
 0001:00008bd0       ?Notify@CEventMgr@@UAEHPB_WIJ@Z 10009bd0 f   EventMgr.obj
 0001:00008ca0       ?Procedure@CEventMgr@@AAEHPB_WIJ@Z 10009ca0 f   EventMgr.obj
 0001:00008f20       ?PushTraversal@CEventMgr@@AAEXABV?$basic_string@_WU?$char_traits@_W@std@@V?$allocator@_W@2@@std@@@Z 10009f20 f   EventMgr.obj
 0001:00008f70       ?Register@CEventMgr@@UAEHPB_W@Z 10009f70 f   EventMgr.obj
 0001:00009080       ?SetProcedureContext@CEventMgr@@UAEXXZ 1000a080 f   EventMgr.obj
 0001:000090f0       ?Unhook@CEventMgr@@UAEXPB_WPAVIEventListener@@@Z 1000a0f0 f   EventMgr.obj
 0001:00009240       ?Unregister@CEventMgr@@UAEXPB_W@Z 1000a240 f   EventMgr.obj
 0001:00009310       ?_Buyheadnode@?$_Tree_comp_alloc@V?$_Tmap_traits@V?$basic_string@_WU?$char_traits@_W@std@@V?$allocator@_W@2@@std@@PAV?$list@PAVIEventListener@@V?$allocator@PAVIEventListener@@@std@@@2@U?$less@V?$basic_string@_WU?$char_traits@_W@std@@V?$allocator@_W@2@@std@@@2@V?$allocator@U?$pair@$$CBV?$basic_string@_WU?$char_traits@_W@std@@V?$allocator@_W@2@@std@@PAV?$list@PAVIEventListener@@V?$allocator@PAVIEventListener@@@std@@@2@@std@@@2@$0A@@std@@@std@@QAEPAU?$_Tree_node@U?$pair@$$CBV?$basic_string@_WU?$char_traits@_W@std@@V?$allocator@_W@2@@std@@PAV?$list@PAVIEventListener@@V?$allocator@PAVIEventListener@@@std@@@2@@std@@PAX@2@XZ 1000a310 f i EventMgr.obj
 0001:00009340       ?_Buynode0@?$_List_alloc@U?$_List_base_types@PAVIEventListener@@V?$allocator@PAVIEventListener@@@std@@@std@@@std@@QAEPAU?$_List_node@PAVIEventListener@@PAX@2@PAU32@0@Z 1000a340 f i EventMgr.obj
 0001:00009380       ?_Buynode0@?$_List_alloc@U?$_List_base_types@V?$basic_string@_WU?$char_traits@_W@std@@V?$allocator@_W@2@@std@@V?$allocator@V?$basic_string@_WU?$char_traits@_W@std@@V?$allocator@_W@2@@std@@@2@@std@@@std@@QAEPAU?$_List_node@V?$basic_string@_WU?$char_traits@_W@std@@V?$allocator@_W@2@@std@@PAX@2@PAU32@0@Z 1000a380 f i EventMgr.obj
 0001:000093c0       ?_Buynode0@?$_Tree_comp_alloc@V?$_Tmap_traits@V?$basic_string@_WU?$char_traits@_W@std@@V?$allocator@_W@2@@std@@PAV?$list@PAVIEventListener@@V?$allocator@PAVIEventListener@@@std@@@2@U?$less@V?$basic_string@_WU?$char_traits@_W@std@@V?$allocator@_W@2@@std@@@2@V?$allocator@U?$pair@$$CBV?$basic_string@_WU?$char_traits@_W@std@@V?$allocator@_W@2@@std@@PAV?$list@PAVIEventListener@@V?$allocator@PAVIEventListener@@@std@@@2@@std@@@2@$0A@@std@@@std@@QAEPAU?$_Tree_node@U?$pair@$$CBV?$basic_string@_WU?$char_traits@_W@std@@V?$allocator@_W@2@@std@@PAV?$list@PAVIEventListener@@V?$allocator@PAVIEventListener@@@std@@@2@@std@@PAX@2@XZ 1000a3c0 f i EventMgr.obj
 0001:00009400       ?_Destroy_if_not_nil@?$_Tree@V?$_Tmap_traits@V?$basic_string@_WU?$char_traits@_W@std@@V?$allocator@_W@2@@std@@PAV?$list@PAVIEventListener@@V?$allocator@PAVIEventListener@@@std@@@2@U?$less@V?$basic_string@_WU?$char_traits@_W@std@@V?$allocator@_W@2@@std@@@2@V?$allocator@U?$pair@$$CBV?$basic_string@_WU?$char_traits@_W@std@@V?$allocator@_W@2@@std@@PAV?$list@PAVIEventListener@@V?$allocator@PAVIEventListener@@@std@@@2@@std@@@2@$0A@@std@@@std@@IAEXPAU?$_Tree_node@U?$pair@$$CBV?$basic_string@_WU?$char_traits@_W@std@@V?$allocator@_W@2@@std@@PAV?$list@PAVIEventListener@@V?$allocator@PAVIEventListener@@@std@@@2@@std@@PAX@2@@Z 1000a400 f i EventMgr.obj
 0001:00009450       ?_Erase@?$_Tree@V?$_Tmap_traits@V?$basic_string@_WU?$char_traits@_W@std@@V?$allocator@_W@2@@std@@PAV?$list@PAVIEventListener@@V?$allocator@PAVIEventListener@@@std@@@2@U?$less@V?$basic_string@_WU?$char_traits@_W@std@@V?$allocator@_W@2@@std@@@2@V?$allocator@U?$pair@$$CBV?$basic_string@_WU?$char_traits@_W@std@@V?$allocator@_W@2@@std@@PAV?$list@PAVIEventListener@@V?$allocator@PAVIEventListener@@@std@@@2@@std@@@2@$0A@@std@@@std@@IAEXPAU?$_Tree_node@U?$pair@$$CBV?$basic_string@_WU?$char_traits@_W@std@@V?$allocator@_W@2@@std@@PAV?$list@PAVIEventListener@@V?$allocator@PAVIEventListener@@@std@@@2@@std@@PAX@2@@Z 1000a450 f i EventMgr.obj
 0001:00009500       ?_Lrotate@?$_Tree@V?$_Tmap_traits@V?$basic_string@_WU?$char_traits@_W@std@@V?$allocator@_W@2@@std@@PAV?$list@PAVIEventListener@@V?$allocator@PAVIEventListener@@@std@@@2@U?$less@V?$basic_string@_WU?$char_traits@_W@std@@V?$allocator@_W@2@@std@@@2@V?$allocator@U?$pair@$$CBV?$basic_string@_WU?$char_traits@_W@std@@V?$allocator@_W@2@@std@@PAV?$list@PAVIEventListener@@V?$allocator@PAVIEventListener@@@std@@@2@@std@@@2@$0A@@std@@@std@@IAEXPAU?$_Tree_node@U?$pair@$$CBV?$basic_string@_WU?$char_traits@_W@std@@V?$allocator@_W@2@@std@@PAV?$list@PAVIEventListener@@V?$allocator@PAVIEventListener@@@std@@@2@@std@@PAX@2@@Z 1000a500 f i EventMgr.obj
 0001:00009560       ?_Rrotate@?$_Tree@V?$_Tmap_traits@V?$basic_string@_WU?$char_traits@_W@std@@V?$allocator@_W@2@@std@@PAV?$list@PAVIEventListener@@V?$allocator@PAVIEventListener@@@std@@@2@U?$less@V?$basic_string@_WU?$char_traits@_W@std@@V?$allocator@_W@2@@std@@@2@V?$allocator@U?$pair@$$CBV?$basic_string@_WU?$char_traits@_W@std@@V?$allocator@_W@2@@std@@PAV?$list@PAVIEventListener@@V?$allocator@PAVIEventListener@@@std@@@2@@std@@@2@$0A@@std@@@std@@IAEXPAU?$_Tree_node@U?$pair@$$CBV?$basic_string@_WU?$char_traits@_W@std@@V?$allocator@_W@2@@std@@PAV?$list@PAVIEventListener@@V?$allocator@PAVIEventListener@@@std@@@2@@std@@PAX@2@@Z 1000a560 f i EventMgr.obj
 0001:000095c0       ?clear@?$list@V?$basic_string@_WU?$char_traits@_W@std@@V?$allocator@_W@2@@std@@V?$allocator@V?$basic_string@_WU?$char_traits@_W@std@@V?$allocator@_W@2@@std@@@2@@std@@QAEXXZ 1000a5c0 f i EventMgr.obj
 0001:00009660       ?erase@?$_Tree@V?$_Tmap_traits@V?$basic_string@_WU?$char_traits@_W@std@@V?$allocator@_W@2@@std@@PAV?$list@PAVIEventListener@@V?$allocator@PAVIEventListener@@@std@@@2@U?$less@V?$basic_string@_WU?$char_traits@_W@std@@V?$allocator@_W@2@@std@@@2@V?$allocator@U?$pair@$$CBV?$basic_string@_WU?$char_traits@_W@std@@V?$allocator@_W@2@@std@@PAV?$list@PAVIEventListener@@V?$allocator@PAVIEventListener@@@std@@@2@@std@@@2@$0A@@std@@@std@@QAE?AV?$_Tree_iterator@V?$_Tree_val@U?$_Tree_simple_types@U?$pair@$$CBV?$basic_string@_WU?$char_traits@_W@std@@V?$allocator@_W@2@@std@@PAV?$list@PAVIEventListener@@V?$allocator@PAVIEventListener@@@std@@@2@@std@@@std@@@std@@@2@V?$_Tree_const_iterator@V?$_Tree_val@U?$_Tree_simple_types@U?$pair@$$CBV?$basic_string@_WU?$char_traits@_W@std@@V?$allocator@_W@2@@std@@PAV?$list@PAVIEventListener@@V?$allocator@PAVIEventListener@@@std@@@2@@std@@@std@@@std@@@2@0@Z 1000a660 f i EventMgr.obj
 0001:00009750       ?erase@?$_Tree@V?$_Tmap_traits@V?$basic_string@_WU?$char_traits@_W@std@@V?$allocator@_W@2@@std@@PAV?$list@PAVIEventListener@@V?$allocator@PAVIEventListener@@@std@@@2@U?$less@V?$basic_string@_WU?$char_traits@_W@std@@V?$allocator@_W@2@@std@@@2@V?$allocator@U?$pair@$$CBV?$basic_string@_WU?$char_traits@_W@std@@V?$allocator@_W@2@@std@@PAV?$list@PAVIEventListener@@V?$allocator@PAVIEventListener@@@std@@@2@@std@@@2@$0A@@std@@@std@@QAE?AV?$_Tree_iterator@V?$_Tree_val@U?$_Tree_simple_types@U?$pair@$$CBV?$basic_string@_WU?$char_traits@_W@std@@V?$allocator@_W@2@@std@@PAV?$list@PAVIEventListener@@V?$allocator@PAVIEventListener@@@std@@@2@@std@@@std@@@std@@@2@V?$_Tree_const_iterator@V?$_Tree_val@U?$_Tree_simple_types@U?$pair@$$CBV?$basic_string@_WU?$char_traits@_W@std@@V?$allocator@_W@2@@std@@PAV?$list@PAVIEventListener@@V?$allocator@PAVIEventListener@@@std@@@2@@std@@@std@@@std@@@2@@Z 1000a750 f i EventMgr.obj
 0001:00009a40       ?erase@?$list@PAVIEventListener@@V?$allocator@PAVIEventListener@@@std@@@std@@QAE?AV?$_List_iterator@V?$_List_val@U?$_List_simple_types@PAVIEventListener@@@std@@@std@@@2@V?$_List_const_iterator@V?$_List_val@U?$_List_simple_types@PAVIEventListener@@@std@@@std@@@2@@Z 1000aa40 f i EventMgr.obj
 0001:00009a80       ?erase@?$list@V?$basic_string@_WU?$char_traits@_W@std@@V?$allocator@_W@2@@std@@V?$allocator@V?$basic_string@_WU?$char_traits@_W@std@@V?$allocator@_W@2@@std@@@2@@std@@QAE?AV?$_List_iterator@V?$_List_val@U?$_List_simple_types@V?$basic_string@_WU?$char_traits@_W@std@@V?$allocator@_W@2@@std@@@std@@@std@@@2@V?$_List_const_iterator@V?$_List_val@U?$_List_simple_types@V?$basic_string@_WU?$char_traits@_W@std@@V?$allocator@_W@2@@std@@@std@@@std@@@2@@Z 1000aa80 f i EventMgr.obj
 0001:00009af0       ?find@?$_Tree@V?$_Tmap_traits@V?$basic_string@_WU?$char_traits@_W@std@@V?$allocator@_W@2@@std@@PAV?$list@PAVIEventListener@@V?$allocator@PAVIEventListener@@@std@@@2@U?$less@V?$basic_string@_WU?$char_traits@_W@std@@V?$allocator@_W@2@@std@@@2@V?$allocator@U?$pair@$$CBV?$basic_string@_WU?$char_traits@_W@std@@V?$allocator@_W@2@@std@@PAV?$list@PAVIEventListener@@V?$allocator@PAVIEventListener@@@std@@@2@@std@@@2@$0A@@std@@@std@@QAE?AV?$_Tree_iterator@V?$_Tree_val@U?$_Tree_simple_types@U?$pair@$$CBV?$basic_string@_WU?$char_traits@_W@std@@V?$allocator@_W@2@@std@@PAV?$list@PAVIEventListener@@V?$allocator@PAVIEventListener@@@std@@@2@@std@@@std@@@std@@@2@ABV?$basic_string@_WU?$char_traits@_W@std@@V?$allocator@_W@2@@2@@Z 1000aaf0 f i EventMgr.obj
 0001:00009b80       ?UpdateRegistry@CHeightLaser@@SGJH@Z 1000ab80 f i HeightLaser.obj
 0001:00009ba0       ?CreateInstance@?$CComCreator2@V?$CComCreator@V?$CComObject@VCHeightLaser@@@ATL@@@ATL@@V?$CComCreator@V?$CComAggObject@VCHeightLaser@@@ATL@@@2@@ATL@@SGJPAXABU_GUID@@PAPAX@Z 1000aba0 f i HeightLaser.obj
 0001:00009bc0       ??0?$CComAggObject@VCHeightLaser@@@ATL@@QAE@PAX@Z 1000abc0 f i HeightLaser.obj
 0001:00009c70       ??0?$CComObject@VCHeightLaser@@@ATL@@QAE@PAX@Z 1000ac70 f i HeightLaser.obj
 0001:00009d10       ??1?$CComAggObject@VCHeightLaser@@@ATL@@UAE@XZ 1000ad10 f i HeightLaser.obj
 0001:00009dd0       ??1?$CComObject@VCHeightLaser@@@ATL@@UAE@XZ 1000add0 f i HeightLaser.obj
 0001:00009e90       ??1?$CComContainedObject@VCHighVoltage@@@ATL@@QAE@XZ 1000ae90 f i HighVoltage.obj
 0001:00009e90       ??1?$CComContainedObject@VCElectromagnet@@@ATL@@QAE@XZ 1000ae90 f i Electromagnet.obj
 0001:00009e90       ??1?$CComContainedObject@VCSurfaceSource@@@ATL@@QAE@XZ 1000ae90 f i SurfaceSource.obj
 0001:00009e90       ??1CElectromagnet@@QAE@XZ  1000ae90 f i Electromagnet.obj
 0001:00009e90       ??1?$CComContainedObject@VCHeightLaser@@@ATL@@QAE@XZ 1000ae90 f i HeightLaser.obj
 0001:00009e90       ??1CHighVoltage@@QAE@XZ    1000ae90 f i HighVoltage.obj
 0001:00009e90       ??1CHeightLaser@@QAE@XZ    1000ae90 f i HeightLaser.obj
 0001:00009e90       ??1CSurfaceSource@@QAE@XZ  1000ae90 f i SurfaceSource.obj
 0001:00009ee0       ??_E?$CComAggObject@VCHeightLaser@@@ATL@@UAEPAXI@Z 1000aee0 f i HeightLaser.obj
 0001:00009ee0       ??_G?$CComAggObject@VCHeightLaser@@@ATL@@UAEPAXI@Z 1000aee0 f i HeightLaser.obj
 0001:00009f10       ??_G?$CComObject@VCHeightLaser@@@ATL@@UAEPAXI@Z 1000af10 f i HeightLaser.obj
 0001:00009f10       ??_E?$CComObject@VCHeightLaser@@@ATL@@UAEPAXI@Z 1000af10 f i HeightLaser.obj
 0001:00009f40       ?CreateInstance@?$CComCreator@V?$CComAggObject@VCHeightLaser@@@ATL@@@ATL@@SGJPAXABU_GUID@@PAPAX@Z 1000af40 f i HeightLaser.obj
 0001:0000a060       ?CreateInstance@?$CComCreator@V?$CComObject@VCHeightLaser@@@ATL@@@ATL@@SGJPAXABU_GUID@@PAPAX@Z 1000b060 f i HeightLaser.obj
 0001:0000a190       ?FinalConstruct@?$CComAggObject@VCElectromagnet@@@ATL@@QAEJXZ 1000b190 f i Electromagnet.obj
 0001:0000a190       ?FinalConstruct@?$CComAggObject@VCHighVoltage@@@ATL@@QAEJXZ 1000b190 f i HighVoltage.obj
 0001:0000a190       ?FinalConstruct@?$CComAggObject@VCSurfaceSource@@@ATL@@QAEJXZ 1000b190 f i SurfaceSource.obj
 0001:0000a190       ?FinalConstruct@?$CComAggObject@VCHeightLaser@@@ATL@@QAEJXZ 1000b190 f i HeightLaser.obj
 0001:0000a190       ?FinalConstruct@?$CComAggObject@VCVacuumPump@@@ATL@@QAEJXZ 1000b190 f i VacuumPump.obj
 0001:0000a190       ?FinalConstruct@?$CComAggObject@VCApparatus@@@ATL@@QAEJXZ 1000b190 f i Apparatus.obj
 0001:0000a1d0       ?GetIDsOfNames@?$IDispatchImpl@UIHeightLaser@@$1?IID_IHeightLaser@@3U_GUID@@B$1?LIBID_XRFNetLib@@3U3@B$00$0A@VCComTypeInfoHolder@ATL@@@ATL@@UAGJABU_GUID@@PAPA_WIKPAJ@Z 1000b1d0 f i HeightLaser.obj
 0001:0000a1f0       ?GetLastError@CSurfaceSource@@EAEPB_WXZ 1000b1f0 f i SurfaceSource.obj
 0001:0000a1f0       ?GetLastError@CHeightLaser@@EAEPB_WXZ 1000b1f0 f i HeightLaser.obj
 0001:0000a1f0       ?GetLastError@CMotorControl@@EAEPB_WXZ 1000b1f0 f i MotorControl.obj
 0001:0000a1f0       ?GetLastError@CApparatus@@EAEPB_WXZ 1000b1f0 f i Apparatus.obj
 0001:0000a1f0       ?GetLastError@CElectromagnet@@EAEPB_WXZ 1000b1f0 f i Electromagnet.obj
 0001:0000a1f0       ?GetLastError@CHighVoltage@@EAEPB_WXZ 1000b1f0 f i HighVoltage.obj
 0001:0000a200       ?GetTypeInfo@?$IDispatchImpl@UIHeightLaser@@$1?IID_IHeightLaser@@3U_GUID@@B$1?LIBID_XRFNetLib@@3U3@B$00$0A@VCComTypeInfoHolder@ATL@@@ATL@@UAGJIKPAPAUITypeInfo@@@Z 1000b200 f i HeightLaser.obj
 0001:0000a260       ?ID@CHeightLaser@@EAEIXZ   1000b260 f i HeightLaser.obj
 0001:0000a270       ?Invoke@?$IDispatchImpl@UIHeightLaser@@$1?IID_IHeightLaser@@3U_GUID@@B$1?LIBID_XRFNetLib@@3U3@B$00$0A@VCComTypeInfoHolder@ATL@@@ATL@@UAGJJABU_GUID@@KGPAUtagDISPPARAMS@@PAUtagVARIANT@@PAUtagEXCEPINFO@@PAI@Z 1000b270 f i HeightLaser.obj
 0001:0000a2c0       ?Name@CHeightLaser@@EAEPB_WXZ 1000b2c0 f i HeightLaser.obj
 0001:0000a2e0       ?OnReceive@CVacuumPump@@EAEXW4TransportID@NetLib@@PAVIUnpacking@3@@Z 1000b2e0 f   VacuumPump.obj
 0001:0000a2e0       ?OnReceive@CMotorControl@@EAEXW4TransportID@NetLib@@PAVIUnpacking@3@@Z 1000b2e0 f   MotorControl.obj
 0001:0000a2e0       ?OnReceive@CSurfaceSource@@EAEXW4TransportID@NetLib@@PAVIUnpacking@3@@Z 1000b2e0 f   SurfaceSource.obj
 0001:0000a2e0       ?OnReceive@CHighVoltage@@EAEXW4TransportID@NetLib@@PAVIUnpacking@3@@Z 1000b2e0 f   HighVoltage.obj
 0001:0000a2e0       ?OnReceive@CElectromagnet@@EAEXW4TransportID@NetLib@@PAVIUnpacking@3@@Z 1000b2e0 f   Electromagnet.obj
 0001:0000a2e0       ?OnReceive@CHeightLaser@@EAEXW4TransportID@NetLib@@PAVIUnpacking@3@@Z 1000b2e0 f   HeightLaser.obj
 0001:0000a2f0       ?QueryInterface@?$CComAggObject@VCHeightLaser@@@ATL@@UAGJABU_GUID@@PAPAX@Z 1000b2f0 f i HeightLaser.obj
 0001:0000a360       ?QueryInterface@?$CComObject@VCHeightLaser@@@ATL@@UAGJABU_GUID@@PAPAX@Z 1000b360 f i HeightLaser.obj
 0001:0000a380       ?UpdateRegistry@CHighVoltage@@SGJH@Z 1000b380 f i HighVoltage.obj
 0001:0000a3a0       ?CreateInstance@?$CComCreator2@V?$CComCreator@V?$CComObject@VCHighVoltage@@@ATL@@@ATL@@V?$CComCreator@V?$CComAggObject@VCHighVoltage@@@ATL@@@2@@ATL@@SGJPAXABU_GUID@@PAPAX@Z 1000b3a0 f i HighVoltage.obj
 0001:0000a3c0       ??0?$CComAggObject@VCHighVoltage@@@ATL@@QAE@PAX@Z 1000b3c0 f i HighVoltage.obj
 0001:0000a470       ??0?$CComObject@VCHighVoltage@@@ATL@@QAE@PAX@Z 1000b470 f i HighVoltage.obj
 0001:0000a510       ??1?$CComAggObject@VCHighVoltage@@@ATL@@UAE@XZ 1000b510 f i HighVoltage.obj
 0001:0000a5d0       ??1?$CComObject@VCHighVoltage@@@ATL@@UAE@XZ 1000b5d0 f i HighVoltage.obj
 0001:0000a690       ??_G?$CComAggObject@VCHighVoltage@@@ATL@@UAEPAXI@Z 1000b690 f i HighVoltage.obj
 0001:0000a690       ??_E?$CComAggObject@VCHighVoltage@@@ATL@@UAEPAXI@Z 1000b690 f i HighVoltage.obj
 0001:0000a6c0       ??_G?$CComObject@VCHighVoltage@@@ATL@@UAEPAXI@Z 1000b6c0 f i HighVoltage.obj
 0001:0000a6c0       ??_E?$CComObject@VCHighVoltage@@@ATL@@UAEPAXI@Z 1000b6c0 f i HighVoltage.obj
 0001:0000a6f0       ?AddRef@?$CComContainedObject@VCSurfaceSource@@@ATL@@UAGKXZ 1000b6f0 f i SurfaceSource.obj
 0001:0000a6f0       ?AddRef@?$CComContainedObject@VCHighVoltage@@@ATL@@UAGKXZ 1000b6f0 f i HighVoltage.obj
 0001:0000a6f0       ?AddRef@?$CComContainedObject@VCXRFRayTube@@@ATL@@UAGKXZ 1000b6f0 f i XRFRayTube.obj
 0001:0000a6f0       ?AddRef@?$CComContainedObject@VCApparatus@@@ATL@@UAGKXZ 1000b6f0 f i Apparatus.obj
 0001:0000a6f0       ?AddRef@?$CComContainedObject@VCVacuumPump@@@ATL@@UAGKXZ 1000b6f0 f i VacuumPump.obj
 0001:0000a6f0       ?AddRef@?$CComContainedObject@VCHeightLaser@@@ATL@@UAGKXZ 1000b6f0 f i HeightLaser.obj
 0001:0000a6f0       ?AddRef@?$CComContainedObject@VCMotorControl@@@ATL@@UAGKXZ 1000b6f0 f i MotorControl.obj
 0001:0000a6f0       ?AddRef@?$CComContainedObject@VCElectromagnet@@@ATL@@UAGKXZ 1000b6f0 f i Electromagnet.obj
 0001:0000a710       ?AddRef@?$CComObject@VCElectromagnet@@@ATL@@UAGKXZ 1000b710 f i Electromagnet.obj
 0001:0000a710       ?AddRef@?$CComObject@VCSurfaceSource@@@ATL@@UAGKXZ 1000b710 f i SurfaceSource.obj
 0001:0000a710       ?AddRef@?$CComObject@VCMotorControl@@@ATL@@UAGKXZ 1000b710 f i MotorControl.obj
 0001:0000a710       ?AddRef@?$CComObject@VCHeightLaser@@@ATL@@UAGKXZ 1000b710 f i HeightLaser.obj
 0001:0000a710       ?AddRef@?$CComObject@VCApparatus@@@ATL@@UAGKXZ 1000b710 f i Apparatus.obj
 0001:0000a710       ?AddRef@?$CComObject@VCXRFRayTube@@@ATL@@UAGKXZ 1000b710 f i XRFRayTube.obj
 0001:0000a710       ?AddRef@?$CComObject@VCVacuumPump@@@ATL@@UAGKXZ 1000b710 f i VacuumPump.obj
 0001:0000a710       ?AddRef@?$CComObject@VCHighVoltage@@@ATL@@UAGKXZ 1000b710 f i HighVoltage.obj
 0001:0000a730       ?CreateInstance@?$CComCreator@V?$CComAggObject@VCHighVoltage@@@ATL@@@ATL@@SGJPAXABU_GUID@@PAPAX@Z 1000b730 f i HighVoltage.obj
 0001:0000a850       ?CreateInstance@?$CComCreator@V?$CComObject@VCHighVoltage@@@ATL@@@ATL@@SGJPAXABU_GUID@@PAPAX@Z 1000b850 f i HighVoltage.obj
 0001:0000a980       ?GetIDsOfNames@?$IDispatchImpl@UIHighVoltage@@$1?IID_IHighVoltage@@3U_GUID@@B$1?LIBID_XRFNetLib@@3U3@B$00$0A@VCComTypeInfoHolder@ATL@@@ATL@@UAGJABU_GUID@@PAPA_WIKPAJ@Z 1000b980 f i HighVoltage.obj
 0001:0000a9a0       ?GetTypeInfo@?$IDispatchImpl@UIHighVoltage@@$1?IID_IHighVoltage@@3U_GUID@@B$1?LIBID_XRFNetLib@@3U3@B$00$0A@VCComTypeInfoHolder@ATL@@@ATL@@UAGJIKPAPAUITypeInfo@@@Z 1000b9a0 f i HighVoltage.obj
 0001:0000aa00       ?Invoke@?$IDispatchImpl@UIHighVoltage@@$1?IID_IHighVoltage@@3U_GUID@@B$1?LIBID_XRFNetLib@@3U3@B$00$0A@VCComTypeInfoHolder@ATL@@@ATL@@UAGJJABU_GUID@@KGPAUtagDISPPARAMS@@PAUtagVARIANT@@PAUtagEXCEPINFO@@PAI@Z 1000ba00 f i HighVoltage.obj
 0001:0000aa50       ?Name@CHighVoltage@@EAEPB_WXZ 1000ba50 f i HighVoltage.obj
 0001:0000aa70       ?QueryInterface@?$CComAggObject@VCHighVoltage@@@ATL@@UAGJABU_GUID@@PAPAX@Z 1000ba70 f i HighVoltage.obj
 0001:0000aae0       ?QueryInterface@?$CComObject@VCHighVoltage@@@ATL@@UAGJABU_GUID@@PAPAX@Z 1000bae0 f i HighVoltage.obj
 0001:0000ab00       ?UpdateRegistry@CMotorControl@@SGJH@Z 1000bb00 f i MotorControl.obj
 0001:0000ab20       ?CreateInstance@?$CComCreator2@V?$CComCreator@V?$CComObject@VCMotorControl@@@ATL@@@ATL@@V?$CComCreator@V?$CComAggObject@VCMotorControl@@@ATL@@@2@@ATL@@SGJPAXABU_GUID@@PAPAX@Z 1000bb20 f i MotorControl.obj
 0001:0000ab40       ??0?$CComContainedObject@VCMotorControl@@@ATL@@QAE@PAX@Z 1000bb40 f i MotorControl.obj
 0001:0000abc0       ??0?$CComObject@VCMotorControl@@@ATL@@QAE@PAX@Z 1000bbc0 f i MotorControl.obj
 0001:0000ac80       ??1?$CComAggObject@VCMotorControl@@@ATL@@UAE@XZ 1000bc80 f i MotorControl.obj
 0001:0000ad60       ??1CMotorControl@@QAE@XZ   1000bd60 f i MotorControl.obj
 0001:0000ad60       ??1?$CComContainedObject@VCMotorControl@@@ATL@@QAE@XZ 1000bd60 f i MotorControl.obj
 0001:0000adc0       ??1?$CComObject@VCMotorControl@@@ATL@@UAE@XZ 1000bdc0 f i MotorControl.obj
 0001:0000aea0       ??_G?$CComAggObject@VCMotorControl@@@ATL@@UAEPAXI@Z 1000bea0 f i MotorControl.obj
 0001:0000aea0       ??_E?$CComAggObject@VCMotorControl@@@ATL@@UAEPAXI@Z 1000bea0 f i MotorControl.obj
 0001:0000aed0       ??_E?$CComObject@VCMotorControl@@@ATL@@UAEPAXI@Z 1000bed0 f i MotorControl.obj
 0001:0000aed0       ??_G?$CComObject@VCMotorControl@@@ATL@@UAEPAXI@Z 1000bed0 f i MotorControl.obj
 0001:0000af00       ?CreateInstance@?$CComCreator@V?$CComAggObject@VCMotorControl@@@ATL@@@ATL@@SGJPAXABU_GUID@@PAPAX@Z 1000bf00 f i MotorControl.obj
 0001:0000b030       ?CreateInstance@?$CComCreator@V?$CComObject@VCMotorControl@@@ATL@@@ATL@@SGJPAXABU_GUID@@PAPAX@Z 1000c030 f i MotorControl.obj
 0001:0000b160       ?FinalConstruct@?$CComAggObject@VCMotorControl@@@ATL@@QAEJXZ 1000c160 f i MotorControl.obj
 0001:0000b1b0       ?FinalConstruct@CMotorControl@@QAEJXZ 1000c1b0 f   MotorControl.obj
 0001:0000b200       ?GetIDsOfNames@?$IDispatchImpl@UIMotorControl@@$1?IID_IMotorControl@@3U_GUID@@B$1?LIBID_XRFNetLib@@3U3@B$00$0A@VCComTypeInfoHolder@ATL@@@ATL@@UAGJABU_GUID@@PAPA_WIKPAJ@Z 1000c200 f i MotorControl.obj
 0001:0000b220       ?GetTypeInfo@?$IDispatchImpl@UIMotorControl@@$1?IID_IMotorControl@@3U_GUID@@B$1?LIBID_XRFNetLib@@3U3@B$00$0A@VCComTypeInfoHolder@ATL@@@ATL@@UAGJIKPAPAUITypeInfo@@@Z 1000c220 f i MotorControl.obj
 0001:0000b280       ?GetTypeInfoCount@?$IDispatchImpl@UIHighVoltage@@$1?IID_IHighVoltage@@3U_GUID@@B$1?LIBID_XRFNetLib@@3U3@B$00$0A@VCComTypeInfoHolder@ATL@@@ATL@@UAGJPAI@Z 1000c280 f i HighVoltage.obj
 0001:0000b280       ?GetTypeInfoCount@?$IDispatchImpl@UIHeightLaser@@$1?IID_IHeightLaser@@3U_GUID@@B$1?LIBID_XRFNetLib@@3U3@B$00$0A@VCComTypeInfoHolder@ATL@@@ATL@@UAGJPAI@Z 1000c280 f i HeightLaser.obj
 0001:0000b280       ?GetTypeInfoCount@?$IDispatchImpl@UIXRFRayTube@@$1?IID_IXRFRayTube@@3U_GUID@@B$1?LIBID_XRFNetLib@@3U3@B$00$0A@VCComTypeInfoHolder@ATL@@@ATL@@UAGJPAI@Z 1000c280 f i XRFRayTube.obj
 0001:0000b280       ?GetTypeInfoCount@?$IDispatchImpl@UIElectromagnet@@$1?IID_IElectromagnet@@3U_GUID@@B$1?LIBID_XRFNetLib@@3U3@B$00$0A@VCComTypeInfoHolder@ATL@@@ATL@@UAGJPAI@Z 1000c280 f i Electromagnet.obj
 0001:0000b280       ?GetTypeInfoCount@?$IDispatchImpl@UIDetector@@$1?IID_IDetector@@3U_GUID@@B$1?LIBID_XRFNetLib@@3U3@B$00$0A@VCComTypeInfoHolder@ATL@@@ATL@@UAGJPAI@Z 1000c280 f i Detector.obj
 0001:0000b280       ?GetTypeInfoCount@?$IDispatchImpl@UIVacuumPump@@$1?IID_IVacuumPump@@3U_GUID@@B$1?LIBID_XRFNetLib@@3U3@B$00$0A@VCComTypeInfoHolder@ATL@@@ATL@@UAGJPAI@Z 1000c280 f i VacuumPump.obj
 0001:0000b280       ?GetTypeInfoCount@?$IDispatchImpl@UIDetectData@@$1?IID_IDetectData@@3U_GUID@@B$1?LIBID_XRFNetLib@@3U3@B$00$0A@VCComTypeInfoHolder@ATL@@@ATL@@UAGJPAI@Z 1000c280 f i DetectData.obj
 0001:0000b280       ?GetTypeInfoCount@?$IDispatchImpl@UIXRFNetwork@@$1?IID_IXRFNetwork@@3U_GUID@@B$1?LIBID_XRFNetLib@@3U3@B$00$0A@VCComTypeInfoHolder@ATL@@@ATL@@UAGJPAI@Z 1000c280 f i XRFNetwork.obj
 0001:0000b280       ?GetTypeInfoCount@?$IDispatchImpl@UISurfaceSource@@$1?IID_ISurfaceSource@@3U_GUID@@B$1?LIBID_XRFNetLib@@3U3@B$00$0A@VCComTypeInfoHolder@ATL@@@ATL@@UAGJPAI@Z 1000c280 f i SurfaceSource.obj
 0001:0000b280       ?GetTypeInfoCount@?$IDispatchImpl@UIApparatus@@$1?IID_IApparatus@@3U_GUID@@B$1?LIBID_XRFNetLib@@3U3@B$00$0A@VCComTypeInfoHolder@ATL@@@ATL@@UAGJPAI@Z 1000c280 f i Apparatus.obj
 0001:0000b280       ?GetTypeInfoCount@?$IDispatchImpl@UIMotorControl@@$1?IID_IMotorControl@@3U_GUID@@B$1?LIBID_XRFNetLib@@3U3@B$00$0A@VCComTypeInfoHolder@ATL@@@ATL@@UAGJPAI@Z 1000c280 f i MotorControl.obj
 0001:0000b2a0       ?ID@CMotorControl@@EAEIXZ  1000c2a0 f i MotorControl.obj
 0001:0000b2b0       ?Invoke@?$IDispatchImpl@UIMotorControl@@$1?IID_IMotorControl@@3U_GUID@@B$1?LIBID_XRFNetLib@@3U3@B$00$0A@VCComTypeInfoHolder@ATL@@@ATL@@UAGJJABU_GUID@@KGPAUtagDISPPARAMS@@PAUtagVARIANT@@PAUtagEXCEPINFO@@PAI@Z 1000c2b0 f i MotorControl.obj
 0001:0000b300       ?Name@CMotorControl@@EAEPB_WXZ 1000c300 f i MotorControl.obj
 0001:0000b320       ?QueryInterface@?$CComAggObject@VCMotorControl@@@ATL@@UAGJABU_GUID@@PAPAX@Z 1000c320 f i MotorControl.obj
 0001:0000b390       ?QueryInterface@?$CComObject@VCMotorControl@@@ATL@@UAGJABU_GUID@@PAPAX@Z 1000c390 f i MotorControl.obj
 0001:0000b3b0       ?Release@?$CComAggObject@VCElectromagnet@@@ATL@@UAGKXZ 1000c3b0 f i Electromagnet.obj
 0001:0000b3b0       ?Release@?$CComAggObject@VCDetectData@@@ATL@@UAGKXZ 1000c3b0 f i DetectData.obj
 0001:0000b3b0       ?Release@?$CComAggObject@VCDetector@@@ATL@@UAGKXZ 1000c3b0 f i Detector.obj
 0001:0000b3b0       ?Release@?$CComAggObject@VCXRFNetwork@@@ATL@@UAGKXZ 1000c3b0 f i XRFNetwork.obj
 0001:0000b3b0       ?Release@?$CComAggObject@VCSurfaceSource@@@ATL@@UAGKXZ 1000c3b0 f i SurfaceSource.obj
 0001:0000b3b0       ?Release@?$CComAggObject@VCHighVoltage@@@ATL@@UAGKXZ 1000c3b0 f i HighVoltage.obj
 0001:0000b3b0       ?Release@?$CComAggObject@VCMotorControl@@@ATL@@UAGKXZ 1000c3b0 f i MotorControl.obj
 0001:0000b3b0       ?Release@?$CComAggObject@VCApparatus@@@ATL@@UAGKXZ 1000c3b0 f i Apparatus.obj
 0001:0000b3b0       ?Release@?$CComAggObject@VCXRFRayTube@@@ATL@@UAGKXZ 1000c3b0 f i XRFRayTube.obj
 0001:0000b3b0       ?Release@?$CComAggObject@VCHeightLaser@@@ATL@@UAGKXZ 1000c3b0 f i HeightLaser.obj
 0001:0000b3b0       ?Release@?$CComAggObject@VCVacuumPump@@@ATL@@UAGKXZ 1000c3b0 f i VacuumPump.obj
 0001:0000b430       ?UpdateRegistry@CSurfaceSource@@SGJH@Z 1000c430 f i SurfaceSource.obj
 0001:0000b450       ?CreateInstance@?$CComCreator2@V?$CComCreator@V?$CComObject@VCSurfaceSource@@@ATL@@@ATL@@V?$CComCreator@V?$CComAggObject@VCSurfaceSource@@@ATL@@@2@@ATL@@SGJPAXABU_GUID@@PAPAX@Z 1000c450 f i SurfaceSource.obj
 0001:0000b470       ??0?$CComAggObject@VCSurfaceSource@@@ATL@@QAE@PAX@Z 1000c470 f i SurfaceSource.obj
 0001:0000b520       ??0?$CComObject@VCSurfaceSource@@@ATL@@QAE@PAX@Z 1000c520 f i SurfaceSource.obj
 0001:0000b5c0       ??1?$CComAggObject@VCSurfaceSource@@@ATL@@UAE@XZ 1000c5c0 f i SurfaceSource.obj
 0001:0000b680       ??1?$CComObject@VCSurfaceSource@@@ATL@@UAE@XZ 1000c680 f i SurfaceSource.obj
 0001:0000b740       ??_G?$CComAggObject@VCSurfaceSource@@@ATL@@UAEPAXI@Z 1000c740 f i SurfaceSource.obj
 0001:0000b740       ??_E?$CComAggObject@VCSurfaceSource@@@ATL@@UAEPAXI@Z 1000c740 f i SurfaceSource.obj
 0001:0000b770       ??_G?$CComObject@VCSurfaceSource@@@ATL@@UAEPAXI@Z 1000c770 f i SurfaceSource.obj
 0001:0000b770       ??_E?$CComObject@VCSurfaceSource@@@ATL@@UAEPAXI@Z 1000c770 f i SurfaceSource.obj
 0001:0000b7a0       ?CreateInstance@?$CComCreator@V?$CComAggObject@VCSurfaceSource@@@ATL@@@ATL@@SGJPAXABU_GUID@@PAPAX@Z 1000c7a0 f i SurfaceSource.obj
 0001:0000b8c0       ?CreateInstance@?$CComCreator@V?$CComObject@VCSurfaceSource@@@ATL@@@ATL@@SGJPAXABU_GUID@@PAPAX@Z 1000c8c0 f i SurfaceSource.obj
 0001:0000b9f0       ?FinalConstruct@CSurfaceSource@@QAEJXZ 1000c9f0 f   SurfaceSource.obj
 0001:0000b9f0       ?FinalConstruct@CElectromagnet@@QAEJXZ 1000c9f0 f   Electromagnet.obj
 0001:0000b9f0       ?FinalConstruct@CHeightLaser@@QAEJXZ 1000c9f0 f   HeightLaser.obj
 0001:0000b9f0       ?FinalConstruct@CVacuumPump@@QAEJXZ 1000c9f0 f   VacuumPump.obj
 0001:0000b9f0       ?FinalConstruct@CApparatus@@QAEJXZ 1000c9f0 f   Apparatus.obj
 0001:0000b9f0       ?FinalConstruct@CHighVoltage@@QAEJXZ 1000c9f0 f   HighVoltage.obj
 0001:0000ba30       ?GetIDsOfNames@?$IDispatchImpl@UISurfaceSource@@$1?IID_ISurfaceSource@@3U_GUID@@B$1?LIBID_XRFNetLib@@3U3@B$00$0A@VCComTypeInfoHolder@ATL@@@ATL@@UAGJABU_GUID@@PAPA_WIKPAJ@Z 1000ca30 f i SurfaceSource.obj
 0001:0000ba50       ?GetTypeInfo@?$IDispatchImpl@UISurfaceSource@@$1?IID_ISurfaceSource@@3U_GUID@@B$1?LIBID_XRFNetLib@@3U3@B$00$0A@VCComTypeInfoHolder@ATL@@@ATL@@UAGJIKPAPAUITypeInfo@@@Z 1000ca50 f i SurfaceSource.obj
 0001:0000bab0       ?ID@CSurfaceSource@@EAEIXZ 1000cab0 f i SurfaceSource.obj
 0001:0000bac0       ?Invoke@?$IDispatchImpl@UISurfaceSource@@$1?IID_ISurfaceSource@@3U_GUID@@B$1?LIBID_XRFNetLib@@3U3@B$00$0A@VCComTypeInfoHolder@ATL@@@ATL@@UAGJJABU_GUID@@KGPAUtagDISPPARAMS@@PAUtagVARIANT@@PAUtagEXCEPINFO@@PAI@Z 1000cac0 f i SurfaceSource.obj
 0001:0000bb10       ?Name@CSurfaceSource@@EAEPB_WXZ 1000cb10 f i SurfaceSource.obj
 0001:0000bb30       ?QueryInterface@?$CComAggObject@VCSurfaceSource@@@ATL@@UAGJABU_GUID@@PAPAX@Z 1000cb30 f i SurfaceSource.obj
 0001:0000bba0       ?QueryInterface@?$CComObject@VCSurfaceSource@@@ATL@@UAGJABU_GUID@@PAPAX@Z 1000cba0 f i SurfaceSource.obj
 0001:0000bbc0       ?Release@?$CComObject@VCMotorControl@@@ATL@@UAGKXZ 1000cbc0 f i MotorControl.obj
 0001:0000bbc0       ?Release@?$CComObject@VCHeightLaser@@@ATL@@UAGKXZ 1000cbc0 f i HeightLaser.obj
 0001:0000bbc0       ?Release@?$CComObject@VCHighVoltage@@@ATL@@UAGKXZ 1000cbc0 f i HighVoltage.obj
 0001:0000bbc0       ?Release@?$CComObject@VCSurfaceSource@@@ATL@@UAGKXZ 1000cbc0 f i SurfaceSource.obj
 0001:0000bbc0       ?Release@?$CComObject@VCVacuumPump@@@ATL@@UAGKXZ 1000cbc0 f i VacuumPump.obj
 0001:0000bc40       ?UpdateRegistry@CVacuumPump@@SGJH@Z 1000cc40 f i VacuumPump.obj
 0001:0000bc60       ?CreateInstance@?$CComCreator2@V?$CComCreator@V?$CComObject@VCVacuumPump@@@ATL@@@ATL@@V?$CComCreator@V?$CComAggObject@VCVacuumPump@@@ATL@@@2@@ATL@@SGJPAXABU_GUID@@PAPAX@Z 1000cc60 f i VacuumPump.obj
 0001:0000bc80       ??0?$CComContainedObject@VCVacuumPump@@@ATL@@QAE@PAX@Z 1000cc80 f i VacuumPump.obj
 0001:0000bd00       ??0?$CComObject@VCVacuumPump@@@ATL@@QAE@PAX@Z 1000cd00 f i VacuumPump.obj
 0001:0000bdb0       ??1?$CComAggObject@VCVacuumPump@@@ATL@@UAE@XZ 1000cdb0 f i VacuumPump.obj
 0001:0000be70       ??1?$CComContainedObject@VCVacuumPump@@@ATL@@QAE@XZ 1000ce70 f i VacuumPump.obj
 0001:0000be70       ??1CVacuumPump@@QAE@XZ     1000ce70 f i VacuumPump.obj
 0001:0000bed0       ??1?$CComObject@VCVacuumPump@@@ATL@@UAE@XZ 1000ced0 f i VacuumPump.obj
 0001:0000bfa0       ??_E?$CComAggObject@VCVacuumPump@@@ATL@@UAEPAXI@Z 1000cfa0 f i VacuumPump.obj
 0001:0000bfa0       ??_G?$CComAggObject@VCVacuumPump@@@ATL@@UAEPAXI@Z 1000cfa0 f i VacuumPump.obj
 0001:0000bfd0       ??_E?$CComObject@VCVacuumPump@@@ATL@@UAEPAXI@Z 1000cfd0 f i VacuumPump.obj
 0001:0000bfd0       ??_G?$CComObject@VCVacuumPump@@@ATL@@UAEPAXI@Z 1000cfd0 f i VacuumPump.obj
 0001:0000c000       ?CreateInstance@?$CComCreator@V?$CComAggObject@VCVacuumPump@@@ATL@@@ATL@@SGJPAXABU_GUID@@PAPAX@Z 1000d000 f i VacuumPump.obj
 0001:0000c130       ?CreateInstance@?$CComCreator@V?$CComObject@VCVacuumPump@@@ATL@@@ATL@@SGJPAXABU_GUID@@PAPAX@Z 1000d130 f i VacuumPump.obj
 0001:0000c260       ?GetIDsOfNames@?$IDispatchImpl@UIVacuumPump@@$1?IID_IVacuumPump@@3U_GUID@@B$1?LIBID_XRFNetLib@@3U3@B$00$0A@VCComTypeInfoHolder@ATL@@@ATL@@UAGJABU_GUID@@PAPA_WIKPAJ@Z 1000d260 f i VacuumPump.obj
 0001:0000c280       ?GetLastError@CVacuumPump@@EAEPB_WXZ 1000d280 f i VacuumPump.obj
 0001:0000c290       ?GetTypeInfo@?$IDispatchImpl@UIVacuumPump@@$1?IID_IVacuumPump@@3U_GUID@@B$1?LIBID_XRFNetLib@@3U3@B$00$0A@VCComTypeInfoHolder@ATL@@@ATL@@UAGJIKPAPAUITypeInfo@@@Z 1000d290 f i VacuumPump.obj
 0001:0000c2f0       ?ID@CVacuumPump@@EAEIXZ    1000d2f0 f i VacuumPump.obj
 0001:0000c300       ?Invoke@?$IDispatchImpl@UIVacuumPump@@$1?IID_IVacuumPump@@3U_GUID@@B$1?LIBID_XRFNetLib@@3U3@B$00$0A@VCComTypeInfoHolder@ATL@@@ATL@@UAGJJABU_GUID@@KGPAUtagDISPPARAMS@@PAUtagVARIANT@@PAUtagEXCEPINFO@@PAI@Z 1000d300 f i VacuumPump.obj
 0001:0000c350       ?Name@CVacuumPump@@EAEPB_WXZ 1000d350 f i VacuumPump.obj
 0001:0000c370       ?QueryInterface@?$CComAggObject@VCVacuumPump@@@ATL@@UAGJABU_GUID@@PAPAX@Z 1000d370 f i VacuumPump.obj
 0001:0000c3e0       ?QueryInterface@?$CComObject@VCVacuumPump@@@ATL@@UAGJABU_GUID@@PAPAX@Z 1000d3e0 f i VacuumPump.obj
 0001:0000c400       ?AtlComModuleGetClassObject@ATL@@YGJPAU_ATL_COM_MODULE70@1@ABU_GUID@@1PAPAX@Z 1000d400 f i XRFNet.obj
 0001:0000c520       ?AtlComModuleRegisterServer@ATL@@YGJPAU_ATL_COM_MODULE70@1@HPBU_GUID@@@Z 1000d520 f i XRFNet.obj
 0001:0000c5d0       ?AtlComModuleUnregisterServer@ATL@@YGJPAU_ATL_COM_MODULE70@1@HPBU_GUID@@@Z 1000d5d0 f i XRFNet.obj
 0001:0000c720       ?AtlLoadTypeLib@ATL@@YGJPAUHINSTANCE__@@PB_WPAPA_WPAPAUITypeLib@@@Z 1000d720 f i XRFNet.obj
 0001:0000c900       ?AtlRegisterClassCategoriesHelper@ATL@@YGJABU_GUID@@PBU_ATL_CATMAP_ENTRY@1@H@Z 1000d900 f i XRFNet.obj
 0001:0000cc60       ?AtlRegisterTypeLib@ATL@@YGJPAUHINSTANCE__@@PB_W@Z 1000dc60 f i XRFNet.obj
 0001:0000cde0       ?AtlUnRegisterTypeLib@ATL@@YGJPAUHINSTANCE__@@PB_W@Z 1000dde0 f i XRFNet.obj
 0001:0000ced0       ?Close@CRegKey@ATL@@QAEJXZ 1000ded0 f i XRFNet.obj
 0001:0000cf00       ?DllRegisterServer@?$CAtlDllModuleT@VCXRFNetModule@@@ATL@@QAEJH@Z 1000df00 f i XRFNet.obj
 0001:0000cf90       ?DllUnregisterServer@?$CAtlDllModuleT@VCXRFNetModule@@@ATL@@QAEJH@Z 1000df90 f i XRFNet.obj
 0001:0000d020       ?wcscpy_s@Checked@ATL@@YAXPA_WIPB_W@Z 1000e020 f i XRFNet.obj
 0001:0000d040       _DllCanUnloadNow@0         1000e040 f   XRFNet.obj
 0001:0000d060       _DllGetClassObject@12      1000e060 f   XRFNet.obj
 0001:0000d090       _DllInstall@8              1000e090 f   XRFNet.obj
 0001:0000d130       _DllRegisterServer@0       1000e130 f   XRFNet.obj
 0001:0000d150       _DllUnregisterServer@0     1000e150 f   XRFNet.obj
 0001:0000d170       ?UpdateRegistry@CXRFNetwork@@SGJH@Z 1000e170 f i XRFNetwork.obj
 0001:0000d190       ?CreateInstance@?$CComCreator2@V?$CComCreator@V?$CComObject@VCXRFNetwork@@@ATL@@@ATL@@V?$CComCreator@V?$CComAggObject@VCXRFNetwork@@@ATL@@@2@@ATL@@SGJPAXABU_GUID@@PAPAX@Z 1000e190 f i XRFNetwork.obj
 0001:0000d1b0       ??$?8_WU?$char_traits@_W@std@@V?$allocator@_W@1@@std@@YA_NABV?$basic_string@_WU?$char_traits@_W@std@@V?$allocator@_W@2@@0@PB_W@Z 1000e1b0 f i XRFNetwork.obj
 0001:0000d1f0       ??0?$CComAggObject@VCXRFNetwork@@@ATL@@QAE@PAX@Z 1000e1f0 f i XRFNetwork.obj
 0001:0000d280       ??0CXRFNetwork@@QAE@XZ     1000e280 f   XRFNetwork.obj
 0001:0000d310       ??1?$CComAggObject@VCXRFNetwork@@@ATL@@UAE@XZ 1000e310 f i XRFNetwork.obj
 0001:0000d3c0       ??1?$CComContainedObject@VCXRFNetwork@@@ATL@@QAE@XZ 1000e3c0 f i XRFNetwork.obj
 0001:0000d3c0       ??1CXRFNetwork@@QAE@XZ     1000e3c0 f i XRFNetwork.obj
 0001:0000d420       ??1?$CComObject@VCXRFNetwork@@@ATL@@UAE@XZ 1000e420 f i XRFNetwork.obj
 0001:0000d4e0       ??_E?$CComAggObject@VCXRFNetwork@@@ATL@@UAEPAXI@Z 1000e4e0 f i XRFNetwork.obj
 0001:0000d4e0       ??_G?$CComAggObject@VCXRFNetwork@@@ATL@@UAEPAXI@Z 1000e4e0 f i XRFNetwork.obj
 0001:0000d510       ??_E?$CComObject@VCXRFNetwork@@@ATL@@UAEPAXI@Z 1000e510 f i XRFNetwork.obj
 0001:0000d510       ??_G?$CComObject@VCXRFNetwork@@@ATL@@UAEPAXI@Z 1000e510 f i XRFNetwork.obj
 0001:0000d540       ?AddRef@?$CComContainedObject@VCXRFNetwork@@@ATL@@UAGKXZ 1000e540 f i XRFNetwork.obj
 0001:0000d560       ?AddRef@?$CComObject@VCXRFNetwork@@@ATL@@UAGKXZ 1000e560 f i XRFNetwork.obj
 0001:0000d580       ?CheckVersion@CXRFNetwork@@UAGJPAHI@Z 1000e580 f   XRFNetwork.obj
 0001:0000d6f0       ?CloseSmallCamera@CXRFNetwork@@UAGJXZ 1000e6f0 f   XRFNetwork.obj
 0001:0000d760       ?Connect@CXRFNetwork@@UAGJPBEG@Z 1000e760 f   XRFNetwork.obj
 0001:0000d810       ?ConnectRemoteServer@CXRFNetwork@@UAGJPBEG@Z 1000e810 f   XRFNetwork.obj
 0001:0000d8c0       ?ConsolePrint@CXRFNetwork@@UAGJPBE@Z 1000e8c0 f   XRFNetwork.obj
 0001:0000d940       ?CreateInstance@?$CComCreator@V?$CComAggObject@VCXRFNetwork@@@ATL@@@ATL@@SGJPAXABU_GUID@@PAPAX@Z 1000e940 f i XRFNetwork.obj
 0001:0000da60       ?CreateInstance@?$CComCreator@V?$CComObject@VCXRFNetwork@@@ATL@@@ATL@@SGJPAXABU_GUID@@PAPAX@Z 1000ea60 f i XRFNetwork.obj
 0001:0000dbb0       ?Disconnect@CXRFNetwork@@UAGJXZ 1000ebb0 f   XRFNetwork.obj
 0001:0000dbd0       ?DisconnectRemoteServer@CXRFNetwork@@UAGJXZ 1000ebd0 f   XRFNetwork.obj
 0001:0000dbf0       ?FinalConstruct@CXRFNetwork@@QAEJXZ 1000ebf0 f   XRFNetwork.obj
 0001:0000dec0       ?FinalRelease@CXRFNetwork@@QAEXXZ 1000eec0 f   XRFNetwork.obj
 0001:0000e0a0       ?GainLargeCameraLight@CXRFNetwork@@UAGJXZ 1000f0a0 f   XRFNetwork.obj
 0001:0000e110       ?GainSmallCameraLight@CXRFNetwork@@UAGJXZ 1000f110 f   XRFNetwork.obj
 0001:0000e180       ?GetApparatus@CXRFNetwork@@UAGJPAPAUIApparatus@@@Z 1000f180 f   XRFNetwork.obj
 0001:0000e200       ?GetDetector@CXRFNetwork@@UAGJPAPAUIDetector@@@Z 1000f200 f   XRFNetwork.obj
 0001:0000e280       ?GetElectromagnet@CXRFNetwork@@UAGJPAPAUIElectromagnet@@@Z 1000f280 f   XRFNetwork.obj
 0001:0000e300       ?GetHeightLaser@CXRFNetwork@@UAGJPAPAUIHeightLaser@@@Z 1000f300 f   XRFNetwork.obj
 0001:0000e380       ?GetHighVotage@CXRFNetwork@@UAGJPAPAUIHighVoltage@@@Z 1000f380 f   XRFNetwork.obj
 0001:0000e400       ?GetIDsOfNames@?$IDispatchImpl@UIXRFNetwork@@$1?IID_IXRFNetwork@@3U_GUID@@B$1?LIBID_XRFNetLib@@3U3@B$00$0A@VCComTypeInfoHolder@ATL@@@ATL@@UAGJABU_GUID@@PAPA_WIKPAJ@Z 1000f400 f i XRFNetwork.obj
 0001:0000e420       ?GetLastError@CXRFNetwork@@EAEPB_WXZ 1000f420 f i XRFNetwork.obj
 0001:0000e430       ?GetMotor@CXRFNetwork@@UAGJPAPAUIMotorControl@@@Z 1000f430 f   XRFNetwork.obj
 0001:0000e4b0       ?GetRayTube@CXRFNetwork@@UAGJPAPAUIXRFRayTube@@@Z 1000f4b0 f   XRFNetwork.obj
 0001:0000e530       ?GetSurfaceSource@CXRFNetwork@@UAGJPAPAUISurfaceSource@@@Z 1000f530 f   XRFNetwork.obj
[...]
 0003:00006684       __unwindtable$??$_Insert_nohint@AAU?$pair@$$CBV?$basic_string@_WU?$char_traits@_W@std@@V?$allocator@_W@2@@std@@PAV?$list@PAVIEventListener@@V?$allocator@PAVIEventListener@@@std@@@2@@std@@PAU?$_Tree_node@U?$pair@$$CBV?$basic_string@_WU?$char_traits@_W@std@@V?$allocator@_W@2@@std@@PAV?$list@PAVIEventListener@@V?$allocator@PAVIEventListener@@@std@@@2@@std@@PAX@2@@?$_Tree@V?$_Tmap_traits@V?$basic_string@_WU?$char_traits@_W@std@@V?$allocator@_W@2@@std@@PAV?$list@PAVIEventListener@@V?$allocator@PAVIEventListener@@@std@@@2@U?$less@V?$basic_string@_WU?$char_traits@_W@std@@V?$allocator@_W@2@@std@@@2@V?$allocator@U?$pair@$$CBV?$basic_string@_WU?$char_traits@_W@std@@V?$allocator@_W@2@@std@@PAV?$list@PAVIEventListener@@V?$allocator@PAVIEventListener@@@std@@@2@@std@@@2@$0A@@std@@@std@@IAE?AU?$pair@V?$_Tree_iterator@V?$_Tree_val@U?$_Tree_simple_types@U?$pair@$$CBV?$basic_string@_WU?$char_traits@_W@std@@V?$allocator@_W@2@@std@@PAV?$list@PAVIEventListener@@V?$allocator@PAVIEventListener@@@std@@@2@@std@@@std@@@std@@@std@@_N@1@_NAAU?$pair@$$CBV?$basic_string@_WU?$char_traits@_W@std@@V?$allocator@_W@2@@std@@PAV?$list@PAVIEventListener@@V?$allocator@PAVIEventListener@@@std@@@2@@1@PAU?$_Tree_node@U?$pair@$$CBV?$basic_string@_WU?$char_traits@_W@std@@V?$allocator@_W@2@@std@@PAV?$list@PAVIEventListener@@V?$allocator@PAVIEventListener@@@std@@@2@@std@@PAX@1@@Z 1001c684     EventMgr.obj
 0003:000066ac       __catchsym$?CreateInstance@?$CComCreator@V?$CComObject@VCHeightLaser@@@ATL@@@ATL@@SGJPAXABU_GUID@@PAPAX@Z$3 1001c6ac     HeightLaser.obj
 0003:000066bc       __tryblocktable$?CreateInstance@?$CComCreator@V?$CComObject@VCHeightLaser@@@ATL@@@ATL@@SGJPAXABU_GUID@@PAPAX@Z 1001c6bc     HeightLaser.obj
 0003:000066d0       __unwindtable$?CreateInstance@?$CComCreator@V?$CComObject@VCHeightLaser@@@ATL@@@ATL@@SGJPAXABU_GUID@@PAPAX@Z 1001c6d0     HeightLaser.obj
 0003:000066e8       __ehfuncinfo$?CreateInstance@?$CComCreator@V?$CComObject@VCHeightLaser@@@ATL@@@ATL@@SGJPAXABU_GUID@@PAPAX@Z 1001c6e8     HeightLaser.obj
 0003:0000670c       __catchsym$?CreateInstance@?$CComCreator@V?$CComAggObject@VCHeightLaser@@@ATL@@@ATL@@SGJPAXABU_GUID@@PAPAX@Z$3 1001c70c     HeightLaser.obj
 0003:0000671c       __tryblocktable$?CreateInstance@?$CComCreator@V?$CComAggObject@VCHeightLaser@@@ATL@@@ATL@@SGJPAXABU_GUID@@PAPAX@Z 1001c71c     HeightLaser.obj
 0003:00006730       __unwindtable$?CreateInstance@?$CComCreator@V?$CComAggObject@VCHeightLaser@@@ATL@@@ATL@@SGJPAXABU_GUID@@PAPAX@Z 1001c730     HeightLaser.obj
 0003:00006748       __ehfuncinfo$?CreateInstance@?$CComCreator@V?$CComAggObject@VCHeightLaser@@@ATL@@@ATL@@SGJPAXABU_GUID@@PAPAX@Z 1001c748     HeightLaser.obj
 0003:0000676c       __unwindtable$??0?$CComAggObject@VCHeightLaser@@@ATL@@QAE@PAX@Z 1001c76c     HeightLaser.obj
 0003:00006774       __ehfuncinfo$??0?$CComAggObject@VCHeightLaser@@@ATL@@QAE@PAX@Z 1001c774     HeightLaser.obj
 0003:00006798       __unwindtable$??0?$CComObject@VCHeightLaser@@@ATL@@QAE@PAX@Z 1001c798     HeightLaser.obj
 0003:000067a0       __ehfuncinfo$??0?$CComObject@VCHeightLaser@@@ATL@@QAE@PAX@Z 1001c7a0     HeightLaser.obj
 0003:000067c4       __catchsym$?CreateInstance@?$CComCreator@V?$CComObject@VCHighVoltage@@@ATL@@@ATL@@SGJPAXABU_GUID@@PAPAX@Z$3 1001c7c4     HighVoltage.obj
 0003:000067d4       __tryblocktable$?CreateInstance@?$CComCreator@V?$CComObject@VCHighVoltage@@@ATL@@@ATL@@SGJPAXABU_GUID@@PAPAX@Z 1001c7d4     HighVoltage.obj
 0003:000067e8       __unwindtable$?CreateInstance@?$CComCreator@V?$CComObject@VCHighVoltage@@@ATL@@@ATL@@SGJPAXABU_GUID@@PAPAX@Z 1001c7e8     HighVoltage.obj
 0003:00006800       __ehfuncinfo$?CreateInstance@?$CComCreator@V?$CComObject@VCHighVoltage@@@ATL@@@ATL@@SGJPAXABU_GUID@@PAPAX@Z 1001c800     HighVoltage.obj
 0003:00006824       __catchsym$?CreateInstance@?$CComCreator@V?$CComAggObject@VCHighVoltage@@@ATL@@@ATL@@SGJPAXABU_GUID@@PAPAX@Z$3 1001c824     HighVoltage.obj
 0003:00006834       __tryblocktable$?CreateInstance@?$CComCreator@V?$CComAggObject@VCHighVoltage@@@ATL@@@ATL@@SGJPAXABU_GUID@@PAPAX@Z 1001c834     HighVoltage.obj
 0003:00006848       __unwindtable$?CreateInstance@?$CComCreator@V?$CComAggObject@VCHighVoltage@@@ATL@@@ATL@@SGJPAXABU_GUID@@PAPAX@Z 1001c848     HighVoltage.obj
 0003:00006860       __ehfuncinfo$?CreateInstance@?$CComCreator@V?$CComAggObject@VCHighVoltage@@@ATL@@@ATL@@SGJPAXABU_GUID@@PAPAX@Z 1001c860     HighVoltage.obj
 0003:00006884       __unwindtable$??0?$CComAggObject@VCHighVoltage@@@ATL@@QAE@PAX@Z 1001c884     HighVoltage.obj
 0003:0000688c       __ehfuncinfo$??0?$CComAggObject@VCHighVoltage@@@ATL@@QAE@PAX@Z 1001c88c     HighVoltage.obj
 0003:000068b0       __unwindtable$??0?$CComObject@VCHighVoltage@@@ATL@@QAE@PAX@Z 1001c8b0     HighVoltage.obj
 0003:000068b8       __ehfuncinfo$??0?$CComObject@VCHighVoltage@@@ATL@@QAE@PAX@Z 1001c8b8     HighVoltage.obj
 0003:000068dc       __catchsym$?CreateInstance@?$CComCreator@V?$CComObject@VCMotorControl@@@ATL@@@ATL@@SGJPAXABU_GUID@@PAPAX@Z$3 1001c8dc     MotorControl.obj
 0003:000068ec       __tryblocktable$?CreateInstance@?$CComCreator@V?$CComObject@VCMotorControl@@@ATL@@@ATL@@SGJPAXABU_GUID@@PAPAX@Z 1001c8ec     MotorControl.obj
 0003:00006900       __unwindtable$?CreateInstance@?$CComCreator@V?$CComObject@VCMotorControl@@@ATL@@@ATL@@SGJPAXABU_GUID@@PAPAX@Z 1001c900     MotorControl.obj
 0003:00006918       __ehfuncinfo$?CreateInstance@?$CComCreator@V?$CComObject@VCMotorControl@@@ATL@@@ATL@@SGJPAXABU_GUID@@PAPAX@Z 1001c918     MotorControl.obj
 0003:0000693c       __catchsym$?CreateInstance@?$CComCreator@V?$CComAggObject@VCMotorControl@@@ATL@@@ATL@@SGJPAXABU_GUID@@PAPAX@Z$5 1001c93c     MotorControl.obj
 0003:0000694c       __tryblocktable$?CreateInstance@?$CComCreator@V?$CComAggObject@VCMotorControl@@@ATL@@@ATL@@SGJPAXABU_GUID@@PAPAX@Z 1001c94c     MotorControl.obj
 0003:00006960       __unwindtable$?CreateInstance@?$CComCreator@V?$CComAggObject@VCMotorControl@@@ATL@@@ATL@@SGJPAXABU_GUID@@PAPAX@Z 1001c960     MotorControl.obj
 0003:00006980       __ehfuncinfo$?CreateInstance@?$CComCreator@V?$CComAggObject@VCMotorControl@@@ATL@@@ATL@@SGJPAXABU_GUID@@PAPAX@Z 1001c980     MotorControl.obj
 0003:000069a4       __unwindtable$??0?$CComObject@VCMotorControl@@@ATL@@QAE@PAX@Z 1001c9a4     MotorControl.obj
 0003:000069ac       __ehfuncinfo$??0?$CComObject@VCMotorControl@@@ATL@@QAE@PAX@Z 1001c9ac     MotorControl.obj
 0003:000069d0       __catchsym$?CreateInstance@?$CComCreator@V?$CComObject@VCSurfaceSource@@@ATL@@@ATL@@SGJPAXABU_GUID@@PAPAX@Z$3 1001c9d0     SurfaceSource.obj
 0003:000069e0       __tryblocktable$?CreateInstance@?$CComCreator@V?$CComObject@VCSurfaceSource@@@ATL@@@ATL@@SGJPAXABU_GUID@@PAPAX@Z 1001c9e0     SurfaceSource.obj
 0003:000069f4       __unwindtable$?CreateInstance@?$CComCreator@V?$CComObject@VCSurfaceSource@@@ATL@@@ATL@@SGJPAXABU_GUID@@PAPAX@Z 1001c9f4     SurfaceSource.obj
 0003:00006a0c       __ehfuncinfo$?CreateInstance@?$CComCreator@V?$CComObject@VCSurfaceSource@@@ATL@@@ATL@@SGJPAXABU_GUID@@PAPAX@Z 1001ca0c     SurfaceSource.obj
 0003:00006a30       __catchsym$?CreateInstance@?$CComCreator@V?$CComAggObject@VCSurfaceSource@@@ATL@@@ATL@@SGJPAXABU_GUID@@PAPAX@Z$3 1001ca30     SurfaceSource.obj
 0003:00006a40       __tryblocktable$?CreateInstance@?$CComCreator@V?$CComAggObject@VCSurfaceSource@@@ATL@@@ATL@@SGJPAXABU_GUID@@PAPAX@Z 1001ca40     SurfaceSource.obj
 0003:00006a54       __unwindtable$?CreateInstance@?$CComCreator@V?$CComAggObject@VCSurfaceSource@@@ATL@@@ATL@@SGJPAXABU_GUID@@PAPAX@Z 1001ca54     SurfaceSource.obj
 0003:00006a6c       __ehfuncinfo$?CreateInstance@?$CComCreator@V?$CComAggObject@VCSurfaceSource@@@ATL@@@ATL@@SGJPAXABU_GUID@@PAPAX@Z 1001ca6c     SurfaceSource.obj
 0003:00006a90       __unwindtable$??0?$CComAggObject@VCSurfaceSource@@@ATL@@QAE@PAX@Z 1001ca90     SurfaceSource.obj
 0003:00006a98       __ehfuncinfo$??0?$CComAggObject@VCSurfaceSource@@@ATL@@QAE@PAX@Z 1001ca98     SurfaceSource.obj
 0003:00006abc       __unwindtable$??0?$CComObject@VCSurfaceSource@@@ATL@@QAE@PAX@Z 1001cabc     SurfaceSource.obj
 0003:00006ac4       __ehfuncinfo$??0?$CComObject@VCSurfaceSource@@@ATL@@QAE@PAX@Z 1001cac4     SurfaceSource.obj
 0003:00006ae8       __catchsym$?CreateInstance@?$CComCreator@V?$CComObject@VCVacuumPump@@@ATL@@@ATL@@SGJPAXABU_GUID@@PAPAX@Z$3 1001cae8     VacuumPump.obj
 0003:00006af8       __tryblocktable$?CreateInstance@?$CComCreator@V?$CComObject@VCVacuumPump@@@ATL@@@ATL@@SGJPAXABU_GUID@@PAPAX@Z 1001caf8     VacuumPump.obj
 0003:00006b0c       __unwindtable$?CreateInstance@?$CComCreator@V?$CComObject@VCVacuumPump@@@ATL@@@ATL@@SGJPAXABU_GUID@@PAPAX@Z 1001cb0c     VacuumPump.obj
 0003:00006b24       __ehfuncinfo$?CreateInstance@?$CComCreator@V?$CComObject@VCVacuumPump@@@ATL@@@ATL@@SGJPAXABU_GUID@@PAPAX@Z 1001cb24     VacuumPump.obj
 0003:00006b48       __catchsym$?CreateInstance@?$CComCreator@V?$CComAggObject@VCVacuumPump@@@ATL@@@ATL@@SGJPAXABU_GUID@@PAPAX@Z$5 1001cb48     VacuumPump.obj
 0003:00006b58       __tryblocktable$?CreateInstance@?$CComCreator@V?$CComAggObject@VCVacuumPump@@@ATL@@@ATL@@SGJPAXABU_GUID@@PAPAX@Z 1001cb58     VacuumPump.obj
 0003:00006b6c       __unwindtable$?CreateInstance@?$CComCreator@V?$CComAggObject@VCVacuumPump@@@ATL@@@ATL@@SGJPAXABU_GUID@@PAPAX@Z 1001cb6c     VacuumPump.obj
 0003:00006b8c       __ehfuncinfo$?CreateInstance@?$CComCreator@V?$CComAggObject@VCVacuumPump@@@ATL@@@ATL@@SGJPAXABU_GUID@@PAPAX@Z 1001cb8c     VacuumPump.obj
 0003:00006bb0       __unwindtable$??0?$CComObject@VCVacuumPump@@@ATL@@QAE@PAX@Z 1001cbb0     VacuumPump.obj
 0003:00006bb8       __ehfuncinfo$??0?$CComObject@VCVacuumPump@@@ATL@@QAE@PAX@Z 1001cbb8     VacuumPump.obj
 0003:00006bdc       __ehfuncinfo$?AtlRegisterClassCategoriesHelper@ATL@@YGJABU_GUID@@PBU_ATL_CATMAP_ENTRY@1@H@Z 1001cbdc     XRFNet.obj
 0003:00006c00       __unwindtable$?AtlRegisterClassCategoriesHelper@ATL@@YGJABU_GUID@@PBU_ATL_CATMAP_ENTRY@1@H@Z 1001cc00     XRFNet.obj
 0003:00006c30       __unwindtable$?AtlRegisterTypeLib@ATL@@YGJPAUHINSTANCE__@@PB_W@Z 1001cc30     XRFNet.obj
 0003:00006c40       __ehfuncinfo$?AtlRegisterTypeLib@ATL@@YGJPAUHINSTANCE__@@PB_W@Z 1001cc40     XRFNet.obj
 0003:00006c64       __unwindtable$?AtlUnRegisterTypeLib@ATL@@YGJPAUHINSTANCE__@@PB_W@Z 1001cc64     XRFNet.obj
 0003:00006c74       __ehfuncinfo$?AtlUnRegisterTypeLib@ATL@@YGJPAUHINSTANCE__@@PB_W@Z 1001cc74     XRFNet.obj
 0003:00006c98       __unwindtable$?FinalConstruct@CXRFNetwork@@QAEJXZ 1001cc98     XRFNetwork.obj
 0003:00006ca0       __ehfuncinfo$?FinalConstruct@CXRFNetwork@@QAEJXZ 1001cca0     XRFNetwork.obj
 0003:00006cc4       __catchsym$?CreateInstance@?$CComCreator@V?$CComObject@VCXRFNetwork@@@ATL@@@ATL@@SGJPAXABU_GUID@@PAPAX@Z$4 1001ccc4     XRFNetwork.obj
 0003:00006cd4       __tryblocktable$?CreateInstance@?$CComCreator@V?$CComObject@VCXRFNetwork@@@ATL@@@ATL@@SGJPAXABU_GUID@@PAPAX@Z 1001ccd4     XRFNetwork.obj
 0003:00006ce8       __unwindtable$?CreateInstance@?$CComCreator@V?$CComObject@VCXRFNetwork@@@ATL@@@ATL@@SGJPAXABU_GUID@@PAPAX@Z 1001cce8     XRFNetwork.obj
 0003:00006d08       __ehfuncinfo$?CreateInstance@?$CComCreator@V?$CComObject@VCXRFNetwork@@@ATL@@@ATL@@SGJPAXABU_GUID@@PAPAX@Z 1001cd08     XRFNetwork.obj
 0003:00006d2c       __catchsym$?CreateInstance@?$CComCreator@V?$CComAggObject@VCXRFNetwork@@@ATL@@@ATL@@SGJPAXABU_GUID@@PAPAX@Z$3 1001cd2c     XRFNetwork.obj
 0003:00006d3c       __tryblocktable$?CreateInstance@?$CComCreator@V?$CComAggObject@VCXRFNetwork@@@ATL@@@ATL@@SGJPAXABU_GUID@@PAPAX@Z 1001cd3c     XRFNetwork.obj
 0003:00006d50       __unwindtable$?CreateInstance@?$CComCreator@V?$CComAggObject@VCXRFNetwork@@@ATL@@@ATL@@SGJPAXABU_GUID@@PAPAX@Z 1001cd50     XRFNetwork.obj
 0003:00006d68       __ehfuncinfo$?CreateInstance@?$CComCreator@V?$CComAggObject@VCXRFNetwork@@@ATL@@@ATL@@SGJPAXABU_GUID@@PAPAX@Z 1001cd68     XRFNetwork.obj
 0003:00006d8c       __unwindtable$??0?$CComAggObject@VCXRFNetwork@@@ATL@@QAE@PAX@Z 1001cd8c     XRFNetwork.obj
 0003:00006d94       __ehfuncinfo$??0?$CComAggObject@VCXRFNetwork@@@ATL@@QAE@PAX@Z 1001cd94     XRFNetwork.obj
 0003:00006db8       __catchsym$?CreateInstance@?$CComCreator@V?$CComObject@VCXRFRayTube@@@ATL@@@ATL@@SGJPAXABU_GUID@@PAPAX@Z$3 1001cdb8     XRFRayTube.obj
 0003:00006dc8       __tryblocktable$?CreateInstance@?$CComCreator@V?$CComObject@VCXRFRayTube@@@ATL@@@ATL@@SGJPAXABU_GUID@@PAPAX@Z 1001cdc8     XRFRayTube.obj
 0003:00006ddc       __unwindtable$?CreateInstance@?$CComCreator@V?$CComObject@VCXRFRayTube@@@ATL@@@ATL@@SGJPAXABU_GUID@@PAPAX@Z 1001cddc     XRFRayTube.obj
 0003:00006df4       __ehfuncinfo$?CreateInstance@?$CComCreator@V?$CComObject@VCXRFRayTube@@@ATL@@@ATL@@SGJPAXABU_GUID@@PAPAX@Z 1001cdf4     XRFRayTube.obj
 0003:00006e18       __catchsym$?CreateInstance@?$CComCreator@V?$CComAggObject@VCXRFRayTube@@@ATL@@@ATL@@SGJPAXABU_GUID@@PAPAX@Z$5 1001ce18     XRFRayTube.obj
 0003:00006e28       __tryblocktable$?CreateInstance@?$CComCreator@V?$CComAggObject@VCXRFRayTube@@@ATL@@@ATL@@SGJPAXABU_GUID@@PAPAX@Z 1001ce28     XRFRayTube.obj
 0003:00006e3c       __unwindtable$?CreateInstance@?$CComCreator@V?$CComAggObject@VCXRFRayTube@@@ATL@@@ATL@@SGJPAXABU_GUID@@PAPAX@Z 1001ce3c     XRFRayTube.obj
 0003:00006e5c       __ehfuncinfo$?CreateInstance@?$CComCreator@V?$CComAggObject@VCXRFRayTube@@@ATL@@@ATL@@SGJPAXABU_GUID@@PAPAX@Z 1001ce5c     XRFRayTube.obj
 0003:00006e80       __unwindtable$??0?$CComObject@VCXRFRayTube@@@ATL@@QAE@PAX@Z 1001ce80     XRFRayTube.obj
 0003:00006e88       __ehfuncinfo$??0?$CComObject@VCXRFRayTube@@@ATL@@QAE@PAX@Z 1001ce88     XRFRayTube.obj
 0003:00006eb0       __sehtable$??_L@YGXPAXIIP6EX0@Z1@Z 1001ceb0     MSVCRT:ehvecctr.obj
 0003:00006ed0       __sehtable$??_M@YGXPAXIIP6EX0@Z@Z 1001ced0     MSVCRT:ehvecdtr.obj
 0003:00006ef0       __sehtable$?__ArrayUnwind@@YGXPAXIIP6EX0@Z@Z 1001cef0     MSVCRT:ehvecdtr.obj
 0003:00006f0c       __catchsym$??2@YAPAXIABUnothrow_t@std@@@Z$2 1001cf0c     MSVCRT:new_scalar_nothrow.obj
 0003:00006f1c       __unwindtable$??2@YAPAXIABUnothrow_t@std@@@Z 1001cf1c     MSVCRT:new_scalar_nothrow.obj
 0003:00006f2c       __tryblocktable$??2@YAPAXIABUnothrow_t@std@@@Z 1001cf2c     MSVCRT:new_scalar_nothrow.obj
 0003:00006f40       __ehfuncinfo$??2@YAPAXIABUnothrow_t@std@@@Z 1001cf40     MSVCRT:new_scalar_nothrow.obj
 0003:00006f68       __sehtable$___scrt_is_nonwritable_in_current_image 1001cf68     MSVCRT:utility.obj
 0003:00006f88       __sehtable$?dllmain_crt_process_attach@@YAHQAUHINSTANCE__@@QAX@Z 1001cf88     MSVCRT:dll_dllmain.obj
 0003:00006fa8       __sehtable$?dllmain_crt_process_detach@@YAH_N@Z 1001cfa8     MSVCRT:dll_dllmain.obj
 0003:00006fc8       __sehtable$?dllmain_dispatch@@YAHQAUHINSTANCE__@@KQAX@Z 1001cfc8     MSVCRT:dll_dllmain.obj
 0003:000070b0       .edata                     1001d0b0     XRFNet.exp
 0003:000070d8       rgpv                       1001d0d8     XRFNet.exp
 0003:000070ec       rgszName                   1001d0ec     XRFNet.exp
 0003:00007100       rgwOrd                     1001d100     XRFNet.exp
 0003:0000710a       szName                     1001d10a     XRFNet.exp
 0003:00007115       $N00001                    1001d115     XRFNet.exp
 0003:00007125       $N00002                    1001d125     XRFNet.exp
 0003:00007137       $N00003                    1001d137     XRFNet.exp
 0003:00007142       $N00004                    1001d142     XRFNet.exp
 0003:00007154       $N00005                    1001d154     XRFNet.exp
 0003:0000774a       .idata$6                   1001d74a     kernel32:KERNEL32.dll
 0003:000077ba       .idata$6                   1001d7ba     user32:USER32.dll
 0003:0000784e       .idata$6                   1001d84e     advapi32:ADVAPI32.dll
 0003:000078b8       .idata$6                   1001d8b8     ole32:ole32.dll
 0003:000078c2       .idata$6                   1001d8c2     oleaut32:OLEAUT32.dll
 0003:0000792a       .idata$6                   1001d92a     msvcprt:MSVCP140.dll
 0003:00007938       .idata$6                   1001d938     Ws2_32:WS2_32.dll
 0003:00007b8a       .idata$6                   1001db8a     rpcrt4:RPCRT4.dll
 0003:00007ce8       .idata$6                   1001dce8     vcruntime:VCRUNTIME140.dll
 0003:00007e8c       .idata$6                   1001de8c     ucrt:api-ms-win-crt-runtime-l1-1-0.dll
 0003:00007eae       .idata$6                   1001deae     ucrt:api-ms-win-crt-heap-l1-1-0.dll
 0003:00007ece       .idata$6                   1001dece     ucrt:api-ms-win-crt-string-l1-1-0.dll
 0003:00007ef0       .idata$6                   1001def0     ucrt:api-ms-win-crt-stdio-l1-1-0.dll
 0003:00007f10       .idata$6                   1001df10     ucrt:api-ms-win-crt-math-l1-1-0.dll
 0004:00002288       _GS_ExceptionRecord        10021288     MSVCRT:gs_report.obj
 0004:000022d8       _GS_ContextRecord          100212d8     MSVCRT:gs_report.obj
 0004:000025a4       ?_Tss_mutex@@3U_RTL_CRITICAL_SECTION@@A 100215a4     MSVCRT:thread_safe_statics.obj
 0004:000025bc       ?_Tss_cv@@3U_RTL_CONDITION_VARIABLE@@A 100215bc     MSVCRT:thread_safe_statics.obj
 0004:000025c0       ?_Tss_event@@3PAXA         100215c0     MSVCRT:thread_safe_statics.obj
 0004:000025c4       ?encoded_sleep_condition_variable_cs@@3P6GHPAU_RTL_CONDITION_VARIABLE@@PAU_RTL_CRITICAL_SECTION@@K@ZA 100215c4     MSVCRT:thread_safe_statics.obj
 0004:000025c8       ?encoded_wake_all_condition_variable@@3P6GXPAU_RTL_CONDITION_VARIABLE@@@ZA 100215c8     MSVCRT:thread_safe_statics.obj
 0004:000025d8       ?module_local_atexit_table@@3U_onexit_table_t@@A 100215d8     MSVCRT:utility.obj
 0004:000025e4       ?module_local_at_quick_exit_table@@3U_onexit_table_t@@A 100215e4     MSVCRT:utility.obj
 0004:000025f0       ?is_initialized_as_dll@@3_NA 100215f0     MSVCRT:utility.obj
 0004:000025f4       ?__proc_attached@@3HA      100215f4     MSVCRT:dll_dllmain.obj
 0006:000003b0       $R000000                   100233b0     XRFNet.res
 0006:00000630       $R000280                   10023630     XRFNet.res
 0006:00000890       $R0004E0                   10023890     XRFNet.res
 0006:00000af0       $R000740                   10023af0     XRFNet.res
 0006:00000d48       $R000998                   10023d48     XRFNet.res
 0006:00000fb0       $R000C00                   10023fb0     XRFNet.res
 0006:00001220       $R000E70                   10024220     XRFNet.res
 0006:00001498       $R0010E8                   10024498     XRFNet.res
 0006:00001708       $R001358                   10024708     XRFNet.res
 0006:00001948       $R001598                   10024948     XRFNet.res
 0006:00001ba0       $R0017F0                   10024ba0     XRFNet.res
 0006:00001df0       $R001A40                   10024df0     XRFNet.res
 0006:00001e68       $R001AB8                   10024e68     XRFNet.res
 0006:00002198       $R001DE8                   10025198     XRFNet.res
 0006:00005ec0       $R005B10                   10028ec0     XRFNet.res
 0006:00005ef0       $R005B40                   10028ef0     XRFNet.res

 Exports

  ordinal    name

        1    _DllCanUnloadNow@0
               exported name: DllCanUnloadNow
        2    _DllGetClassObject@12
               exported name: DllGetClassObject
        3    _DllInstall@8
               exported name: DllInstall
        4    _DllRegisterServer@0
               exported name: DllRegisterServer
        5    _DllUnregisterServer@0
               exported name: DllUnregisterServer
